<!doctype html public "-//w3c//dtd html 4.0 transitional//en">
<html><head>
<title>Static Call Graph - [.\Objects\Hoverboard.axf]</title></head>
<body><HR>
<H1>Static Call Graph for image .\Objects\Hoverboard.axf</H1><HR>
<BR><P>#&#060CALLGRAPH&#062# ARM Linker, 6190004: Last Updated: Thu Mar 30 15:32:39 2023
<BR><P>
<H3>Maximum Stack Usage =          0 bytes + Unknown(Cycles, Untraceable Function Pointers)</H3><H3>
Call chain for Maximum Stack Depth:</H3>

<P>
<H3>
Mutually Recursive functions
</H3> <LI><a href="#[2]">HardFault_Handler</a>&nbsp;&nbsp;&nbsp;&rArr;&nbsp;&nbsp;&nbsp;<a href="#[2]">HardFault_Handler</a><BR>
 <LI><a href="#[3]">MemManage_Handler</a>&nbsp;&nbsp;&nbsp;&rArr;&nbsp;&nbsp;&nbsp;<a href="#[3]">MemManage_Handler</a><BR>
 <LI><a href="#[4]">BusFault_Handler</a>&nbsp;&nbsp;&nbsp;&rArr;&nbsp;&nbsp;&nbsp;<a href="#[4]">BusFault_Handler</a><BR>
 <LI><a href="#[5]">UsageFault_Handler</a>&nbsp;&nbsp;&nbsp;&rArr;&nbsp;&nbsp;&nbsp;<a href="#[5]">UsageFault_Handler</a><BR>
 <LI><a href="#[16]">ADC_CMP_IRQHandler</a>&nbsp;&nbsp;&nbsp;&rArr;&nbsp;&nbsp;&nbsp;<a href="#[16]">ADC_CMP_IRQHandler</a><BR>
</UL>
<P>
<H3>
Function Pointers
</H3><UL>
 <LI><a href="#[16]">ADC_CMP_IRQHandler</a> from startup_gd32f1x0.o(.text) referenced from startup_gd32f1x0.o(RESET)
 <LI><a href="#[4]">BusFault_Handler</a> from it.o(.text) referenced from startup_gd32f1x0.o(RESET)
 <LI><a href="#[2f]">CAN0_RX0_IRQHandler</a> from startup_gd32f1x0.o(.text) referenced from startup_gd32f1x0.o(RESET)
 <LI><a href="#[30]">CAN0_RX1_IRQHandler</a> from startup_gd32f1x0.o(.text) referenced from startup_gd32f1x0.o(RESET)
 <LI><a href="#[31]">CAN0_SCE_IRQHandler</a> from startup_gd32f1x0.o(.text) referenced from startup_gd32f1x0.o(RESET)
 <LI><a href="#[2e]">CAN0_TX_IRQHandler</a> from startup_gd32f1x0.o(.text) referenced from startup_gd32f1x0.o(RESET)
 <LI><a href="#[36]">CAN1_RX0_IRQHandler</a> from startup_gd32f1x0.o(.text) referenced from startup_gd32f1x0.o(RESET)
 <LI><a href="#[37]">CAN1_RX1_IRQHandler</a> from startup_gd32f1x0.o(.text) referenced from startup_gd32f1x0.o(RESET)
 <LI><a href="#[38]">CAN1_SCE_IRQHandler</a> from startup_gd32f1x0.o(.text) referenced from startup_gd32f1x0.o(RESET)
 <LI><a href="#[35]">CAN1_TX_IRQHandler</a> from startup_gd32f1x0.o(.text) referenced from startup_gd32f1x0.o(RESET)
 <LI><a href="#[26]">CEC_IRQHandler</a> from startup_gd32f1x0.o(.text) referenced from startup_gd32f1x0.o(RESET)
 <LI><a href="#[13]">DMA_Channel0_IRQHandler</a> from it.o(.text) referenced from startup_gd32f1x0.o(RESET)
 <LI><a href="#[14]">DMA_Channel1_2_IRQHandler</a> from it.o(.text) referenced from startup_gd32f1x0.o(RESET)
 <LI><a href="#[15]">DMA_Channel3_4_IRQHandler</a> from it.o(.text) referenced from startup_gd32f1x0.o(RESET)
 <LI><a href="#[33]">DMA_Channel5_6_IRQHandler</a> from startup_gd32f1x0.o(.text) referenced from startup_gd32f1x0.o(RESET)
 <LI><a href="#[7]">DebugMon_Handler</a> from it.o(.text) referenced from startup_gd32f1x0.o(RESET)
 <LI><a href="#[f]">EXTI0_1_IRQHandler</a> from startup_gd32f1x0.o(.text) referenced from startup_gd32f1x0.o(RESET)
 <LI><a href="#[10]">EXTI2_3_IRQHandler</a> from startup_gd32f1x0.o(.text) referenced from startup_gd32f1x0.o(RESET)
 <LI><a href="#[11]">EXTI4_15_IRQHandler</a> from startup_gd32f1x0.o(.text) referenced from startup_gd32f1x0.o(RESET)
 <LI><a href="#[d]">FMC_IRQHandler</a> from startup_gd32f1x0.o(.text) referenced from startup_gd32f1x0.o(RESET)
 <LI><a href="#[2]">HardFault_Handler</a> from it.o(.text) referenced from startup_gd32f1x0.o(RESET)
 <LI><a href="#[27]">I2C0_ER_IRQHandler</a> from startup_gd32f1x0.o(.text) referenced from startup_gd32f1x0.o(RESET)
 <LI><a href="#[20]">I2C0_EV_IRQHandler</a> from startup_gd32f1x0.o(.text) referenced from startup_gd32f1x0.o(RESET)
 <LI><a href="#[28]">I2C1_ER_IRQHandler</a> from startup_gd32f1x0.o(.text) referenced from startup_gd32f1x0.o(RESET)
 <LI><a href="#[21]">I2C1_EV_IRQHandler</a> from startup_gd32f1x0.o(.text) referenced from startup_gd32f1x0.o(RESET)
 <LI><a href="#[2a]">I2C2_ER_IRQHandler</a> from startup_gd32f1x0.o(.text) referenced from startup_gd32f1x0.o(RESET)
 <LI><a href="#[29]">I2C2_EV_IRQHandler</a> from startup_gd32f1x0.o(.text) referenced from startup_gd32f1x0.o(RESET)
 <LI><a href="#[b]">LVD_IRQHandler</a> from startup_gd32f1x0.o(.text) referenced from startup_gd32f1x0.o(RESET)
 <LI><a href="#[3]">MemManage_Handler</a> from it.o(.text) referenced from startup_gd32f1x0.o(RESET)
 <LI><a href="#[1]">NMI_Handler</a> from it.o(.text) referenced from startup_gd32f1x0.o(RESET)
 <LI><a href="#[8]">PendSV_Handler</a> from it.o(.text) referenced from startup_gd32f1x0.o(RESET)
 <LI><a href="#[e]">RCU_IRQHandler</a> from startup_gd32f1x0.o(.text) referenced from startup_gd32f1x0.o(RESET)
 <LI><a href="#[c]">RTC_IRQHandler</a> from startup_gd32f1x0.o(.text) referenced from startup_gd32f1x0.o(RESET)
 <LI><a href="#[0]">Reset_Handler</a> from startup_gd32f1x0.o(.text) referenced from startup_gd32f1x0.o(RESET)
 <LI><a href="#[32]">SLCD_IRQHandler</a> from startup_gd32f1x0.o(.text) referenced from startup_gd32f1x0.o(RESET)
 <LI><a href="#[22]">SPI0_IRQHandler</a> from startup_gd32f1x0.o(.text) referenced from startup_gd32f1x0.o(RESET)
 <LI><a href="#[23]">SPI1_IRQHandler</a> from startup_gd32f1x0.o(.text) referenced from startup_gd32f1x0.o(RESET)
 <LI><a href="#[34]">SPI2_IRQHandler</a> from startup_gd32f1x0.o(.text) referenced from startup_gd32f1x0.o(RESET)
 <LI><a href="#[6]">SVC_Handler</a> from it.o(.text) referenced from startup_gd32f1x0.o(RESET)
 <LI><a href="#[9]">SysTick_Handler</a> from it.o(.text) referenced from startup_gd32f1x0.o(RESET)
 <LI><a href="#[39]">SystemInit</a> from system_gd32f1x0.o(.text) referenced from startup_gd32f1x0.o(.text)
 <LI><a href="#[17]">TIMER0_BRK_UP_TRG_COM_IRQHandler</a> from it.o(.text) referenced from startup_gd32f1x0.o(RESET)
 <LI><a href="#[18]">TIMER0_Channel_IRQHandler</a> from startup_gd32f1x0.o(.text) referenced from startup_gd32f1x0.o(RESET)
 <LI><a href="#[1c]">TIMER13_IRQHandler</a> from it.o(.text) referenced from startup_gd32f1x0.o(RESET)
 <LI><a href="#[1d]">TIMER14_IRQHandler</a> from startup_gd32f1x0.o(.text) referenced from startup_gd32f1x0.o(RESET)
 <LI><a href="#[1e]">TIMER15_IRQHandler</a> from startup_gd32f1x0.o(.text) referenced from startup_gd32f1x0.o(RESET)
 <LI><a href="#[1f]">TIMER16_IRQHandler</a> from startup_gd32f1x0.o(.text) referenced from startup_gd32f1x0.o(RESET)
 <LI><a href="#[19]">TIMER1_IRQHandler</a> from startup_gd32f1x0.o(.text) referenced from startup_gd32f1x0.o(RESET)
 <LI><a href="#[1a]">TIMER2_IRQHandler</a> from startup_gd32f1x0.o(.text) referenced from startup_gd32f1x0.o(RESET)
 <LI><a href="#[1b]">TIMER5_DAC_IRQHandler</a> from startup_gd32f1x0.o(.text) referenced from startup_gd32f1x0.o(RESET)
 <LI><a href="#[12]">TSI_IRQHandler</a> from startup_gd32f1x0.o(.text) referenced from startup_gd32f1x0.o(RESET)
 <LI><a href="#[24]">USART0_IRQHandler</a> from startup_gd32f1x0.o(.text) referenced from startup_gd32f1x0.o(RESET)
 <LI><a href="#[25]">USART1_IRQHandler</a> from startup_gd32f1x0.o(.text) referenced from startup_gd32f1x0.o(RESET)
 <LI><a href="#[2d]">USBDWakeUp_IRQHandler</a> from startup_gd32f1x0.o(.text) referenced from startup_gd32f1x0.o(RESET)
 <LI><a href="#[2c]">USBD_HP_IRQHandler</a> from startup_gd32f1x0.o(.text) referenced from startup_gd32f1x0.o(RESET)
 <LI><a href="#[2b]">USBD_LP_IRQHandler</a> from startup_gd32f1x0.o(.text) referenced from startup_gd32f1x0.o(RESET)
 <LI><a href="#[5]">UsageFault_Handler</a> from it.o(.text) referenced from startup_gd32f1x0.o(RESET)
 <LI><a href="#[a]">WWDGT_IRQHandler</a> from startup_gd32f1x0.o(.text) referenced from startup_gd32f1x0.o(RESET)
 <LI><a href="#[3a]">__main</a> from __main.o(!!!main) referenced from startup_gd32f1x0.o(.text)
</UL>
<P>
<H3>
Global Symbols
</H3>
<P><STRONG><a name="[3a]"></a>__main</STRONG> (Thumb, 8 bytes, Stack size 0 bytes, __main.o(!!!main))
<BR><BR>[Calls]<UL><LI><a href="#[3c]">&gt;&gt;</a>&nbsp;&nbsp;&nbsp;__rt_entry
<LI><a href="#[3b]">&gt;&gt;</a>&nbsp;&nbsp;&nbsp;__scatterload
</UL>
<BR>[Address Reference Count : 1]<UL><LI> startup_gd32f1x0.o(.text)
</UL>
<P><STRONG><a name="[3b]"></a>__scatterload</STRONG> (Thumb, 0 bytes, Stack size 0 bytes, __scatter.o(!!!scatter))
<BR><BR>[Called By]<UL><LI><a href="#[3a]">&gt;&gt;</a>&nbsp;&nbsp;&nbsp;__main
</UL>

<P><STRONG><a name="[3d]"></a>__scatterload_rt2</STRONG> (Thumb, 44 bytes, Stack size 0 bytes, __scatter.o(!!!scatter), UNUSED)
<BR><BR>[Calls]<UL><LI><a href="#[3c]">&gt;&gt;</a>&nbsp;&nbsp;&nbsp;__rt_entry
</UL>

<P><STRONG><a name="[3e]"></a>__scatterload_copy</STRONG> (Thumb, 26 bytes, Stack size 0 bytes, __scatter_copy.o(!!handler_copy), UNUSED)
<BR><BR>[Calls]<UL><LI><a href="#[3e]">&gt;&gt;</a>&nbsp;&nbsp;&nbsp;__scatterload_copy
</UL>
<BR>[Called By]<UL><LI><a href="#[3e]">&gt;&gt;</a>&nbsp;&nbsp;&nbsp;__scatterload_copy
</UL>

<P><STRONG><a name="[42]"></a>__rt_lib_init</STRONG> (Thumb, 0 bytes, Stack size 0 bytes, libinit.o(.ARM.Collect$$libinit$$00000000))
<BR><BR>[Called By]<UL><LI><a href="#[41]">&gt;&gt;</a>&nbsp;&nbsp;&nbsp;__rt_entry_li
</UL>

<P><STRONG><a name="[47]"></a>__rt_lib_shutdown</STRONG> (Thumb, 0 bytes, Stack size 0 bytes, libshutdown.o(.ARM.Collect$$libshutdown$$00000000))
<BR><BR>[Called By]<UL><LI><a href="#[46]">&gt;&gt;</a>&nbsp;&nbsp;&nbsp;__rt_exit_ls
</UL>

<P><STRONG><a name="[3c]"></a>__rt_entry</STRONG> (Thumb, 0 bytes, Stack size 0 bytes, __rtentry.o(.ARM.Collect$$rtentry$$00000000))
<BR><BR>[Called By]<UL><LI><a href="#[3a]">&gt;&gt;</a>&nbsp;&nbsp;&nbsp;__main
<LI><a href="#[3d]">&gt;&gt;</a>&nbsp;&nbsp;&nbsp;__scatterload_rt2
</UL>

<P><STRONG><a name="[3f]"></a>__rt_entry_sh</STRONG> (Thumb, 0 bytes, Stack size 0 bytes, __rtentry4.o(.ARM.Collect$$rtentry$$00000004))
<BR><BR>[Calls]<UL><LI><a href="#[40]">&gt;&gt;</a>&nbsp;&nbsp;&nbsp;__user_setup_stackheap
</UL>

<P><STRONG><a name="[41]"></a>__rt_entry_li</STRONG> (Thumb, 0 bytes, Stack size 0 bytes, __rtentry2.o(.ARM.Collect$$rtentry$$0000000A))
<BR><BR>[Calls]<UL><LI><a href="#[42]">&gt;&gt;</a>&nbsp;&nbsp;&nbsp;__rt_lib_init
</UL>

<P><STRONG><a name="[43]"></a>__rt_entry_main</STRONG> (Thumb, 0 bytes, Stack size 0 bytes, __rtentry2.o(.ARM.Collect$$rtentry$$0000000D))
<BR><BR>[Calls]<UL><LI><a href="#[45]">&gt;&gt;</a>&nbsp;&nbsp;&nbsp;exit
<LI><a href="#[44]">&gt;&gt;</a>&nbsp;&nbsp;&nbsp;main
</UL>

<P><STRONG><a name="[be]"></a>__rt_exit</STRONG> (Thumb, 0 bytes, Stack size 0 bytes, rtexit.o(.ARM.Collect$$rtexit$$00000000))
<BR><BR>[Called By]<UL><LI><a href="#[45]">&gt;&gt;</a>&nbsp;&nbsp;&nbsp;exit
</UL>

<P><STRONG><a name="[46]"></a>__rt_exit_ls</STRONG> (Thumb, 0 bytes, Stack size 0 bytes, rtexit2.o(.ARM.Collect$$rtexit$$00000003))
<BR><BR>[Calls]<UL><LI><a href="#[47]">&gt;&gt;</a>&nbsp;&nbsp;&nbsp;__rt_lib_shutdown
</UL>

<P><STRONG><a name="[48]"></a>__rt_exit_exit</STRONG> (Thumb, 0 bytes, Stack size 0 bytes, rtexit2.o(.ARM.Collect$$rtexit$$00000004))
<BR><BR>[Calls]<UL><LI><a href="#[49]">&gt;&gt;</a>&nbsp;&nbsp;&nbsp;_sys_exit
</UL>

<P><STRONG><a name="[44]"></a>main</STRONG> (Thumb, 1234 bytes, Stack size 0 bytes, main.o(.text))
<BR><BR>[Calls]<UL><LI><a href="#[5e]">&gt;&gt;</a>&nbsp;&nbsp;&nbsp;__aeabi_fmul
<LI><a href="#[58]">&gt;&gt;</a>&nbsp;&nbsp;&nbsp;__aeabi_i2f
<LI><a href="#[5f]">&gt;&gt;</a>&nbsp;&nbsp;&nbsp;__aeabi_f2iz
<LI><a href="#[61]">&gt;&gt;</a>&nbsp;&nbsp;&nbsp;__aeabi_fdiv
<LI><a href="#[63]">&gt;&gt;</a>&nbsp;&nbsp;&nbsp;__aeabi_fcmplt
<LI><a href="#[67]">&gt;&gt;</a>&nbsp;&nbsp;&nbsp;__aeabi_fcmple
<LI><a href="#[69]">&gt;&gt;</a>&nbsp;&nbsp;&nbsp;__aeabi_fcmpge
<LI><a href="#[60]">&gt;&gt;</a>&nbsp;&nbsp;&nbsp;__aeabi_fsub
<LI><a href="#[62]">&gt;&gt;</a>&nbsp;&nbsp;&nbsp;__aeabi_fadd
<LI><a href="#[59]">&gt;&gt;</a>&nbsp;&nbsp;&nbsp;__aeabi_f2d
<LI><a href="#[5a]">&gt;&gt;</a>&nbsp;&nbsp;&nbsp;__aeabi_dmul
<LI><a href="#[5b]">&gt;&gt;</a>&nbsp;&nbsp;&nbsp;__aeabi_ddiv
<LI><a href="#[68]">&gt;&gt;</a>&nbsp;&nbsp;&nbsp;__aeabi_dcmple
<LI><a href="#[6a]">&gt;&gt;</a>&nbsp;&nbsp;&nbsp;__aeabi_dcmpge
<LI><a href="#[5c]">&gt;&gt;</a>&nbsp;&nbsp;&nbsp;__aeabi_dadd
<LI><a href="#[5d]">&gt;&gt;</a>&nbsp;&nbsp;&nbsp;__aeabi_d2f
<LI><a href="#[6b]">&gt;&gt;</a>&nbsp;&nbsp;&nbsp;ShutOff
<LI><a href="#[66]">&gt;&gt;</a>&nbsp;&nbsp;&nbsp;SendSlave
<LI><a href="#[65]">&gt;&gt;</a>&nbsp;&nbsp;&nbsp;SetPWM
<LI><a href="#[64]">&gt;&gt;</a>&nbsp;&nbsp;&nbsp;SetEnable
<LI><a href="#[57]">&gt;&gt;</a>&nbsp;&nbsp;&nbsp;SendSteerDevice
<LI><a href="#[56]">&gt;&gt;</a>&nbsp;&nbsp;&nbsp;gpio_input_bit_get
<LI><a href="#[55]">&gt;&gt;</a>&nbsp;&nbsp;&nbsp;Delay
<LI><a href="#[54]">&gt;&gt;</a>&nbsp;&nbsp;&nbsp;USART_Steer_COM_init
<LI><a href="#[53]">&gt;&gt;</a>&nbsp;&nbsp;&nbsp;fwdgt_counter_reload
<LI><a href="#[52]">&gt;&gt;</a>&nbsp;&nbsp;&nbsp;PWM_init
<LI><a href="#[51]">&gt;&gt;</a>&nbsp;&nbsp;&nbsp;ADC_init
<LI><a href="#[50]">&gt;&gt;</a>&nbsp;&nbsp;&nbsp;USART_MasterSlave_init
<LI><a href="#[4f]">&gt;&gt;</a>&nbsp;&nbsp;&nbsp;gpio_bit_write
<LI><a href="#[4e]">&gt;&gt;</a>&nbsp;&nbsp;&nbsp;GPIO_init
<LI><a href="#[4d]">&gt;&gt;</a>&nbsp;&nbsp;&nbsp;TimeoutTimer_init
<LI><a href="#[4c]">&gt;&gt;</a>&nbsp;&nbsp;&nbsp;Interrupt_init
<LI><a href="#[4b]">&gt;&gt;</a>&nbsp;&nbsp;&nbsp;Watchdog_init
<LI><a href="#[4a]">&gt;&gt;</a>&nbsp;&nbsp;&nbsp;SystemCoreClockUpdate
</UL>
<BR>[Called By]<UL><LI><a href="#[43]">&gt;&gt;</a>&nbsp;&nbsp;&nbsp;__rt_entry_main
</UL>

<P><STRONG><a name="[6c]"></a>ShowBatteryState</STRONG> (Thumb, 102 bytes, Stack size 0 bytes, main.o(.text), UNUSED)
<BR><BR>[Calls]<UL><LI><a href="#[4f]">&gt;&gt;</a>&nbsp;&nbsp;&nbsp;gpio_bit_write
</UL>

<P><STRONG><a name="[6b]"></a>ShutOff</STRONG> (Thumb, 102 bytes, Stack size 0 bytes, main.o(.text))
<BR><BR>[Calls]<UL><LI><a href="#[6d]">&gt;&gt;</a>&nbsp;&nbsp;&nbsp;usart_deinit
<LI><a href="#[66]">&gt;&gt;</a>&nbsp;&nbsp;&nbsp;SendSlave
<LI><a href="#[65]">&gt;&gt;</a>&nbsp;&nbsp;&nbsp;SetPWM
<LI><a href="#[64]">&gt;&gt;</a>&nbsp;&nbsp;&nbsp;SetEnable
<LI><a href="#[55]">&gt;&gt;</a>&nbsp;&nbsp;&nbsp;Delay
<LI><a href="#[53]">&gt;&gt;</a>&nbsp;&nbsp;&nbsp;fwdgt_counter_reload
<LI><a href="#[4f]">&gt;&gt;</a>&nbsp;&nbsp;&nbsp;gpio_bit_write
</UL>
<BR>[Called By]<UL><LI><a href="#[44]">&gt;&gt;</a>&nbsp;&nbsp;&nbsp;main
</UL>

<P><STRONG><a name="[64]"></a>SetEnable</STRONG> (Thumb, 12 bytes, Stack size 0 bytes, bldc.o(.text))
<BR><BR>[Called By]<UL><LI><a href="#[6b]">&gt;&gt;</a>&nbsp;&nbsp;&nbsp;ShutOff
<LI><a href="#[44]">&gt;&gt;</a>&nbsp;&nbsp;&nbsp;main
</UL>

<P><STRONG><a name="[65]"></a>SetPWM</STRONG> (Thumb, 38 bytes, Stack size 0 bytes, bldc.o(.text))
<BR><BR>[Called By]<UL><LI><a href="#[6b]">&gt;&gt;</a>&nbsp;&nbsp;&nbsp;ShutOff
<LI><a href="#[44]">&gt;&gt;</a>&nbsp;&nbsp;&nbsp;main
</UL>

<P><STRONG><a name="[6e]"></a>CalculateBLDC</STRONG> (Thumb, 860 bytes, Stack size 0 bytes, bldc.o(.text))
<BR><BR>[Calls]<UL><LI><a href="#[75]">&gt;&gt;</a>&nbsp;&nbsp;&nbsp;__aeabi_ui2f
<LI><a href="#[61]">&gt;&gt;</a>&nbsp;&nbsp;&nbsp;__aeabi_fdiv
<LI><a href="#[71]">&gt;&gt;</a>&nbsp;&nbsp;&nbsp;__aeabi_fcmpgt
<LI><a href="#[59]">&gt;&gt;</a>&nbsp;&nbsp;&nbsp;__aeabi_f2d
<LI><a href="#[5a]">&gt;&gt;</a>&nbsp;&nbsp;&nbsp;__aeabi_dmul
<LI><a href="#[6f]">&gt;&gt;</a>&nbsp;&nbsp;&nbsp;__aeabi_ui2d
<LI><a href="#[70]">&gt;&gt;</a>&nbsp;&nbsp;&nbsp;__aeabi_i2d
<LI><a href="#[5c]">&gt;&gt;</a>&nbsp;&nbsp;&nbsp;__aeabi_dadd
<LI><a href="#[5d]">&gt;&gt;</a>&nbsp;&nbsp;&nbsp;__aeabi_d2f
<LI><a href="#[74]">&gt;&gt;</a>&nbsp;&nbsp;&nbsp;timer_channel_output_pulse_value_config
<LI><a href="#[73]">&gt;&gt;</a>&nbsp;&nbsp;&nbsp;timer_automatic_output_disable
<LI><a href="#[72]">&gt;&gt;</a>&nbsp;&nbsp;&nbsp;timer_automatic_output_enable
<LI><a href="#[56]">&gt;&gt;</a>&nbsp;&nbsp;&nbsp;gpio_input_bit_get
<LI><a href="#[4f]">&gt;&gt;</a>&nbsp;&nbsp;&nbsp;gpio_bit_write
</UL>
<BR>[Called By]<UL><LI><a href="#[13]">&gt;&gt;</a>&nbsp;&nbsp;&nbsp;DMA_Channel0_IRQHandler
</UL>

<P><STRONG><a name="[4c]"></a>Interrupt_init</STRONG> (Thumb, 8 bytes, Stack size 0 bytes, setup.o(.text))
<BR><BR>[Calls]<UL><LI><a href="#[76]">&gt;&gt;</a>&nbsp;&nbsp;&nbsp;nvic_priority_group_set
</UL>
<BR>[Called By]<UL><LI><a href="#[44]">&gt;&gt;</a>&nbsp;&nbsp;&nbsp;main
</UL>

<P><STRONG><a name="[4b]"></a>Watchdog_init</STRONG> (Thumb, 56 bytes, Stack size 0 bytes, setup.o(.text))
<BR><BR>[Calls]<UL><LI><a href="#[7b]">&gt;&gt;</a>&nbsp;&nbsp;&nbsp;fwdgt_enable
<LI><a href="#[7a]">&gt;&gt;</a>&nbsp;&nbsp;&nbsp;fwdgt_window_value_config
<LI><a href="#[79]">&gt;&gt;</a>&nbsp;&nbsp;&nbsp;fwdgt_config
<LI><a href="#[78]">&gt;&gt;</a>&nbsp;&nbsp;&nbsp;rcu_all_reset_flag_clear
<LI><a href="#[77]">&gt;&gt;</a>&nbsp;&nbsp;&nbsp;rcu_flag_get
</UL>
<BR>[Called By]<UL><LI><a href="#[44]">&gt;&gt;</a>&nbsp;&nbsp;&nbsp;main
</UL>

<P><STRONG><a name="[4d]"></a>TimeoutTimer_init</STRONG> (Thumb, 92 bytes, Stack size 0 bytes, setup.o(.text))
<BR><BR>[Calls]<UL><LI><a href="#[82]">&gt;&gt;</a>&nbsp;&nbsp;&nbsp;timer_enable
<LI><a href="#[81]">&gt;&gt;</a>&nbsp;&nbsp;&nbsp;timer_interrupt_enable
<LI><a href="#[80]">&gt;&gt;</a>&nbsp;&nbsp;&nbsp;nvic_irq_enable
<LI><a href="#[7f]">&gt;&gt;</a>&nbsp;&nbsp;&nbsp;timer_init
<LI><a href="#[7e]">&gt;&gt;</a>&nbsp;&nbsp;&nbsp;timer_auto_reload_shadow_disable
<LI><a href="#[7d]">&gt;&gt;</a>&nbsp;&nbsp;&nbsp;timer_deinit
<LI><a href="#[7c]">&gt;&gt;</a>&nbsp;&nbsp;&nbsp;rcu_periph_clock_enable
</UL>
<BR>[Called By]<UL><LI><a href="#[44]">&gt;&gt;</a>&nbsp;&nbsp;&nbsp;main
</UL>

<P><STRONG><a name="[4e]"></a>GPIO_init</STRONG> (Thumb, 786 bytes, Stack size 0 bytes, setup.o(.text))
<BR><BR>[Calls]<UL><LI><a href="#[85]">&gt;&gt;</a>&nbsp;&nbsp;&nbsp;gpio_af_set
<LI><a href="#[84]">&gt;&gt;</a>&nbsp;&nbsp;&nbsp;gpio_output_options_set
<LI><a href="#[83]">&gt;&gt;</a>&nbsp;&nbsp;&nbsp;gpio_mode_set
<LI><a href="#[7c]">&gt;&gt;</a>&nbsp;&nbsp;&nbsp;rcu_periph_clock_enable
</UL>
<BR>[Called By]<UL><LI><a href="#[44]">&gt;&gt;</a>&nbsp;&nbsp;&nbsp;main
</UL>

<P><STRONG><a name="[52]"></a>PWM_init</STRONG> (Thumb, 372 bytes, Stack size 0 bytes, setup.o(.text))
<BR><BR>[Calls]<UL><LI><a href="#[8d]">&gt;&gt;</a>&nbsp;&nbsp;&nbsp;timer_channel_complementary_output_state_config
<LI><a href="#[8c]">&gt;&gt;</a>&nbsp;&nbsp;&nbsp;timer_channel_output_state_config
<LI><a href="#[8b]">&gt;&gt;</a>&nbsp;&nbsp;&nbsp;timer_disable
<LI><a href="#[8a]">&gt;&gt;</a>&nbsp;&nbsp;&nbsp;timer_break_config
<LI><a href="#[89]">&gt;&gt;</a>&nbsp;&nbsp;&nbsp;timer_channel_output_config
<LI><a href="#[88]">&gt;&gt;</a>&nbsp;&nbsp;&nbsp;timer_channel_output_mode_config
<LI><a href="#[87]">&gt;&gt;</a>&nbsp;&nbsp;&nbsp;timer_channel_output_shadow_config
<LI><a href="#[86]">&gt;&gt;</a>&nbsp;&nbsp;&nbsp;timer_channel_output_fast_config
<LI><a href="#[82]">&gt;&gt;</a>&nbsp;&nbsp;&nbsp;timer_enable
<LI><a href="#[81]">&gt;&gt;</a>&nbsp;&nbsp;&nbsp;timer_interrupt_enable
<LI><a href="#[80]">&gt;&gt;</a>&nbsp;&nbsp;&nbsp;nvic_irq_enable
<LI><a href="#[7f]">&gt;&gt;</a>&nbsp;&nbsp;&nbsp;timer_init
<LI><a href="#[7e]">&gt;&gt;</a>&nbsp;&nbsp;&nbsp;timer_auto_reload_shadow_disable
<LI><a href="#[7d]">&gt;&gt;</a>&nbsp;&nbsp;&nbsp;timer_deinit
<LI><a href="#[7c]">&gt;&gt;</a>&nbsp;&nbsp;&nbsp;rcu_periph_clock_enable
<LI><a href="#[74]">&gt;&gt;</a>&nbsp;&nbsp;&nbsp;timer_channel_output_pulse_value_config
</UL>
<BR>[Called By]<UL><LI><a href="#[44]">&gt;&gt;</a>&nbsp;&nbsp;&nbsp;main
</UL>

<P><STRONG><a name="[51]"></a>ADC_init</STRONG> (Thumb, 234 bytes, Stack size 0 bytes, setup.o(.text))
<BR><BR>[Calls]<UL><LI><a href="#[a1]">&gt;&gt;</a>&nbsp;&nbsp;&nbsp;adc_special_function_config
<LI><a href="#[a0]">&gt;&gt;</a>&nbsp;&nbsp;&nbsp;adc_dma_mode_enable
<LI><a href="#[9f]">&gt;&gt;</a>&nbsp;&nbsp;&nbsp;adc_calibration_enable
<LI><a href="#[9e]">&gt;&gt;</a>&nbsp;&nbsp;&nbsp;adc_enable
<LI><a href="#[9d]">&gt;&gt;</a>&nbsp;&nbsp;&nbsp;adc_watchdog_disable
<LI><a href="#[9c]">&gt;&gt;</a>&nbsp;&nbsp;&nbsp;adc_vbat_disable
<LI><a href="#[9b]">&gt;&gt;</a>&nbsp;&nbsp;&nbsp;adc_tempsensor_vrefint_disable
<LI><a href="#[9a]">&gt;&gt;</a>&nbsp;&nbsp;&nbsp;adc_external_trigger_source_config
<LI><a href="#[99]">&gt;&gt;</a>&nbsp;&nbsp;&nbsp;adc_external_trigger_config
<LI><a href="#[98]">&gt;&gt;</a>&nbsp;&nbsp;&nbsp;adc_data_alignment_config
<LI><a href="#[97]">&gt;&gt;</a>&nbsp;&nbsp;&nbsp;adc_regular_channel_config
<LI><a href="#[96]">&gt;&gt;</a>&nbsp;&nbsp;&nbsp;adc_channel_length_config
<LI><a href="#[95]">&gt;&gt;</a>&nbsp;&nbsp;&nbsp;dma_channel_enable
<LI><a href="#[94]">&gt;&gt;</a>&nbsp;&nbsp;&nbsp;dma_transfer_number_config
<LI><a href="#[93]">&gt;&gt;</a>&nbsp;&nbsp;&nbsp;dma_interrupt_enable
<LI><a href="#[92]">&gt;&gt;</a>&nbsp;&nbsp;&nbsp;dma_memory_to_memory_disable
<LI><a href="#[91]">&gt;&gt;</a>&nbsp;&nbsp;&nbsp;dma_circulation_enable
<LI><a href="#[90]">&gt;&gt;</a>&nbsp;&nbsp;&nbsp;dma_init
<LI><a href="#[8f]">&gt;&gt;</a>&nbsp;&nbsp;&nbsp;dma_deinit
<LI><a href="#[8e]">&gt;&gt;</a>&nbsp;&nbsp;&nbsp;rcu_adc_clock_config
<LI><a href="#[80]">&gt;&gt;</a>&nbsp;&nbsp;&nbsp;nvic_irq_enable
<LI><a href="#[7c]">&gt;&gt;</a>&nbsp;&nbsp;&nbsp;rcu_periph_clock_enable
</UL>
<BR>[Called By]<UL><LI><a href="#[44]">&gt;&gt;</a>&nbsp;&nbsp;&nbsp;main
</UL>

<P><STRONG><a name="[50]"></a>USART_MasterSlave_init</STRONG> (Thumb, 204 bytes, Stack size 0 bytes, setup.o(.text))
<BR><BR>[Calls]<UL><LI><a href="#[aa]">&gt;&gt;</a>&nbsp;&nbsp;&nbsp;usart_dma_receive_config
<LI><a href="#[a9]">&gt;&gt;</a>&nbsp;&nbsp;&nbsp;usart_enable
<LI><a href="#[a8]">&gt;&gt;</a>&nbsp;&nbsp;&nbsp;usart_receive_config
<LI><a href="#[a7]">&gt;&gt;</a>&nbsp;&nbsp;&nbsp;usart_transmit_config
<LI><a href="#[a6]">&gt;&gt;</a>&nbsp;&nbsp;&nbsp;usart_oversample_config
<LI><a href="#[a5]">&gt;&gt;</a>&nbsp;&nbsp;&nbsp;usart_stop_bit_set
<LI><a href="#[a4]">&gt;&gt;</a>&nbsp;&nbsp;&nbsp;usart_word_length_set
<LI><a href="#[a3]">&gt;&gt;</a>&nbsp;&nbsp;&nbsp;usart_parity_config
<LI><a href="#[a2]">&gt;&gt;</a>&nbsp;&nbsp;&nbsp;usart_baudrate_set
<LI><a href="#[95]">&gt;&gt;</a>&nbsp;&nbsp;&nbsp;dma_channel_enable
<LI><a href="#[94]">&gt;&gt;</a>&nbsp;&nbsp;&nbsp;dma_transfer_number_config
<LI><a href="#[93]">&gt;&gt;</a>&nbsp;&nbsp;&nbsp;dma_interrupt_enable
<LI><a href="#[92]">&gt;&gt;</a>&nbsp;&nbsp;&nbsp;dma_memory_to_memory_disable
<LI><a href="#[91]">&gt;&gt;</a>&nbsp;&nbsp;&nbsp;dma_circulation_enable
<LI><a href="#[90]">&gt;&gt;</a>&nbsp;&nbsp;&nbsp;dma_init
<LI><a href="#[8f]">&gt;&gt;</a>&nbsp;&nbsp;&nbsp;dma_deinit
<LI><a href="#[80]">&gt;&gt;</a>&nbsp;&nbsp;&nbsp;nvic_irq_enable
<LI><a href="#[7c]">&gt;&gt;</a>&nbsp;&nbsp;&nbsp;rcu_periph_clock_enable
</UL>
<BR>[Called By]<UL><LI><a href="#[44]">&gt;&gt;</a>&nbsp;&nbsp;&nbsp;main
</UL>

<P><STRONG><a name="[54]"></a>USART_Steer_COM_init</STRONG> (Thumb, 204 bytes, Stack size 0 bytes, setup.o(.text))
<BR><BR>[Calls]<UL><LI><a href="#[aa]">&gt;&gt;</a>&nbsp;&nbsp;&nbsp;usart_dma_receive_config
<LI><a href="#[a9]">&gt;&gt;</a>&nbsp;&nbsp;&nbsp;usart_enable
<LI><a href="#[a8]">&gt;&gt;</a>&nbsp;&nbsp;&nbsp;usart_receive_config
<LI><a href="#[a7]">&gt;&gt;</a>&nbsp;&nbsp;&nbsp;usart_transmit_config
<LI><a href="#[a6]">&gt;&gt;</a>&nbsp;&nbsp;&nbsp;usart_oversample_config
<LI><a href="#[a5]">&gt;&gt;</a>&nbsp;&nbsp;&nbsp;usart_stop_bit_set
<LI><a href="#[a4]">&gt;&gt;</a>&nbsp;&nbsp;&nbsp;usart_word_length_set
<LI><a href="#[a3]">&gt;&gt;</a>&nbsp;&nbsp;&nbsp;usart_parity_config
<LI><a href="#[a2]">&gt;&gt;</a>&nbsp;&nbsp;&nbsp;usart_baudrate_set
<LI><a href="#[95]">&gt;&gt;</a>&nbsp;&nbsp;&nbsp;dma_channel_enable
<LI><a href="#[94]">&gt;&gt;</a>&nbsp;&nbsp;&nbsp;dma_transfer_number_config
<LI><a href="#[93]">&gt;&gt;</a>&nbsp;&nbsp;&nbsp;dma_interrupt_enable
<LI><a href="#[92]">&gt;&gt;</a>&nbsp;&nbsp;&nbsp;dma_memory_to_memory_disable
<LI><a href="#[91]">&gt;&gt;</a>&nbsp;&nbsp;&nbsp;dma_circulation_enable
<LI><a href="#[90]">&gt;&gt;</a>&nbsp;&nbsp;&nbsp;dma_init
<LI><a href="#[8f]">&gt;&gt;</a>&nbsp;&nbsp;&nbsp;dma_deinit
<LI><a href="#[80]">&gt;&gt;</a>&nbsp;&nbsp;&nbsp;nvic_irq_enable
<LI><a href="#[7c]">&gt;&gt;</a>&nbsp;&nbsp;&nbsp;rcu_periph_clock_enable
</UL>
<BR>[Called By]<UL><LI><a href="#[44]">&gt;&gt;</a>&nbsp;&nbsp;&nbsp;main
</UL>

<P><STRONG><a name="[9]"></a>SysTick_Handler</STRONG> (Thumb, 16 bytes, Stack size 0 bytes, it.o(.text))
<BR>[Address Reference Count : 1]<UL><LI> startup_gd32f1x0.o(RESET)
</UL>
<P><STRONG><a name="[b5]"></a>ResetTimeout</STRONG> (Thumb, 14 bytes, Stack size 0 bytes, it.o(.text))
<BR><BR>[Called By]<UL><LI><a href="#[af]">&gt;&gt;</a>&nbsp;&nbsp;&nbsp;UpdateUSARTSteerInput
</UL>

<P><STRONG><a name="[1c]"></a>TIMER13_IRQHandler</STRONG> (Thumb, 96 bytes, Stack size 0 bytes, it.o(.text))
<BR><BR>[Calls]<UL><LI><a href="#[ab]">&gt;&gt;</a>&nbsp;&nbsp;&nbsp;timer_interrupt_flag_clear
</UL>
<BR>[Address Reference Count : 1]<UL><LI> startup_gd32f1x0.o(RESET)
</UL>
<P><STRONG><a name="[17]"></a>TIMER0_BRK_UP_TRG_COM_IRQHandler</STRONG> (Thumb, 26 bytes, Stack size 0 bytes, it.o(.text))
<BR><BR>[Calls]<UL><LI><a href="#[ac]">&gt;&gt;</a>&nbsp;&nbsp;&nbsp;adc_software_trigger_enable
<LI><a href="#[ab]">&gt;&gt;</a>&nbsp;&nbsp;&nbsp;timer_interrupt_flag_clear
</UL>
<BR>[Address Reference Count : 1]<UL><LI> startup_gd32f1x0.o(RESET)
</UL>
<P><STRONG><a name="[13]"></a>DMA_Channel0_IRQHandler</STRONG> (Thumb, 32 bytes, Stack size 0 bytes, it.o(.text))
<BR><BR>[Calls]<UL><LI><a href="#[ae]">&gt;&gt;</a>&nbsp;&nbsp;&nbsp;dma_interrupt_flag_clear
<LI><a href="#[ad]">&gt;&gt;</a>&nbsp;&nbsp;&nbsp;dma_interrupt_flag_get
<LI><a href="#[6e]">&gt;&gt;</a>&nbsp;&nbsp;&nbsp;CalculateBLDC
</UL>
<BR>[Address Reference Count : 1]<UL><LI> startup_gd32f1x0.o(RESET)
</UL>
<P><STRONG><a name="[14]"></a>DMA_Channel1_2_IRQHandler</STRONG> (Thumb, 32 bytes, Stack size 0 bytes, it.o(.text))
<BR><BR>[Calls]<UL><LI><a href="#[af]">&gt;&gt;</a>&nbsp;&nbsp;&nbsp;UpdateUSARTSteerInput
<LI><a href="#[ae]">&gt;&gt;</a>&nbsp;&nbsp;&nbsp;dma_interrupt_flag_clear
<LI><a href="#[ad]">&gt;&gt;</a>&nbsp;&nbsp;&nbsp;dma_interrupt_flag_get
</UL>
<BR>[Address Reference Count : 1]<UL><LI> startup_gd32f1x0.o(RESET)
</UL>
<P><STRONG><a name="[15]"></a>DMA_Channel3_4_IRQHandler</STRONG> (Thumb, 32 bytes, Stack size 0 bytes, it.o(.text))
<BR><BR>[Calls]<UL><LI><a href="#[b0]">&gt;&gt;</a>&nbsp;&nbsp;&nbsp;UpdateUSARTMasterSlaveInput
<LI><a href="#[ae]">&gt;&gt;</a>&nbsp;&nbsp;&nbsp;dma_interrupt_flag_clear
<LI><a href="#[ad]">&gt;&gt;</a>&nbsp;&nbsp;&nbsp;dma_interrupt_flag_get
</UL>
<BR>[Address Reference Count : 1]<UL><LI> startup_gd32f1x0.o(RESET)
</UL>
<P><STRONG><a name="[55]"></a>Delay</STRONG> (Thumb, 28 bytes, Stack size 0 bytes, it.o(.text))
<BR><BR>[Called By]<UL><LI><a href="#[6b]">&gt;&gt;</a>&nbsp;&nbsp;&nbsp;ShutOff
<LI><a href="#[44]">&gt;&gt;</a>&nbsp;&nbsp;&nbsp;main
</UL>

<P><STRONG><a name="[1]"></a>NMI_Handler</STRONG> (Thumb, 2 bytes, Stack size 0 bytes, it.o(.text))
<BR>[Address Reference Count : 1]<UL><LI> startup_gd32f1x0.o(RESET)
</UL>
<P><STRONG><a name="[2]"></a>HardFault_Handler</STRONG> (Thumb, 2 bytes, Stack size 0 bytes, it.o(.text))
<BR><BR>[Calls]<UL><LI><a href="#[2]">&gt;&gt;</a>&nbsp;&nbsp;&nbsp;HardFault_Handler
</UL>
<BR>[Called By]<UL><LI><a href="#[2]">&gt;&gt;</a>&nbsp;&nbsp;&nbsp;HardFault_Handler
</UL>
<BR>[Address Reference Count : 1]<UL><LI> startup_gd32f1x0.o(RESET)
</UL>
<P><STRONG><a name="[3]"></a>MemManage_Handler</STRONG> (Thumb, 2 bytes, Stack size 0 bytes, it.o(.text))
<BR><BR>[Calls]<UL><LI><a href="#[3]">&gt;&gt;</a>&nbsp;&nbsp;&nbsp;MemManage_Handler
</UL>
<BR>[Called By]<UL><LI><a href="#[3]">&gt;&gt;</a>&nbsp;&nbsp;&nbsp;MemManage_Handler
</UL>
<BR>[Address Reference Count : 1]<UL><LI> startup_gd32f1x0.o(RESET)
</UL>
<P><STRONG><a name="[4]"></a>BusFault_Handler</STRONG> (Thumb, 2 bytes, Stack size 0 bytes, it.o(.text))
<BR><BR>[Calls]<UL><LI><a href="#[4]">&gt;&gt;</a>&nbsp;&nbsp;&nbsp;BusFault_Handler
</UL>
<BR>[Called By]<UL><LI><a href="#[4]">&gt;&gt;</a>&nbsp;&nbsp;&nbsp;BusFault_Handler
</UL>
<BR>[Address Reference Count : 1]<UL><LI> startup_gd32f1x0.o(RESET)
</UL>
<P><STRONG><a name="[5]"></a>UsageFault_Handler</STRONG> (Thumb, 2 bytes, Stack size 0 bytes, it.o(.text))
<BR><BR>[Calls]<UL><LI><a href="#[5]">&gt;&gt;</a>&nbsp;&nbsp;&nbsp;UsageFault_Handler
</UL>
<BR>[Called By]<UL><LI><a href="#[5]">&gt;&gt;</a>&nbsp;&nbsp;&nbsp;UsageFault_Handler
</UL>
<BR>[Address Reference Count : 1]<UL><LI> startup_gd32f1x0.o(RESET)
</UL>
<P><STRONG><a name="[6]"></a>SVC_Handler</STRONG> (Thumb, 2 bytes, Stack size 0 bytes, it.o(.text))
<BR>[Address Reference Count : 1]<UL><LI> startup_gd32f1x0.o(RESET)
</UL>
<P><STRONG><a name="[7]"></a>DebugMon_Handler</STRONG> (Thumb, 2 bytes, Stack size 0 bytes, it.o(.text))
<BR>[Address Reference Count : 1]<UL><LI> startup_gd32f1x0.o(RESET)
</UL>
<P><STRONG><a name="[8]"></a>PendSV_Handler</STRONG> (Thumb, 2 bytes, Stack size 0 bytes, it.o(.text))
<BR>[Address Reference Count : 1]<UL><LI> startup_gd32f1x0.o(RESET)
</UL>
<P><STRONG><a name="[b1]"></a>SendBuffer</STRONG> (Thumb, 48 bytes, Stack size 0 bytes, comms.o(.text))
<BR><BR>[Calls]<UL><LI><a href="#[b3]">&gt;&gt;</a>&nbsp;&nbsp;&nbsp;usart_flag_get
<LI><a href="#[b2]">&gt;&gt;</a>&nbsp;&nbsp;&nbsp;usart_data_transmit
</UL>
<BR>[Called By]<UL><LI><a href="#[66]">&gt;&gt;</a>&nbsp;&nbsp;&nbsp;SendSlave
<LI><a href="#[57]">&gt;&gt;</a>&nbsp;&nbsp;&nbsp;SendSteerDevice
</UL>

<P><STRONG><a name="[b4]"></a>CalcCRC</STRONG> (Thumb, 60 bytes, Stack size 0 bytes, comms.o(.text))
<BR><BR>[Called By]<UL><LI><a href="#[b0]">&gt;&gt;</a>&nbsp;&nbsp;&nbsp;UpdateUSARTMasterSlaveInput
<LI><a href="#[af]">&gt;&gt;</a>&nbsp;&nbsp;&nbsp;UpdateUSARTSteerInput
<LI><a href="#[66]">&gt;&gt;</a>&nbsp;&nbsp;&nbsp;SendSlave
<LI><a href="#[57]">&gt;&gt;</a>&nbsp;&nbsp;&nbsp;SendSteerDevice
</UL>

<P><STRONG><a name="[57]"></a>SendSteerDevice</STRONG> (Thumb, 170 bytes, Stack size 0 bytes, commssteering.o(.text))
<BR><BR>[Calls]<UL><LI><a href="#[5e]">&gt;&gt;</a>&nbsp;&nbsp;&nbsp;__aeabi_fmul
<LI><a href="#[5f]">&gt;&gt;</a>&nbsp;&nbsp;&nbsp;__aeabi_f2iz
<LI><a href="#[b4]">&gt;&gt;</a>&nbsp;&nbsp;&nbsp;CalcCRC
<LI><a href="#[b1]">&gt;&gt;</a>&nbsp;&nbsp;&nbsp;SendBuffer
</UL>
<BR>[Called By]<UL><LI><a href="#[44]">&gt;&gt;</a>&nbsp;&nbsp;&nbsp;main
</UL>

<P><STRONG><a name="[af]"></a>UpdateUSARTSteerInput</STRONG> (Thumb, 118 bytes, Stack size 0 bytes, commssteering.o(.text))
<BR><BR>[Calls]<UL><LI><a href="#[b4]">&gt;&gt;</a>&nbsp;&nbsp;&nbsp;CalcCRC
<LI><a href="#[b5]">&gt;&gt;</a>&nbsp;&nbsp;&nbsp;ResetTimeout
</UL>
<BR>[Called By]<UL><LI><a href="#[14]">&gt;&gt;</a>&nbsp;&nbsp;&nbsp;DMA_Channel1_2_IRQHandler
</UL>

<P><STRONG><a name="[b0]"></a>UpdateUSARTMasterSlaveInput</STRONG> (Thumb, 174 bytes, Stack size 0 bytes, commsmasterslave.o(.text))
<BR><BR>[Calls]<UL><LI><a href="#[b4]">&gt;&gt;</a>&nbsp;&nbsp;&nbsp;CalcCRC
<LI><a href="#[4f]">&gt;&gt;</a>&nbsp;&nbsp;&nbsp;gpio_bit_write
</UL>
<BR>[Called By]<UL><LI><a href="#[15]">&gt;&gt;</a>&nbsp;&nbsp;&nbsp;DMA_Channel3_4_IRQHandler
</UL>

<P><STRONG><a name="[b6]"></a>ProessReceived</STRONG> (Thumb, 100 bytes, Stack size 0 bytes, commsmasterslave.o(.text), UNUSED)
<BR><BR>[Calls]<UL><LI><a href="#[4f]">&gt;&gt;</a>&nbsp;&nbsp;&nbsp;gpio_bit_write
</UL>

<P><STRONG><a name="[66]"></a>SendSlave</STRONG> (Thumb, 98 bytes, Stack size 0 bytes, commsmasterslave.o(.text))
<BR><BR>[Calls]<UL><LI><a href="#[b4]">&gt;&gt;</a>&nbsp;&nbsp;&nbsp;CalcCRC
<LI><a href="#[b1]">&gt;&gt;</a>&nbsp;&nbsp;&nbsp;SendBuffer
</UL>
<BR>[Called By]<UL><LI><a href="#[6b]">&gt;&gt;</a>&nbsp;&nbsp;&nbsp;ShutOff
<LI><a href="#[44]">&gt;&gt;</a>&nbsp;&nbsp;&nbsp;main
</UL>

<P><STRONG><a name="[b7]"></a>adc_deinit</STRONG> (Thumb, 22 bytes, Stack size 0 bytes, gd32f1x0_adc.o(.text), UNUSED)
<BR><BR>[Calls]<UL><LI><a href="#[b9]">&gt;&gt;</a>&nbsp;&nbsp;&nbsp;rcu_periph_reset_disable
<LI><a href="#[b8]">&gt;&gt;</a>&nbsp;&nbsp;&nbsp;rcu_periph_reset_enable
</UL>

<P><STRONG><a name="[9e]"></a>adc_enable</STRONG> (Thumb, 26 bytes, Stack size 0 bytes, gd32f1x0_adc.o(.text))
<BR><BR>[Called By]<UL><LI><a href="#[51]">&gt;&gt;</a>&nbsp;&nbsp;&nbsp;ADC_init
</UL>

<P><STRONG><a name="[9f]"></a>adc_calibration_enable</STRONG> (Thumb, 40 bytes, Stack size 0 bytes, gd32f1x0_adc.o(.text))
<BR><BR>[Called By]<UL><LI><a href="#[51]">&gt;&gt;</a>&nbsp;&nbsp;&nbsp;ADC_init
</UL>

<P><STRONG><a name="[a0]"></a>adc_dma_mode_enable</STRONG> (Thumb, 18 bytes, Stack size 0 bytes, gd32f1x0_adc.o(.text))
<BR><BR>[Called By]<UL><LI><a href="#[51]">&gt;&gt;</a>&nbsp;&nbsp;&nbsp;ADC_init
</UL>

<P><STRONG><a name="[9b]"></a>adc_tempsensor_vrefint_disable</STRONG> (Thumb, 18 bytes, Stack size 0 bytes, gd32f1x0_adc.o(.text))
<BR><BR>[Called By]<UL><LI><a href="#[51]">&gt;&gt;</a>&nbsp;&nbsp;&nbsp;ADC_init
</UL>

<P><STRONG><a name="[9c]"></a>adc_vbat_disable</STRONG> (Thumb, 18 bytes, Stack size 0 bytes, gd32f1x0_adc.o(.text))
<BR><BR>[Called By]<UL><LI><a href="#[51]">&gt;&gt;</a>&nbsp;&nbsp;&nbsp;ADC_init
</UL>

<P><STRONG><a name="[a1]"></a>adc_special_function_config</STRONG> (Thumb, 100 bytes, Stack size 0 bytes, gd32f1x0_adc.o(.text))
<BR><BR>[Called By]<UL><LI><a href="#[51]">&gt;&gt;</a>&nbsp;&nbsp;&nbsp;ADC_init
</UL>

<P><STRONG><a name="[98]"></a>adc_data_alignment_config</STRONG> (Thumb, 26 bytes, Stack size 0 bytes, gd32f1x0_adc.o(.text))
<BR><BR>[Called By]<UL><LI><a href="#[51]">&gt;&gt;</a>&nbsp;&nbsp;&nbsp;ADC_init
</UL>

<P><STRONG><a name="[96]"></a>adc_channel_length_config</STRONG> (Thumb, 82 bytes, Stack size 0 bytes, gd32f1x0_adc.o(.text))
<BR><BR>[Called By]<UL><LI><a href="#[51]">&gt;&gt;</a>&nbsp;&nbsp;&nbsp;ADC_init
</UL>

<P><STRONG><a name="[97]"></a>adc_regular_channel_config</STRONG> (Thumb, 180 bytes, Stack size 0 bytes, gd32f1x0_adc.o(.text))
<BR><BR>[Called By]<UL><LI><a href="#[51]">&gt;&gt;</a>&nbsp;&nbsp;&nbsp;ADC_init
</UL>

<P><STRONG><a name="[99]"></a>adc_external_trigger_config</STRONG> (Thumb, 72 bytes, Stack size 0 bytes, gd32f1x0_adc.o(.text))
<BR><BR>[Called By]<UL><LI><a href="#[51]">&gt;&gt;</a>&nbsp;&nbsp;&nbsp;ADC_init
</UL>

<P><STRONG><a name="[9a]"></a>adc_external_trigger_source_config</STRONG> (Thumb, 42 bytes, Stack size 0 bytes, gd32f1x0_adc.o(.text))
<BR><BR>[Called By]<UL><LI><a href="#[51]">&gt;&gt;</a>&nbsp;&nbsp;&nbsp;ADC_init
</UL>

<P><STRONG><a name="[ac]"></a>adc_software_trigger_enable</STRONG> (Thumb, 36 bytes, Stack size 0 bytes, gd32f1x0_adc.o(.text))
<BR><BR>[Called By]<UL><LI><a href="#[17]">&gt;&gt;</a>&nbsp;&nbsp;&nbsp;TIMER0_BRK_UP_TRG_COM_IRQHandler
</UL>

<P><STRONG><a name="[9d]"></a>adc_watchdog_disable</STRONG> (Thumb, 24 bytes, Stack size 0 bytes, gd32f1x0_adc.o(.text))
<BR><BR>[Called By]<UL><LI><a href="#[51]">&gt;&gt;</a>&nbsp;&nbsp;&nbsp;ADC_init
</UL>

<P><STRONG><a name="[8f]"></a>dma_deinit</STRONG> (Thumb, 48 bytes, Stack size 0 bytes, gd32f1x0_dma.o(.text))
<BR><BR>[Called By]<UL><LI><a href="#[54]">&gt;&gt;</a>&nbsp;&nbsp;&nbsp;USART_Steer_COM_init
<LI><a href="#[51]">&gt;&gt;</a>&nbsp;&nbsp;&nbsp;ADC_init
<LI><a href="#[50]">&gt;&gt;</a>&nbsp;&nbsp;&nbsp;USART_MasterSlave_init
</UL>

<P><STRONG><a name="[90]"></a>dma_init</STRONG> (Thumb, 122 bytes, Stack size 0 bytes, gd32f1x0_dma.o(.text))
<BR><BR>[Called By]<UL><LI><a href="#[54]">&gt;&gt;</a>&nbsp;&nbsp;&nbsp;USART_Steer_COM_init
<LI><a href="#[51]">&gt;&gt;</a>&nbsp;&nbsp;&nbsp;ADC_init
<LI><a href="#[50]">&gt;&gt;</a>&nbsp;&nbsp;&nbsp;USART_MasterSlave_init
</UL>

<P><STRONG><a name="[91]"></a>dma_circulation_enable</STRONG> (Thumb, 24 bytes, Stack size 0 bytes, gd32f1x0_dma.o(.text))
<BR><BR>[Called By]<UL><LI><a href="#[54]">&gt;&gt;</a>&nbsp;&nbsp;&nbsp;USART_Steer_COM_init
<LI><a href="#[51]">&gt;&gt;</a>&nbsp;&nbsp;&nbsp;ADC_init
<LI><a href="#[50]">&gt;&gt;</a>&nbsp;&nbsp;&nbsp;USART_MasterSlave_init
</UL>

<P><STRONG><a name="[92]"></a>dma_memory_to_memory_disable</STRONG> (Thumb, 24 bytes, Stack size 0 bytes, gd32f1x0_dma.o(.text))
<BR><BR>[Called By]<UL><LI><a href="#[54]">&gt;&gt;</a>&nbsp;&nbsp;&nbsp;USART_Steer_COM_init
<LI><a href="#[51]">&gt;&gt;</a>&nbsp;&nbsp;&nbsp;ADC_init
<LI><a href="#[50]">&gt;&gt;</a>&nbsp;&nbsp;&nbsp;USART_MasterSlave_init
</UL>

<P><STRONG><a name="[95]"></a>dma_channel_enable</STRONG> (Thumb, 24 bytes, Stack size 0 bytes, gd32f1x0_dma.o(.text))
<BR><BR>[Called By]<UL><LI><a href="#[54]">&gt;&gt;</a>&nbsp;&nbsp;&nbsp;USART_Steer_COM_init
<LI><a href="#[51]">&gt;&gt;</a>&nbsp;&nbsp;&nbsp;ADC_init
<LI><a href="#[50]">&gt;&gt;</a>&nbsp;&nbsp;&nbsp;USART_MasterSlave_init
</UL>

<P><STRONG><a name="[94]"></a>dma_transfer_number_config</STRONG> (Thumb, 16 bytes, Stack size 0 bytes, gd32f1x0_dma.o(.text))
<BR><BR>[Called By]<UL><LI><a href="#[54]">&gt;&gt;</a>&nbsp;&nbsp;&nbsp;USART_Steer_COM_init
<LI><a href="#[51]">&gt;&gt;</a>&nbsp;&nbsp;&nbsp;ADC_init
<LI><a href="#[50]">&gt;&gt;</a>&nbsp;&nbsp;&nbsp;USART_MasterSlave_init
</UL>

<P><STRONG><a name="[ad]"></a>dma_interrupt_flag_get</STRONG> (Thumb, 116 bytes, Stack size 0 bytes, gd32f1x0_dma.o(.text))
<BR><BR>[Called By]<UL><LI><a href="#[15]">&gt;&gt;</a>&nbsp;&nbsp;&nbsp;DMA_Channel3_4_IRQHandler
<LI><a href="#[14]">&gt;&gt;</a>&nbsp;&nbsp;&nbsp;DMA_Channel1_2_IRQHandler
<LI><a href="#[13]">&gt;&gt;</a>&nbsp;&nbsp;&nbsp;DMA_Channel0_IRQHandler
</UL>

<P><STRONG><a name="[ae]"></a>dma_interrupt_flag_clear</STRONG> (Thumb, 20 bytes, Stack size 0 bytes, gd32f1x0_dma.o(.text))
<BR><BR>[Called By]<UL><LI><a href="#[15]">&gt;&gt;</a>&nbsp;&nbsp;&nbsp;DMA_Channel3_4_IRQHandler
<LI><a href="#[14]">&gt;&gt;</a>&nbsp;&nbsp;&nbsp;DMA_Channel1_2_IRQHandler
<LI><a href="#[13]">&gt;&gt;</a>&nbsp;&nbsp;&nbsp;DMA_Channel0_IRQHandler
</UL>

<P><STRONG><a name="[93]"></a>dma_interrupt_enable</STRONG> (Thumb, 22 bytes, Stack size 0 bytes, gd32f1x0_dma.o(.text))
<BR><BR>[Called By]<UL><LI><a href="#[54]">&gt;&gt;</a>&nbsp;&nbsp;&nbsp;USART_Steer_COM_init
<LI><a href="#[51]">&gt;&gt;</a>&nbsp;&nbsp;&nbsp;ADC_init
<LI><a href="#[50]">&gt;&gt;</a>&nbsp;&nbsp;&nbsp;USART_MasterSlave_init
</UL>

<P><STRONG><a name="[53]"></a>fwdgt_counter_reload</STRONG> (Thumb, 16 bytes, Stack size 0 bytes, gd32f1x0_fwdgt.o(.text))
<BR><BR>[Called By]<UL><LI><a href="#[6b]">&gt;&gt;</a>&nbsp;&nbsp;&nbsp;ShutOff
<LI><a href="#[44]">&gt;&gt;</a>&nbsp;&nbsp;&nbsp;main
</UL>

<P><STRONG><a name="[7b]"></a>fwdgt_enable</STRONG> (Thumb, 16 bytes, Stack size 0 bytes, gd32f1x0_fwdgt.o(.text))
<BR><BR>[Called By]<UL><LI><a href="#[4b]">&gt;&gt;</a>&nbsp;&nbsp;&nbsp;Watchdog_init
</UL>

<P><STRONG><a name="[7a]"></a>fwdgt_window_value_config</STRONG> (Thumb, 52 bytes, Stack size 0 bytes, gd32f1x0_fwdgt.o(.text))
<BR><BR>[Called By]<UL><LI><a href="#[4b]">&gt;&gt;</a>&nbsp;&nbsp;&nbsp;Watchdog_init
</UL>

<P><STRONG><a name="[79]"></a>fwdgt_config</STRONG> (Thumb, 100 bytes, Stack size 0 bytes, gd32f1x0_fwdgt.o(.text))
<BR><BR>[Called By]<UL><LI><a href="#[4b]">&gt;&gt;</a>&nbsp;&nbsp;&nbsp;Watchdog_init
</UL>

<P><STRONG><a name="[ba]"></a>gpio_deinit</STRONG> (Thumb, 58 bytes, Stack size 0 bytes, gd32f1x0_gpio.o(.text), UNUSED)
<BR><BR>[Calls]<UL><LI><a href="#[b9]">&gt;&gt;</a>&nbsp;&nbsp;&nbsp;rcu_periph_reset_disable
<LI><a href="#[b8]">&gt;&gt;</a>&nbsp;&nbsp;&nbsp;rcu_periph_reset_enable
</UL>

<P><STRONG><a name="[83]"></a>gpio_mode_set</STRONG> (Thumb, 84 bytes, Stack size 0 bytes, gd32f1x0_gpio.o(.text))
<BR><BR>[Called By]<UL><LI><a href="#[4e]">&gt;&gt;</a>&nbsp;&nbsp;&nbsp;GPIO_init
</UL>

<P><STRONG><a name="[84]"></a>gpio_output_options_set</STRONG> (Thumb, 70 bytes, Stack size 0 bytes, gd32f1x0_gpio.o(.text))
<BR><BR>[Called By]<UL><LI><a href="#[4e]">&gt;&gt;</a>&nbsp;&nbsp;&nbsp;GPIO_init
</UL>

<P><STRONG><a name="[4f]"></a>gpio_bit_write</STRONG> (Thumb, 12 bytes, Stack size 0 bytes, gd32f1x0_gpio.o(.text))
<BR><BR>[Called By]<UL><LI><a href="#[b6]">&gt;&gt;</a>&nbsp;&nbsp;&nbsp;ProessReceived
<LI><a href="#[b0]">&gt;&gt;</a>&nbsp;&nbsp;&nbsp;UpdateUSARTMasterSlaveInput
<LI><a href="#[6e]">&gt;&gt;</a>&nbsp;&nbsp;&nbsp;CalculateBLDC
<LI><a href="#[6c]">&gt;&gt;</a>&nbsp;&nbsp;&nbsp;ShowBatteryState
<LI><a href="#[6b]">&gt;&gt;</a>&nbsp;&nbsp;&nbsp;ShutOff
<LI><a href="#[44]">&gt;&gt;</a>&nbsp;&nbsp;&nbsp;main
</UL>

<P><STRONG><a name="[56]"></a>gpio_input_bit_get</STRONG> (Thumb, 10 bytes, Stack size 0 bytes, gd32f1x0_gpio.o(.text))
<BR><BR>[Called By]<UL><LI><a href="#[6e]">&gt;&gt;</a>&nbsp;&nbsp;&nbsp;CalculateBLDC
<LI><a href="#[44]">&gt;&gt;</a>&nbsp;&nbsp;&nbsp;main
</UL>

<P><STRONG><a name="[85]"></a>gpio_af_set</STRONG> (Thumb, 110 bytes, Stack size 0 bytes, gd32f1x0_gpio.o(.text))
<BR><BR>[Called By]<UL><LI><a href="#[4e]">&gt;&gt;</a>&nbsp;&nbsp;&nbsp;GPIO_init
</UL>

<P><STRONG><a name="[76]"></a>nvic_priority_group_set</STRONG> (Thumb, 20 bytes, Stack size 0 bytes, gd32f1x0_misc.o(.text))
<BR><BR>[Called By]<UL><LI><a href="#[4c]">&gt;&gt;</a>&nbsp;&nbsp;&nbsp;Interrupt_init
</UL>

<P><STRONG><a name="[80]"></a>nvic_irq_enable</STRONG> (Thumb, 168 bytes, Stack size 0 bytes, gd32f1x0_misc.o(.text))
<BR><BR>[Called By]<UL><LI><a href="#[54]">&gt;&gt;</a>&nbsp;&nbsp;&nbsp;USART_Steer_COM_init
<LI><a href="#[52]">&gt;&gt;</a>&nbsp;&nbsp;&nbsp;PWM_init
<LI><a href="#[51]">&gt;&gt;</a>&nbsp;&nbsp;&nbsp;ADC_init
<LI><a href="#[50]">&gt;&gt;</a>&nbsp;&nbsp;&nbsp;USART_MasterSlave_init
<LI><a href="#[4d]">&gt;&gt;</a>&nbsp;&nbsp;&nbsp;TimeoutTimer_init
</UL>

<P><STRONG><a name="[7c]"></a>rcu_periph_clock_enable</STRONG> (Thumb, 30 bytes, Stack size 0 bytes, gd32f1x0_rcu.o(.text))
<BR><BR>[Called By]<UL><LI><a href="#[54]">&gt;&gt;</a>&nbsp;&nbsp;&nbsp;USART_Steer_COM_init
<LI><a href="#[52]">&gt;&gt;</a>&nbsp;&nbsp;&nbsp;PWM_init
<LI><a href="#[51]">&gt;&gt;</a>&nbsp;&nbsp;&nbsp;ADC_init
<LI><a href="#[50]">&gt;&gt;</a>&nbsp;&nbsp;&nbsp;USART_MasterSlave_init
<LI><a href="#[4e]">&gt;&gt;</a>&nbsp;&nbsp;&nbsp;GPIO_init
<LI><a href="#[4d]">&gt;&gt;</a>&nbsp;&nbsp;&nbsp;TimeoutTimer_init
</UL>

<P><STRONG><a name="[b8]"></a>rcu_periph_reset_enable</STRONG> (Thumb, 30 bytes, Stack size 0 bytes, gd32f1x0_rcu.o(.text))
<BR><BR>[Called By]<UL><LI><a href="#[ba]">&gt;&gt;</a>&nbsp;&nbsp;&nbsp;gpio_deinit
<LI><a href="#[b7]">&gt;&gt;</a>&nbsp;&nbsp;&nbsp;adc_deinit
<LI><a href="#[7d]">&gt;&gt;</a>&nbsp;&nbsp;&nbsp;timer_deinit
<LI><a href="#[6d]">&gt;&gt;</a>&nbsp;&nbsp;&nbsp;usart_deinit
</UL>

<P><STRONG><a name="[b9]"></a>rcu_periph_reset_disable</STRONG> (Thumb, 32 bytes, Stack size 0 bytes, gd32f1x0_rcu.o(.text))
<BR><BR>[Called By]<UL><LI><a href="#[ba]">&gt;&gt;</a>&nbsp;&nbsp;&nbsp;gpio_deinit
<LI><a href="#[b7]">&gt;&gt;</a>&nbsp;&nbsp;&nbsp;adc_deinit
<LI><a href="#[7d]">&gt;&gt;</a>&nbsp;&nbsp;&nbsp;timer_deinit
<LI><a href="#[6d]">&gt;&gt;</a>&nbsp;&nbsp;&nbsp;usart_deinit
</UL>

<P><STRONG><a name="[8e]"></a>rcu_adc_clock_config</STRONG> (Thumb, 88 bytes, Stack size 0 bytes, gd32f1x0_rcu.o(.text))
<BR><BR>[Called By]<UL><LI><a href="#[51]">&gt;&gt;</a>&nbsp;&nbsp;&nbsp;ADC_init
</UL>

<P><STRONG><a name="[77]"></a>rcu_flag_get</STRONG> (Thumb, 26 bytes, Stack size 0 bytes, gd32f1x0_rcu.o(.text))
<BR><BR>[Called By]<UL><LI><a href="#[4b]">&gt;&gt;</a>&nbsp;&nbsp;&nbsp;Watchdog_init
</UL>

<P><STRONG><a name="[78]"></a>rcu_all_reset_flag_clear</STRONG> (Thumb, 18 bytes, Stack size 0 bytes, gd32f1x0_rcu.o(.text))
<BR><BR>[Called By]<UL><LI><a href="#[4b]">&gt;&gt;</a>&nbsp;&nbsp;&nbsp;Watchdog_init
</UL>

<P><STRONG><a name="[bb]"></a>rcu_clock_freq_get</STRONG> (Thumb, 292 bytes, Stack size 0 bytes, gd32f1x0_rcu.o(.text))
<BR><BR>[Called By]<UL><LI><a href="#[a2]">&gt;&gt;</a>&nbsp;&nbsp;&nbsp;usart_baudrate_set
</UL>

<P><STRONG><a name="[7d]"></a>timer_deinit</STRONG> (Thumb, 194 bytes, Stack size 0 bytes, gd32f1x0_timer.o(.text))
<BR><BR>[Calls]<UL><LI><a href="#[b9]">&gt;&gt;</a>&nbsp;&nbsp;&nbsp;rcu_periph_reset_disable
<LI><a href="#[b8]">&gt;&gt;</a>&nbsp;&nbsp;&nbsp;rcu_periph_reset_enable
</UL>
<BR>[Called By]<UL><LI><a href="#[52]">&gt;&gt;</a>&nbsp;&nbsp;&nbsp;PWM_init
<LI><a href="#[4d]">&gt;&gt;</a>&nbsp;&nbsp;&nbsp;TimeoutTimer_init
</UL>

<P><STRONG><a name="[7f]"></a>timer_init</STRONG> (Thumb, 212 bytes, Stack size 0 bytes, gd32f1x0_timer.o(.text))
<BR><BR>[Called By]<UL><LI><a href="#[52]">&gt;&gt;</a>&nbsp;&nbsp;&nbsp;PWM_init
<LI><a href="#[4d]">&gt;&gt;</a>&nbsp;&nbsp;&nbsp;TimeoutTimer_init
</UL>

<P><STRONG><a name="[82]"></a>timer_enable</STRONG> (Thumb, 10 bytes, Stack size 0 bytes, gd32f1x0_timer.o(.text))
<BR><BR>[Called By]<UL><LI><a href="#[52]">&gt;&gt;</a>&nbsp;&nbsp;&nbsp;PWM_init
<LI><a href="#[4d]">&gt;&gt;</a>&nbsp;&nbsp;&nbsp;TimeoutTimer_init
</UL>

<P><STRONG><a name="[8b]"></a>timer_disable</STRONG> (Thumb, 10 bytes, Stack size 0 bytes, gd32f1x0_timer.o(.text))
<BR><BR>[Called By]<UL><LI><a href="#[52]">&gt;&gt;</a>&nbsp;&nbsp;&nbsp;PWM_init
</UL>

<P><STRONG><a name="[7e]"></a>timer_auto_reload_shadow_disable</STRONG> (Thumb, 10 bytes, Stack size 0 bytes, gd32f1x0_timer.o(.text))
<BR><BR>[Called By]<UL><LI><a href="#[52]">&gt;&gt;</a>&nbsp;&nbsp;&nbsp;PWM_init
<LI><a href="#[4d]">&gt;&gt;</a>&nbsp;&nbsp;&nbsp;TimeoutTimer_init
</UL>

<P><STRONG><a name="[81]"></a>timer_interrupt_enable</STRONG> (Thumb, 8 bytes, Stack size 0 bytes, gd32f1x0_timer.o(.text))
<BR><BR>[Called By]<UL><LI><a href="#[52]">&gt;&gt;</a>&nbsp;&nbsp;&nbsp;PWM_init
<LI><a href="#[4d]">&gt;&gt;</a>&nbsp;&nbsp;&nbsp;TimeoutTimer_init
</UL>

<P><STRONG><a name="[ab]"></a>timer_interrupt_flag_clear</STRONG> (Thumb, 6 bytes, Stack size 0 bytes, gd32f1x0_timer.o(.text))
<BR><BR>[Called By]<UL><LI><a href="#[17]">&gt;&gt;</a>&nbsp;&nbsp;&nbsp;TIMER0_BRK_UP_TRG_COM_IRQHandler
<LI><a href="#[1c]">&gt;&gt;</a>&nbsp;&nbsp;&nbsp;TIMER13_IRQHandler
</UL>

<P><STRONG><a name="[8a]"></a>timer_break_config</STRONG> (Thumb, 36 bytes, Stack size 0 bytes, gd32f1x0_timer.o(.text))
<BR><BR>[Called By]<UL><LI><a href="#[52]">&gt;&gt;</a>&nbsp;&nbsp;&nbsp;PWM_init
</UL>

<P><STRONG><a name="[72]"></a>timer_automatic_output_enable</STRONG> (Thumb, 10 bytes, Stack size 0 bytes, gd32f1x0_timer.o(.text))
<BR><BR>[Called By]<UL><LI><a href="#[6e]">&gt;&gt;</a>&nbsp;&nbsp;&nbsp;CalculateBLDC
</UL>

<P><STRONG><a name="[73]"></a>timer_automatic_output_disable</STRONG> (Thumb, 10 bytes, Stack size 0 bytes, gd32f1x0_timer.o(.text))
<BR><BR>[Called By]<UL><LI><a href="#[6e]">&gt;&gt;</a>&nbsp;&nbsp;&nbsp;CalculateBLDC
</UL>

<P><STRONG><a name="[89]"></a>timer_channel_output_config</STRONG> (Thumb, 550 bytes, Stack size 0 bytes, gd32f1x0_timer.o(.text))
<BR><BR>[Called By]<UL><LI><a href="#[52]">&gt;&gt;</a>&nbsp;&nbsp;&nbsp;PWM_init
</UL>

<P><STRONG><a name="[88]"></a>timer_channel_output_mode_config</STRONG> (Thumb, 58 bytes, Stack size 0 bytes, gd32f1x0_timer.o(.text))
<BR><BR>[Called By]<UL><LI><a href="#[52]">&gt;&gt;</a>&nbsp;&nbsp;&nbsp;PWM_init
</UL>

<P><STRONG><a name="[74]"></a>timer_channel_output_pulse_value_config</STRONG> (Thumb, 12 bytes, Stack size 0 bytes, gd32f1x0_timer.o(.text))
<BR><BR>[Called By]<UL><LI><a href="#[6e]">&gt;&gt;</a>&nbsp;&nbsp;&nbsp;CalculateBLDC
<LI><a href="#[52]">&gt;&gt;</a>&nbsp;&nbsp;&nbsp;PWM_init
</UL>

<P><STRONG><a name="[87]"></a>timer_channel_output_shadow_config</STRONG> (Thumb, 58 bytes, Stack size 0 bytes, gd32f1x0_timer.o(.text))
<BR><BR>[Called By]<UL><LI><a href="#[52]">&gt;&gt;</a>&nbsp;&nbsp;&nbsp;PWM_init
</UL>

<P><STRONG><a name="[86]"></a>timer_channel_output_fast_config</STRONG> (Thumb, 58 bytes, Stack size 0 bytes, gd32f1x0_timer.o(.text))
<BR><BR>[Called By]<UL><LI><a href="#[52]">&gt;&gt;</a>&nbsp;&nbsp;&nbsp;PWM_init
</UL>

<P><STRONG><a name="[8c]"></a>timer_channel_output_state_config</STRONG> (Thumb, 74 bytes, Stack size 0 bytes, gd32f1x0_timer.o(.text))
<BR><BR>[Called By]<UL><LI><a href="#[52]">&gt;&gt;</a>&nbsp;&nbsp;&nbsp;PWM_init
</UL>

<P><STRONG><a name="[8d]"></a>timer_channel_complementary_output_state_config</STRONG> (Thumb, 60 bytes, Stack size 0 bytes, gd32f1x0_timer.o(.text))
<BR><BR>[Called By]<UL><LI><a href="#[52]">&gt;&gt;</a>&nbsp;&nbsp;&nbsp;PWM_init
</UL>

<P><STRONG><a name="[6d]"></a>usart_deinit</STRONG> (Thumb, 54 bytes, Stack size 0 bytes, gd32f1x0_usart.o(.text))
<BR><BR>[Calls]<UL><LI><a href="#[b9]">&gt;&gt;</a>&nbsp;&nbsp;&nbsp;rcu_periph_reset_disable
<LI><a href="#[b8]">&gt;&gt;</a>&nbsp;&nbsp;&nbsp;rcu_periph_reset_enable
</UL>
<BR>[Called By]<UL><LI><a href="#[6b]">&gt;&gt;</a>&nbsp;&nbsp;&nbsp;ShutOff
</UL>

<P><STRONG><a name="[a2]"></a>usart_baudrate_set</STRONG> (Thumb, 90 bytes, Stack size 0 bytes, gd32f1x0_usart.o(.text))
<BR><BR>[Calls]<UL><LI><a href="#[bb]">&gt;&gt;</a>&nbsp;&nbsp;&nbsp;rcu_clock_freq_get
</UL>
<BR>[Called By]<UL><LI><a href="#[54]">&gt;&gt;</a>&nbsp;&nbsp;&nbsp;USART_Steer_COM_init
<LI><a href="#[50]">&gt;&gt;</a>&nbsp;&nbsp;&nbsp;USART_MasterSlave_init
</UL>

<P><STRONG><a name="[a3]"></a>usart_parity_config</STRONG> (Thumb, 24 bytes, Stack size 0 bytes, gd32f1x0_usart.o(.text))
<BR><BR>[Called By]<UL><LI><a href="#[54]">&gt;&gt;</a>&nbsp;&nbsp;&nbsp;USART_Steer_COM_init
<LI><a href="#[50]">&gt;&gt;</a>&nbsp;&nbsp;&nbsp;USART_MasterSlave_init
</UL>

<P><STRONG><a name="[a4]"></a>usart_word_length_set</STRONG> (Thumb, 24 bytes, Stack size 0 bytes, gd32f1x0_usart.o(.text))
<BR><BR>[Called By]<UL><LI><a href="#[54]">&gt;&gt;</a>&nbsp;&nbsp;&nbsp;USART_Steer_COM_init
<LI><a href="#[50]">&gt;&gt;</a>&nbsp;&nbsp;&nbsp;USART_MasterSlave_init
</UL>

<P><STRONG><a name="[a5]"></a>usart_stop_bit_set</STRONG> (Thumb, 24 bytes, Stack size 0 bytes, gd32f1x0_usart.o(.text))
<BR><BR>[Called By]<UL><LI><a href="#[54]">&gt;&gt;</a>&nbsp;&nbsp;&nbsp;USART_Steer_COM_init
<LI><a href="#[50]">&gt;&gt;</a>&nbsp;&nbsp;&nbsp;USART_MasterSlave_init
</UL>

<P><STRONG><a name="[a9]"></a>usart_enable</STRONG> (Thumb, 10 bytes, Stack size 0 bytes, gd32f1x0_usart.o(.text))
<BR><BR>[Called By]<UL><LI><a href="#[54]">&gt;&gt;</a>&nbsp;&nbsp;&nbsp;USART_Steer_COM_init
<LI><a href="#[50]">&gt;&gt;</a>&nbsp;&nbsp;&nbsp;USART_MasterSlave_init
</UL>

<P><STRONG><a name="[a7]"></a>usart_transmit_config</STRONG> (Thumb, 16 bytes, Stack size 0 bytes, gd32f1x0_usart.o(.text))
<BR><BR>[Called By]<UL><LI><a href="#[54]">&gt;&gt;</a>&nbsp;&nbsp;&nbsp;USART_Steer_COM_init
<LI><a href="#[50]">&gt;&gt;</a>&nbsp;&nbsp;&nbsp;USART_MasterSlave_init
</UL>

<P><STRONG><a name="[a8]"></a>usart_receive_config</STRONG> (Thumb, 16 bytes, Stack size 0 bytes, gd32f1x0_usart.o(.text))
<BR><BR>[Called By]<UL><LI><a href="#[54]">&gt;&gt;</a>&nbsp;&nbsp;&nbsp;USART_Steer_COM_init
<LI><a href="#[50]">&gt;&gt;</a>&nbsp;&nbsp;&nbsp;USART_MasterSlave_init
</UL>

<P><STRONG><a name="[b2]"></a>usart_data_transmit</STRONG> (Thumb, 8 bytes, Stack size 0 bytes, gd32f1x0_usart.o(.text))
<BR><BR>[Called By]<UL><LI><a href="#[b1]">&gt;&gt;</a>&nbsp;&nbsp;&nbsp;SendBuffer
</UL>

<P><STRONG><a name="[a6]"></a>usart_oversample_config</STRONG> (Thumb, 24 bytes, Stack size 0 bytes, gd32f1x0_usart.o(.text))
<BR><BR>[Called By]<UL><LI><a href="#[54]">&gt;&gt;</a>&nbsp;&nbsp;&nbsp;USART_Steer_COM_init
<LI><a href="#[50]">&gt;&gt;</a>&nbsp;&nbsp;&nbsp;USART_MasterSlave_init
</UL>

<P><STRONG><a name="[aa]"></a>usart_dma_receive_config</STRONG> (Thumb, 16 bytes, Stack size 0 bytes, gd32f1x0_usart.o(.text))
<BR><BR>[Called By]<UL><LI><a href="#[54]">&gt;&gt;</a>&nbsp;&nbsp;&nbsp;USART_Steer_COM_init
<LI><a href="#[50]">&gt;&gt;</a>&nbsp;&nbsp;&nbsp;USART_MasterSlave_init
</UL>

<P><STRONG><a name="[b3]"></a>usart_flag_get</STRONG> (Thumb, 16 bytes, Stack size 0 bytes, gd32f1x0_usart.o(.text))
<BR><BR>[Called By]<UL><LI><a href="#[b1]">&gt;&gt;</a>&nbsp;&nbsp;&nbsp;SendBuffer
</UL>

<P><STRONG><a name="[0]"></a>Reset_Handler</STRONG> (Thumb, 8 bytes, Stack size 0 bytes, startup_gd32f1x0.o(.text))
<BR>[Address Reference Count : 1]<UL><LI> startup_gd32f1x0.o(RESET)
</UL>
<P><STRONG><a name="[16]"></a>ADC_CMP_IRQHandler</STRONG> (Thumb, 0 bytes, Stack size 0 bytes, startup_gd32f1x0.o(.text))
<BR><BR>[Calls]<UL><LI><a href="#[16]">&gt;&gt;</a>&nbsp;&nbsp;&nbsp;ADC_CMP_IRQHandler
</UL>
<BR>[Called By]<UL><LI><a href="#[16]">&gt;&gt;</a>&nbsp;&nbsp;&nbsp;ADC_CMP_IRQHandler
</UL>
<BR>[Address Reference Count : 1]<UL><LI> startup_gd32f1x0.o(RESET)
</UL>
<P><STRONG><a name="[2f]"></a>CAN0_RX0_IRQHandler</STRONG> (Thumb, 0 bytes, Stack size 0 bytes, startup_gd32f1x0.o(.text))
<BR>[Address Reference Count : 1]<UL><LI> startup_gd32f1x0.o(RESET)
</UL>
<P><STRONG><a name="[30]"></a>CAN0_RX1_IRQHandler</STRONG> (Thumb, 0 bytes, Stack size 0 bytes, startup_gd32f1x0.o(.text))
<BR>[Address Reference Count : 1]<UL><LI> startup_gd32f1x0.o(RESET)
</UL>
<P><STRONG><a name="[31]"></a>CAN0_SCE_IRQHandler</STRONG> (Thumb, 0 bytes, Stack size 0 bytes, startup_gd32f1x0.o(.text))
<BR>[Address Reference Count : 1]<UL><LI> startup_gd32f1x0.o(RESET)
</UL>
<P><STRONG><a name="[2e]"></a>CAN0_TX_IRQHandler</STRONG> (Thumb, 0 bytes, Stack size 0 bytes, startup_gd32f1x0.o(.text))
<BR>[Address Reference Count : 1]<UL><LI> startup_gd32f1x0.o(RESET)
</UL>
<P><STRONG><a name="[36]"></a>CAN1_RX0_IRQHandler</STRONG> (Thumb, 0 bytes, Stack size 0 bytes, startup_gd32f1x0.o(.text))
<BR>[Address Reference Count : 1]<UL><LI> startup_gd32f1x0.o(RESET)
</UL>
<P><STRONG><a name="[37]"></a>CAN1_RX1_IRQHandler</STRONG> (Thumb, 0 bytes, Stack size 0 bytes, startup_gd32f1x0.o(.text))
<BR>[Address Reference Count : 1]<UL><LI> startup_gd32f1x0.o(RESET)
</UL>
<P><STRONG><a name="[38]"></a>CAN1_SCE_IRQHandler</STRONG> (Thumb, 0 bytes, Stack size 0 bytes, startup_gd32f1x0.o(.text))
<BR>[Address Reference Count : 1]<UL><LI> startup_gd32f1x0.o(RESET)
</UL>
<P><STRONG><a name="[35]"></a>CAN1_TX_IRQHandler</STRONG> (Thumb, 0 bytes, Stack size 0 bytes, startup_gd32f1x0.o(.text))
<BR>[Address Reference Count : 1]<UL><LI> startup_gd32f1x0.o(RESET)
</UL>
<P><STRONG><a name="[26]"></a>CEC_IRQHandler</STRONG> (Thumb, 0 bytes, Stack size 0 bytes, startup_gd32f1x0.o(.text))
<BR>[Address Reference Count : 1]<UL><LI> startup_gd32f1x0.o(RESET)
</UL>
<P><STRONG><a name="[33]"></a>DMA_Channel5_6_IRQHandler</STRONG> (Thumb, 0 bytes, Stack size 0 bytes, startup_gd32f1x0.o(.text))
<BR>[Address Reference Count : 1]<UL><LI> startup_gd32f1x0.o(RESET)
</UL>
<P><STRONG><a name="[f]"></a>EXTI0_1_IRQHandler</STRONG> (Thumb, 0 bytes, Stack size 0 bytes, startup_gd32f1x0.o(.text))
<BR>[Address Reference Count : 1]<UL><LI> startup_gd32f1x0.o(RESET)
</UL>
<P><STRONG><a name="[10]"></a>EXTI2_3_IRQHandler</STRONG> (Thumb, 0 bytes, Stack size 0 bytes, startup_gd32f1x0.o(.text))
<BR>[Address Reference Count : 1]<UL><LI> startup_gd32f1x0.o(RESET)
</UL>
<P><STRONG><a name="[11]"></a>EXTI4_15_IRQHandler</STRONG> (Thumb, 0 bytes, Stack size 0 bytes, startup_gd32f1x0.o(.text))
<BR>[Address Reference Count : 1]<UL><LI> startup_gd32f1x0.o(RESET)
</UL>
<P><STRONG><a name="[d]"></a>FMC_IRQHandler</STRONG> (Thumb, 0 bytes, Stack size 0 bytes, startup_gd32f1x0.o(.text))
<BR>[Address Reference Count : 1]<UL><LI> startup_gd32f1x0.o(RESET)
</UL>
<P><STRONG><a name="[27]"></a>I2C0_ER_IRQHandler</STRONG> (Thumb, 0 bytes, Stack size 0 bytes, startup_gd32f1x0.o(.text))
<BR>[Address Reference Count : 1]<UL><LI> startup_gd32f1x0.o(RESET)
</UL>
<P><STRONG><a name="[20]"></a>I2C0_EV_IRQHandler</STRONG> (Thumb, 0 bytes, Stack size 0 bytes, startup_gd32f1x0.o(.text))
<BR>[Address Reference Count : 1]<UL><LI> startup_gd32f1x0.o(RESET)
</UL>
<P><STRONG><a name="[28]"></a>I2C1_ER_IRQHandler</STRONG> (Thumb, 0 bytes, Stack size 0 bytes, startup_gd32f1x0.o(.text))
<BR>[Address Reference Count : 1]<UL><LI> startup_gd32f1x0.o(RESET)
</UL>
<P><STRONG><a name="[21]"></a>I2C1_EV_IRQHandler</STRONG> (Thumb, 0 bytes, Stack size 0 bytes, startup_gd32f1x0.o(.text))
<BR>[Address Reference Count : 1]<UL><LI> startup_gd32f1x0.o(RESET)
</UL>
<P><STRONG><a name="[2a]"></a>I2C2_ER_IRQHandler</STRONG> (Thumb, 0 bytes, Stack size 0 bytes, startup_gd32f1x0.o(.text))
<BR>[Address Reference Count : 1]<UL><LI> startup_gd32f1x0.o(RESET)
</UL>
<P><STRONG><a name="[29]"></a>I2C2_EV_IRQHandler</STRONG> (Thumb, 0 bytes, Stack size 0 bytes, startup_gd32f1x0.o(.text))
<BR>[Address Reference Count : 1]<UL><LI> startup_gd32f1x0.o(RESET)
</UL>
<P><STRONG><a name="[b]"></a>LVD_IRQHandler</STRONG> (Thumb, 0 bytes, Stack size 0 bytes, startup_gd32f1x0.o(.text))
<BR>[Address Reference Count : 1]<UL><LI> startup_gd32f1x0.o(RESET)
</UL>
<P><STRONG><a name="[e]"></a>RCU_IRQHandler</STRONG> (Thumb, 0 bytes, Stack size 0 bytes, startup_gd32f1x0.o(.text))
<BR>[Address Reference Count : 1]<UL><LI> startup_gd32f1x0.o(RESET)
</UL>
<P><STRONG><a name="[c]"></a>RTC_IRQHandler</STRONG> (Thumb, 0 bytes, Stack size 0 bytes, startup_gd32f1x0.o(.text))
<BR>[Address Reference Count : 1]<UL><LI> startup_gd32f1x0.o(RESET)
</UL>
<P><STRONG><a name="[32]"></a>SLCD_IRQHandler</STRONG> (Thumb, 0 bytes, Stack size 0 bytes, startup_gd32f1x0.o(.text))
<BR>[Address Reference Count : 1]<UL><LI> startup_gd32f1x0.o(RESET)
</UL>
<P><STRONG><a name="[22]"></a>SPI0_IRQHandler</STRONG> (Thumb, 0 bytes, Stack size 0 bytes, startup_gd32f1x0.o(.text))
<BR>[Address Reference Count : 1]<UL><LI> startup_gd32f1x0.o(RESET)
</UL>
<P><STRONG><a name="[23]"></a>SPI1_IRQHandler</STRONG> (Thumb, 0 bytes, Stack size 0 bytes, startup_gd32f1x0.o(.text))
<BR>[Address Reference Count : 1]<UL><LI> startup_gd32f1x0.o(RESET)
</UL>
<P><STRONG><a name="[34]"></a>SPI2_IRQHandler</STRONG> (Thumb, 0 bytes, Stack size 0 bytes, startup_gd32f1x0.o(.text))
<BR>[Address Reference Count : 1]<UL><LI> startup_gd32f1x0.o(RESET)
</UL>
<P><STRONG><a name="[18]"></a>TIMER0_Channel_IRQHandler</STRONG> (Thumb, 0 bytes, Stack size 0 bytes, startup_gd32f1x0.o(.text))
<BR>[Address Reference Count : 1]<UL><LI> startup_gd32f1x0.o(RESET)
</UL>
<P><STRONG><a name="[1d]"></a>TIMER14_IRQHandler</STRONG> (Thumb, 0 bytes, Stack size 0 bytes, startup_gd32f1x0.o(.text))
<BR>[Address Reference Count : 1]<UL><LI> startup_gd32f1x0.o(RESET)
</UL>
<P><STRONG><a name="[1e]"></a>TIMER15_IRQHandler</STRONG> (Thumb, 0 bytes, Stack size 0 bytes, startup_gd32f1x0.o(.text))
<BR>[Address Reference Count : 1]<UL><LI> startup_gd32f1x0.o(RESET)
</UL>
<P><STRONG><a name="[1f]"></a>TIMER16_IRQHandler</STRONG> (Thumb, 0 bytes, Stack size 0 bytes, startup_gd32f1x0.o(.text))
<BR>[Address Reference Count : 1]<UL><LI> startup_gd32f1x0.o(RESET)
</UL>
<P><STRONG><a name="[19]"></a>TIMER1_IRQHandler</STRONG> (Thumb, 0 bytes, Stack size 0 bytes, startup_gd32f1x0.o(.text))
<BR>[Address Reference Count : 1]<UL><LI> startup_gd32f1x0.o(RESET)
</UL>
<P><STRONG><a name="[1a]"></a>TIMER2_IRQHandler</STRONG> (Thumb, 0 bytes, Stack size 0 bytes, startup_gd32f1x0.o(.text))
<BR>[Address Reference Count : 1]<UL><LI> startup_gd32f1x0.o(RESET)
</UL>
<P><STRONG><a name="[1b]"></a>TIMER5_DAC_IRQHandler</STRONG> (Thumb, 0 bytes, Stack size 0 bytes, startup_gd32f1x0.o(.text))
<BR>[Address Reference Count : 1]<UL><LI> startup_gd32f1x0.o(RESET)
</UL>
<P><STRONG><a name="[12]"></a>TSI_IRQHandler</STRONG> (Thumb, 0 bytes, Stack size 0 bytes, startup_gd32f1x0.o(.text))
<BR>[Address Reference Count : 1]<UL><LI> startup_gd32f1x0.o(RESET)
</UL>
<P><STRONG><a name="[24]"></a>USART0_IRQHandler</STRONG> (Thumb, 0 bytes, Stack size 0 bytes, startup_gd32f1x0.o(.text))
<BR>[Address Reference Count : 1]<UL><LI> startup_gd32f1x0.o(RESET)
</UL>
<P><STRONG><a name="[25]"></a>USART1_IRQHandler</STRONG> (Thumb, 0 bytes, Stack size 0 bytes, startup_gd32f1x0.o(.text))
<BR>[Address Reference Count : 1]<UL><LI> startup_gd32f1x0.o(RESET)
</UL>
<P><STRONG><a name="[2d]"></a>USBDWakeUp_IRQHandler</STRONG> (Thumb, 0 bytes, Stack size 0 bytes, startup_gd32f1x0.o(.text))
<BR>[Address Reference Count : 1]<UL><LI> startup_gd32f1x0.o(RESET)
</UL>
<P><STRONG><a name="[2c]"></a>USBD_HP_IRQHandler</STRONG> (Thumb, 0 bytes, Stack size 0 bytes, startup_gd32f1x0.o(.text))
<BR>[Address Reference Count : 1]<UL><LI> startup_gd32f1x0.o(RESET)
</UL>
<P><STRONG><a name="[2b]"></a>USBD_LP_IRQHandler</STRONG> (Thumb, 0 bytes, Stack size 0 bytes, startup_gd32f1x0.o(.text))
<BR>[Address Reference Count : 1]<UL><LI> startup_gd32f1x0.o(RESET)
</UL>
<P><STRONG><a name="[a]"></a>WWDGT_IRQHandler</STRONG> (Thumb, 0 bytes, Stack size 0 bytes, startup_gd32f1x0.o(.text))
<BR>[Address Reference Count : 1]<UL><LI> startup_gd32f1x0.o(RESET)
</UL>
<P><STRONG><a name="[bd]"></a>__user_initial_stackheap</STRONG> (Thumb, 10 bytes, Stack size 0 bytes, startup_gd32f1x0.o(.text))
<BR><BR>[Called By]<UL><LI><a href="#[40]">&gt;&gt;</a>&nbsp;&nbsp;&nbsp;__user_setup_stackheap
</UL>

<P><STRONG><a name="[39]"></a>SystemInit</STRONG> (Thumb, 188 bytes, Stack size 0 bytes, system_gd32f1x0.o(.text))
<BR>[Address Reference Count : 1]<UL><LI> startup_gd32f1x0.o(.text)
</UL>
<P><STRONG><a name="[4a]"></a>SystemCoreClockUpdate</STRONG> (Thumb, 112 bytes, Stack size 0 bytes, system_gd32f1x0.o(.text))
<BR><BR>[Called By]<UL><LI><a href="#[44]">&gt;&gt;</a>&nbsp;&nbsp;&nbsp;main
</UL>

<P><STRONG><a name="[40]"></a>__user_setup_stackheap</STRONG> (Thumb, 74 bytes, Stack size 0 bytes, sys_stackheap_outer.o(.text))
<BR><BR>[Calls]<UL><LI><a href="#[bc]">&gt;&gt;</a>&nbsp;&nbsp;&nbsp;__user_perproc_libspace
<LI><a href="#[bd]">&gt;&gt;</a>&nbsp;&nbsp;&nbsp;__user_initial_stackheap
</UL>
<BR>[Called By]<UL><LI><a href="#[3f]">&gt;&gt;</a>&nbsp;&nbsp;&nbsp;__rt_entry_sh
</UL>

<P><STRONG><a name="[45]"></a>exit</STRONG> (Thumb, 18 bytes, Stack size 0 bytes, exit.o(.text))
<BR><BR>[Calls]<UL><LI><a href="#[be]">&gt;&gt;</a>&nbsp;&nbsp;&nbsp;__rt_exit
</UL>
<BR>[Called By]<UL><LI><a href="#[43]">&gt;&gt;</a>&nbsp;&nbsp;&nbsp;__rt_entry_main
</UL>

<P><STRONG><a name="[bc]"></a>__user_perproc_libspace</STRONG> (Thumb, 0 bytes, Stack size 0 bytes, libspace.o(.text))
<BR><BR>[Called By]<UL><LI><a href="#[40]">&gt;&gt;</a>&nbsp;&nbsp;&nbsp;__user_setup_stackheap
</UL>

<P><STRONG><a name="[49]"></a>_sys_exit</STRONG> (Thumb, 8 bytes, Stack size 0 bytes, sys_exit.o(.text))
<BR><BR>[Called By]<UL><LI><a href="#[48]">&gt;&gt;</a>&nbsp;&nbsp;&nbsp;__rt_exit_exit
</UL>

<P><STRONG><a name="[5d]"></a>__aeabi_d2f</STRONG> (Thumb, 0 bytes, Stack size 0 bytes, d2f.o(x$fpl$d2f))
<BR><BR>[Called By]<UL><LI><a href="#[6e]">&gt;&gt;</a>&nbsp;&nbsp;&nbsp;CalculateBLDC
<LI><a href="#[44]">&gt;&gt;</a>&nbsp;&nbsp;&nbsp;main
</UL>

<P><STRONG><a name="[bf]"></a>_d2f</STRONG> (Thumb, 98 bytes, Stack size 0 bytes, d2f.o(x$fpl$d2f), UNUSED)
<BR><BR>[Calls]<UL><LI><a href="#[c0]">&gt;&gt;</a>&nbsp;&nbsp;&nbsp;__fpl_fretinf
<LI><a href="#[c1]">&gt;&gt;</a>&nbsp;&nbsp;&nbsp;__fpl_dnaninf
</UL>

<P><STRONG><a name="[5c]"></a>__aeabi_dadd</STRONG> (Thumb, 0 bytes, Stack size 0 bytes, daddsub_clz.o(x$fpl$dadd))
<BR><BR>[Called By]<UL><LI><a href="#[6e]">&gt;&gt;</a>&nbsp;&nbsp;&nbsp;CalculateBLDC
<LI><a href="#[44]">&gt;&gt;</a>&nbsp;&nbsp;&nbsp;main
</UL>

<P><STRONG><a name="[c2]"></a>_dadd</STRONG> (Thumb, 332 bytes, Stack size 0 bytes, daddsub_clz.o(x$fpl$dadd), UNUSED)
<BR><BR>[Calls]<UL><LI><a href="#[c4]">&gt;&gt;</a>&nbsp;&nbsp;&nbsp;__fpl_dretinf
<LI><a href="#[c1]">&gt;&gt;</a>&nbsp;&nbsp;&nbsp;__fpl_dnaninf
<LI><a href="#[c3]">&gt;&gt;</a>&nbsp;&nbsp;&nbsp;_dsub1
</UL>

<P><STRONG><a name="[c7]"></a>__fpl_dcmp_Inf</STRONG> (Thumb, 24 bytes, Stack size 0 bytes, dcmpi.o(x$fpl$dcmpinf), UNUSED)
<BR><BR>[Called By]<UL><LI><a href="#[c9]">&gt;&gt;</a>&nbsp;&nbsp;&nbsp;_dcmple
<LI><a href="#[c8]">&gt;&gt;</a>&nbsp;&nbsp;&nbsp;_dcmpge
<LI><a href="#[c6]">&gt;&gt;</a>&nbsp;&nbsp;&nbsp;_dcmpeq
</UL>

<P><STRONG><a name="[5b]"></a>__aeabi_ddiv</STRONG> (Thumb, 0 bytes, Stack size 0 bytes, ddiv.o(x$fpl$ddiv))
<BR><BR>[Called By]<UL><LI><a href="#[44]">&gt;&gt;</a>&nbsp;&nbsp;&nbsp;main
</UL>

<P><STRONG><a name="[c5]"></a>_ddiv</STRONG> (Thumb, 556 bytes, Stack size 0 bytes, ddiv.o(x$fpl$ddiv), UNUSED)
<BR><BR>[Calls]<UL><LI><a href="#[c4]">&gt;&gt;</a>&nbsp;&nbsp;&nbsp;__fpl_dretinf
<LI><a href="#[c1]">&gt;&gt;</a>&nbsp;&nbsp;&nbsp;__fpl_dnaninf
</UL>

<P><STRONG><a name="[c6]"></a>_dcmpeq</STRONG> (Thumb, 120 bytes, Stack size 0 bytes, deqf.o(x$fpl$deqf), UNUSED)
<BR><BR>[Calls]<UL><LI><a href="#[c7]">&gt;&gt;</a>&nbsp;&nbsp;&nbsp;__fpl_dcmp_Inf
<LI><a href="#[c1]">&gt;&gt;</a>&nbsp;&nbsp;&nbsp;__fpl_dnaninf
</UL>
<BR>[Called By]<UL><LI><a href="#[d2]">&gt;&gt;</a>&nbsp;&nbsp;&nbsp;_dneq
<LI><a href="#[d1]">&gt;&gt;</a>&nbsp;&nbsp;&nbsp;_deq
</UL>

<P><STRONG><a name="[70]"></a>__aeabi_i2d</STRONG> (Thumb, 0 bytes, Stack size 0 bytes, dflt_clz.o(x$fpl$dflt))
<BR><BR>[Called By]<UL><LI><a href="#[6e]">&gt;&gt;</a>&nbsp;&nbsp;&nbsp;CalculateBLDC
</UL>

<P><STRONG><a name="[6f]"></a>__aeabi_ui2d</STRONG> (Thumb, 0 bytes, Stack size 0 bytes, dflt_clz.o(x$fpl$dfltu))
<BR><BR>[Called By]<UL><LI><a href="#[6e]">&gt;&gt;</a>&nbsp;&nbsp;&nbsp;CalculateBLDC
</UL>

<P><STRONG><a name="[c8]"></a>_dcmpge</STRONG> (Thumb, 120 bytes, Stack size 0 bytes, dgeqf.o(x$fpl$dgeqf), UNUSED)
<BR><BR>[Calls]<UL><LI><a href="#[c7]">&gt;&gt;</a>&nbsp;&nbsp;&nbsp;__fpl_dcmp_Inf
<LI><a href="#[c1]">&gt;&gt;</a>&nbsp;&nbsp;&nbsp;__fpl_dnaninf
</UL>
<BR>[Called By]<UL><LI><a href="#[d4]">&gt;&gt;</a>&nbsp;&nbsp;&nbsp;_dgeq
<LI><a href="#[d3]">&gt;&gt;</a>&nbsp;&nbsp;&nbsp;_dgr
</UL>

<P><STRONG><a name="[c9]"></a>_dcmple</STRONG> (Thumb, 120 bytes, Stack size 0 bytes, dleqf.o(x$fpl$dleqf), UNUSED)
<BR><BR>[Calls]<UL><LI><a href="#[c7]">&gt;&gt;</a>&nbsp;&nbsp;&nbsp;__fpl_dcmp_Inf
<LI><a href="#[c1]">&gt;&gt;</a>&nbsp;&nbsp;&nbsp;__fpl_dnaninf
</UL>
<BR>[Called By]<UL><LI><a href="#[d6]">&gt;&gt;</a>&nbsp;&nbsp;&nbsp;_dls
<LI><a href="#[d5]">&gt;&gt;</a>&nbsp;&nbsp;&nbsp;_dleq
</UL>

<P><STRONG><a name="[5a]"></a>__aeabi_dmul</STRONG> (Thumb, 0 bytes, Stack size 0 bytes, dmul.o(x$fpl$dmul))
<BR><BR>[Called By]<UL><LI><a href="#[6e]">&gt;&gt;</a>&nbsp;&nbsp;&nbsp;CalculateBLDC
<LI><a href="#[44]">&gt;&gt;</a>&nbsp;&nbsp;&nbsp;main
</UL>

<P><STRONG><a name="[ca]"></a>_dmul</STRONG> (Thumb, 332 bytes, Stack size 0 bytes, dmul.o(x$fpl$dmul), UNUSED)
<BR><BR>[Calls]<UL><LI><a href="#[c4]">&gt;&gt;</a>&nbsp;&nbsp;&nbsp;__fpl_dretinf
<LI><a href="#[c1]">&gt;&gt;</a>&nbsp;&nbsp;&nbsp;__fpl_dnaninf
</UL>

<P><STRONG><a name="[c1]"></a>__fpl_dnaninf</STRONG> (Thumb, 156 bytes, Stack size 0 bytes, dnaninf.o(x$fpl$dnaninf), UNUSED)
<BR><BR>[Called By]<UL><LI><a href="#[c9]">&gt;&gt;</a>&nbsp;&nbsp;&nbsp;_dcmple
<LI><a href="#[c8]">&gt;&gt;</a>&nbsp;&nbsp;&nbsp;_dcmpge
<LI><a href="#[c6]">&gt;&gt;</a>&nbsp;&nbsp;&nbsp;_dcmpeq
<LI><a href="#[ca]">&gt;&gt;</a>&nbsp;&nbsp;&nbsp;_dmul
<LI><a href="#[c5]">&gt;&gt;</a>&nbsp;&nbsp;&nbsp;_ddiv
<LI><a href="#[cb]">&gt;&gt;</a>&nbsp;&nbsp;&nbsp;_dsub
<LI><a href="#[c2]">&gt;&gt;</a>&nbsp;&nbsp;&nbsp;_dadd
<LI><a href="#[bf]">&gt;&gt;</a>&nbsp;&nbsp;&nbsp;_d2f
</UL>

<P><STRONG><a name="[c4]"></a>__fpl_dretinf</STRONG> (Thumb, 12 bytes, Stack size 0 bytes, dretinf.o(x$fpl$dretinf), UNUSED)
<BR><BR>[Called By]<UL><LI><a href="#[cd]">&gt;&gt;</a>&nbsp;&nbsp;&nbsp;_f2d
<LI><a href="#[ca]">&gt;&gt;</a>&nbsp;&nbsp;&nbsp;_dmul
<LI><a href="#[c5]">&gt;&gt;</a>&nbsp;&nbsp;&nbsp;_ddiv
<LI><a href="#[c2]">&gt;&gt;</a>&nbsp;&nbsp;&nbsp;_dadd
</UL>

<P><STRONG><a name="[cb]"></a>_dsub</STRONG> (Thumb, 472 bytes, Stack size 0 bytes, daddsub_clz.o(x$fpl$dsub), UNUSED)
<BR><BR>[Calls]<UL><LI><a href="#[c1]">&gt;&gt;</a>&nbsp;&nbsp;&nbsp;__fpl_dnaninf
<LI><a href="#[cc]">&gt;&gt;</a>&nbsp;&nbsp;&nbsp;_dadd1
</UL>

<P><STRONG><a name="[59]"></a>__aeabi_f2d</STRONG> (Thumb, 0 bytes, Stack size 0 bytes, f2d.o(x$fpl$f2d))
<BR><BR>[Called By]<UL><LI><a href="#[6e]">&gt;&gt;</a>&nbsp;&nbsp;&nbsp;CalculateBLDC
<LI><a href="#[44]">&gt;&gt;</a>&nbsp;&nbsp;&nbsp;main
</UL>

<P><STRONG><a name="[cd]"></a>_f2d</STRONG> (Thumb, 86 bytes, Stack size 0 bytes, f2d.o(x$fpl$f2d), UNUSED)
<BR><BR>[Calls]<UL><LI><a href="#[ce]">&gt;&gt;</a>&nbsp;&nbsp;&nbsp;__fpl_fnaninf
<LI><a href="#[c4]">&gt;&gt;</a>&nbsp;&nbsp;&nbsp;__fpl_dretinf
</UL>

<P><STRONG><a name="[62]"></a>__aeabi_fadd</STRONG> (Thumb, 0 bytes, Stack size 0 bytes, faddsub_clz.o(x$fpl$fadd))
<BR><BR>[Called By]<UL><LI><a href="#[44]">&gt;&gt;</a>&nbsp;&nbsp;&nbsp;main
</UL>

<P><STRONG><a name="[cf]"></a>_fadd</STRONG> (Thumb, 196 bytes, Stack size 0 bytes, faddsub_clz.o(x$fpl$fadd), UNUSED)
<BR><BR>[Calls]<UL><LI><a href="#[c0]">&gt;&gt;</a>&nbsp;&nbsp;&nbsp;__fpl_fretinf
<LI><a href="#[ce]">&gt;&gt;</a>&nbsp;&nbsp;&nbsp;__fpl_fnaninf
<LI><a href="#[d0]">&gt;&gt;</a>&nbsp;&nbsp;&nbsp;_fsub1
</UL>

<P><STRONG><a name="[d1]"></a>_deq</STRONG> (Thumb, 14 bytes, Stack size 0 bytes, dcmp.o(x$fpl$fcmp), UNUSED)
<BR><BR>[Calls]<UL><LI><a href="#[c6]">&gt;&gt;</a>&nbsp;&nbsp;&nbsp;_dcmpeq
</UL>

<P><STRONG><a name="[d2]"></a>_dneq</STRONG> (Thumb, 14 bytes, Stack size 0 bytes, dcmp.o(x$fpl$fcmp), UNUSED)
<BR><BR>[Calls]<UL><LI><a href="#[c6]">&gt;&gt;</a>&nbsp;&nbsp;&nbsp;_dcmpeq
</UL>

<P><STRONG><a name="[d3]"></a>_dgr</STRONG> (Thumb, 14 bytes, Stack size 0 bytes, dcmp.o(x$fpl$fcmp), UNUSED)
<BR><BR>[Calls]<UL><LI><a href="#[c8]">&gt;&gt;</a>&nbsp;&nbsp;&nbsp;_dcmpge
</UL>

<P><STRONG><a name="[6a]"></a>__aeabi_dcmpge</STRONG> (Thumb, 0 bytes, Stack size 0 bytes, dcmp.o(x$fpl$fcmp))
<BR><BR>[Called By]<UL><LI><a href="#[44]">&gt;&gt;</a>&nbsp;&nbsp;&nbsp;main
</UL>

<P><STRONG><a name="[d4]"></a>_dgeq</STRONG> (Thumb, 14 bytes, Stack size 0 bytes, dcmp.o(x$fpl$fcmp), UNUSED)
<BR><BR>[Calls]<UL><LI><a href="#[c8]">&gt;&gt;</a>&nbsp;&nbsp;&nbsp;_dcmpge
</UL>

<P><STRONG><a name="[68]"></a>__aeabi_dcmple</STRONG> (Thumb, 0 bytes, Stack size 0 bytes, dcmp.o(x$fpl$fcmp))
<BR><BR>[Called By]<UL><LI><a href="#[44]">&gt;&gt;</a>&nbsp;&nbsp;&nbsp;main
</UL>

<P><STRONG><a name="[d5]"></a>_dleq</STRONG> (Thumb, 14 bytes, Stack size 0 bytes, dcmp.o(x$fpl$fcmp), UNUSED)
<BR><BR>[Calls]<UL><LI><a href="#[c9]">&gt;&gt;</a>&nbsp;&nbsp;&nbsp;_dcmple
</UL>

<P><STRONG><a name="[d6]"></a>_dls</STRONG> (Thumb, 14 bytes, Stack size 0 bytes, dcmp.o(x$fpl$fcmp), UNUSED)
<BR><BR>[Calls]<UL><LI><a href="#[c9]">&gt;&gt;</a>&nbsp;&nbsp;&nbsp;_dcmple
</UL>

<P><STRONG><a name="[d7]"></a>_feq</STRONG> (Thumb, 14 bytes, Stack size 0 bytes, fcmp.o(x$fpl$fcmp), UNUSED)
<BR><BR>[Calls]<UL><LI><a href="#[d8]">&gt;&gt;</a>&nbsp;&nbsp;&nbsp;_fcmpeq
</UL>

<P><STRONG><a name="[d9]"></a>_fneq</STRONG> (Thumb, 14 bytes, Stack size 0 bytes, fcmp.o(x$fpl$fcmp), UNUSED)
<BR><BR>[Calls]<UL><LI><a href="#[d8]">&gt;&gt;</a>&nbsp;&nbsp;&nbsp;_fcmpeq
</UL>

<P><STRONG><a name="[71]"></a>__aeabi_fcmpgt</STRONG> (Thumb, 0 bytes, Stack size 0 bytes, fcmp.o(x$fpl$fcmp))
<BR><BR>[Called By]<UL><LI><a href="#[6e]">&gt;&gt;</a>&nbsp;&nbsp;&nbsp;CalculateBLDC
</UL>

<P><STRONG><a name="[da]"></a>_fgr</STRONG> (Thumb, 14 bytes, Stack size 0 bytes, fcmp.o(x$fpl$fcmp), UNUSED)
<BR><BR>[Calls]<UL><LI><a href="#[db]">&gt;&gt;</a>&nbsp;&nbsp;&nbsp;_fcmpge
</UL>

<P><STRONG><a name="[69]"></a>__aeabi_fcmpge</STRONG> (Thumb, 0 bytes, Stack size 0 bytes, fcmp.o(x$fpl$fcmp))
<BR><BR>[Called By]<UL><LI><a href="#[44]">&gt;&gt;</a>&nbsp;&nbsp;&nbsp;main
</UL>

<P><STRONG><a name="[dc]"></a>_fgeq</STRONG> (Thumb, 14 bytes, Stack size 0 bytes, fcmp.o(x$fpl$fcmp), UNUSED)
<BR><BR>[Calls]<UL><LI><a href="#[db]">&gt;&gt;</a>&nbsp;&nbsp;&nbsp;_fcmpge
</UL>

<P><STRONG><a name="[67]"></a>__aeabi_fcmple</STRONG> (Thumb, 0 bytes, Stack size 0 bytes, fcmp.o(x$fpl$fcmp))
<BR><BR>[Called By]<UL><LI><a href="#[44]">&gt;&gt;</a>&nbsp;&nbsp;&nbsp;main
</UL>

<P><STRONG><a name="[dd]"></a>_fleq</STRONG> (Thumb, 14 bytes, Stack size 0 bytes, fcmp.o(x$fpl$fcmp), UNUSED)
<BR><BR>[Calls]<UL><LI><a href="#[de]">&gt;&gt;</a>&nbsp;&nbsp;&nbsp;_fcmple
</UL>

<P><STRONG><a name="[63]"></a>__aeabi_fcmplt</STRONG> (Thumb, 0 bytes, Stack size 0 bytes, fcmp.o(x$fpl$fcmp))
<BR><BR>[Called By]<UL><LI><a href="#[44]">&gt;&gt;</a>&nbsp;&nbsp;&nbsp;main
</UL>

<P><STRONG><a name="[df]"></a>_fls</STRONG> (Thumb, 14 bytes, Stack size 0 bytes, fcmp.o(x$fpl$fcmp), UNUSED)
<BR><BR>[Calls]<UL><LI><a href="#[de]">&gt;&gt;</a>&nbsp;&nbsp;&nbsp;_fcmple
</UL>

<P><STRONG><a name="[e1]"></a>__fpl_fcmp_Inf</STRONG> (Thumb, 24 bytes, Stack size 0 bytes, fcmpi.o(x$fpl$fcmpinf), UNUSED)
<BR><BR>[Called By]<UL><LI><a href="#[de]">&gt;&gt;</a>&nbsp;&nbsp;&nbsp;_fcmple
<LI><a href="#[db]">&gt;&gt;</a>&nbsp;&nbsp;&nbsp;_fcmpge
<LI><a href="#[d8]">&gt;&gt;</a>&nbsp;&nbsp;&nbsp;_fcmpeq
</UL>

<P><STRONG><a name="[61]"></a>__aeabi_fdiv</STRONG> (Thumb, 0 bytes, Stack size 0 bytes, fdiv.o(x$fpl$fdiv))
<BR><BR>[Called By]<UL><LI><a href="#[6e]">&gt;&gt;</a>&nbsp;&nbsp;&nbsp;CalculateBLDC
<LI><a href="#[44]">&gt;&gt;</a>&nbsp;&nbsp;&nbsp;main
</UL>

<P><STRONG><a name="[e0]"></a>_fdiv</STRONG> (Thumb, 384 bytes, Stack size 0 bytes, fdiv.o(x$fpl$fdiv), UNUSED)
<BR><BR>[Calls]<UL><LI><a href="#[c0]">&gt;&gt;</a>&nbsp;&nbsp;&nbsp;__fpl_fretinf
<LI><a href="#[ce]">&gt;&gt;</a>&nbsp;&nbsp;&nbsp;__fpl_fnaninf
</UL>

<P><STRONG><a name="[d8]"></a>_fcmpeq</STRONG> (Thumb, 104 bytes, Stack size 0 bytes, feqf.o(x$fpl$feqf), UNUSED)
<BR><BR>[Calls]<UL><LI><a href="#[e1]">&gt;&gt;</a>&nbsp;&nbsp;&nbsp;__fpl_fcmp_Inf
<LI><a href="#[ce]">&gt;&gt;</a>&nbsp;&nbsp;&nbsp;__fpl_fnaninf
</UL>
<BR>[Called By]<UL><LI><a href="#[d9]">&gt;&gt;</a>&nbsp;&nbsp;&nbsp;_fneq
<LI><a href="#[d7]">&gt;&gt;</a>&nbsp;&nbsp;&nbsp;_feq
</UL>

<P><STRONG><a name="[5f]"></a>__aeabi_f2iz</STRONG> (Thumb, 0 bytes, Stack size 0 bytes, ffix.o(x$fpl$ffix))
<BR><BR>[Called By]<UL><LI><a href="#[57]">&gt;&gt;</a>&nbsp;&nbsp;&nbsp;SendSteerDevice
<LI><a href="#[44]">&gt;&gt;</a>&nbsp;&nbsp;&nbsp;main
</UL>

<P><STRONG><a name="[e2]"></a>_ffix</STRONG> (Thumb, 54 bytes, Stack size 0 bytes, ffix.o(x$fpl$ffix), UNUSED)
<BR><BR>[Calls]<UL><LI><a href="#[ce]">&gt;&gt;</a>&nbsp;&nbsp;&nbsp;__fpl_fnaninf
</UL>

<P><STRONG><a name="[58]"></a>__aeabi_i2f</STRONG> (Thumb, 0 bytes, Stack size 0 bytes, fflt_clz.o(x$fpl$fflt))
<BR><BR>[Called By]<UL><LI><a href="#[44]">&gt;&gt;</a>&nbsp;&nbsp;&nbsp;main
</UL>

<P><STRONG><a name="[75]"></a>__aeabi_ui2f</STRONG> (Thumb, 0 bytes, Stack size 0 bytes, fflt_clz.o(x$fpl$ffltu))
<BR><BR>[Called By]<UL><LI><a href="#[6e]">&gt;&gt;</a>&nbsp;&nbsp;&nbsp;CalculateBLDC
</UL>

<P><STRONG><a name="[db]"></a>_fcmpge</STRONG> (Thumb, 104 bytes, Stack size 0 bytes, fgeqf.o(x$fpl$fgeqf), UNUSED)
<BR><BR>[Calls]<UL><LI><a href="#[e1]">&gt;&gt;</a>&nbsp;&nbsp;&nbsp;__fpl_fcmp_Inf
<LI><a href="#[ce]">&gt;&gt;</a>&nbsp;&nbsp;&nbsp;__fpl_fnaninf
</UL>
<BR>[Called By]<UL><LI><a href="#[dc]">&gt;&gt;</a>&nbsp;&nbsp;&nbsp;_fgeq
<LI><a href="#[da]">&gt;&gt;</a>&nbsp;&nbsp;&nbsp;_fgr
</UL>

<P><STRONG><a name="[de]"></a>_fcmple</STRONG> (Thumb, 104 bytes, Stack size 0 bytes, fleqf.o(x$fpl$fleqf), UNUSED)
<BR><BR>[Calls]<UL><LI><a href="#[e1]">&gt;&gt;</a>&nbsp;&nbsp;&nbsp;__fpl_fcmp_Inf
<LI><a href="#[ce]">&gt;&gt;</a>&nbsp;&nbsp;&nbsp;__fpl_fnaninf
</UL>
<BR>[Called By]<UL><LI><a href="#[df]">&gt;&gt;</a>&nbsp;&nbsp;&nbsp;_fls
<LI><a href="#[dd]">&gt;&gt;</a>&nbsp;&nbsp;&nbsp;_fleq
</UL>

<P><STRONG><a name="[5e]"></a>__aeabi_fmul</STRONG> (Thumb, 0 bytes, Stack size 0 bytes, fmul.o(x$fpl$fmul))
<BR><BR>[Called By]<UL><LI><a href="#[57]">&gt;&gt;</a>&nbsp;&nbsp;&nbsp;SendSteerDevice
<LI><a href="#[44]">&gt;&gt;</a>&nbsp;&nbsp;&nbsp;main
</UL>

<P><STRONG><a name="[e3]"></a>_fmul</STRONG> (Thumb, 258 bytes, Stack size 0 bytes, fmul.o(x$fpl$fmul), UNUSED)
<BR><BR>[Calls]<UL><LI><a href="#[c0]">&gt;&gt;</a>&nbsp;&nbsp;&nbsp;__fpl_fretinf
<LI><a href="#[ce]">&gt;&gt;</a>&nbsp;&nbsp;&nbsp;__fpl_fnaninf
</UL>

<P><STRONG><a name="[ce]"></a>__fpl_fnaninf</STRONG> (Thumb, 140 bytes, Stack size 0 bytes, fnaninf.o(x$fpl$fnaninf), UNUSED)
<BR><BR>[Called By]<UL><LI><a href="#[de]">&gt;&gt;</a>&nbsp;&nbsp;&nbsp;_fcmple
<LI><a href="#[db]">&gt;&gt;</a>&nbsp;&nbsp;&nbsp;_fcmpge
<LI><a href="#[d8]">&gt;&gt;</a>&nbsp;&nbsp;&nbsp;_fcmpeq
<LI><a href="#[e3]">&gt;&gt;</a>&nbsp;&nbsp;&nbsp;_fmul
<LI><a href="#[e2]">&gt;&gt;</a>&nbsp;&nbsp;&nbsp;_ffix
<LI><a href="#[e0]">&gt;&gt;</a>&nbsp;&nbsp;&nbsp;_fdiv
<LI><a href="#[e4]">&gt;&gt;</a>&nbsp;&nbsp;&nbsp;_fsub
<LI><a href="#[cf]">&gt;&gt;</a>&nbsp;&nbsp;&nbsp;_fadd
<LI><a href="#[cd]">&gt;&gt;</a>&nbsp;&nbsp;&nbsp;_f2d
</UL>

<P><STRONG><a name="[c0]"></a>__fpl_fretinf</STRONG> (Thumb, 10 bytes, Stack size 0 bytes, fretinf.o(x$fpl$fretinf), UNUSED)
<BR><BR>[Called By]<UL><LI><a href="#[e3]">&gt;&gt;</a>&nbsp;&nbsp;&nbsp;_fmul
<LI><a href="#[e0]">&gt;&gt;</a>&nbsp;&nbsp;&nbsp;_fdiv
<LI><a href="#[cf]">&gt;&gt;</a>&nbsp;&nbsp;&nbsp;_fadd
<LI><a href="#[bf]">&gt;&gt;</a>&nbsp;&nbsp;&nbsp;_d2f
</UL>

<P><STRONG><a name="[60]"></a>__aeabi_fsub</STRONG> (Thumb, 0 bytes, Stack size 0 bytes, faddsub_clz.o(x$fpl$fsub))
<BR><BR>[Called By]<UL><LI><a href="#[44]">&gt;&gt;</a>&nbsp;&nbsp;&nbsp;main
</UL>

<P><STRONG><a name="[e4]"></a>_fsub</STRONG> (Thumb, 234 bytes, Stack size 0 bytes, faddsub_clz.o(x$fpl$fsub), UNUSED)
<BR><BR>[Calls]<UL><LI><a href="#[ce]">&gt;&gt;</a>&nbsp;&nbsp;&nbsp;__fpl_fnaninf
<LI><a href="#[e5]">&gt;&gt;</a>&nbsp;&nbsp;&nbsp;_fadd1
</UL>
<P>
<H3>
Local Symbols
</H3>
<P><STRONG><a name="[cc]"></a>_dadd1</STRONG> (Thumb, 0 bytes, Stack size 0 bytes, daddsub_clz.o(x$fpl$dadd), UNUSED)
<BR><BR>[Called By]<UL><LI><a href="#[cb]">&gt;&gt;</a>&nbsp;&nbsp;&nbsp;_dsub
</UL>

<P><STRONG><a name="[c3]"></a>_dsub1</STRONG> (Thumb, 0 bytes, Stack size 0 bytes, daddsub_clz.o(x$fpl$dsub), UNUSED)
<BR><BR>[Called By]<UL><LI><a href="#[c2]">&gt;&gt;</a>&nbsp;&nbsp;&nbsp;_dadd
</UL>

<P><STRONG><a name="[e5]"></a>_fadd1</STRONG> (Thumb, 0 bytes, Stack size 0 bytes, faddsub_clz.o(x$fpl$fadd), UNUSED)
<BR><BR>[Called By]<UL><LI><a href="#[e4]">&gt;&gt;</a>&nbsp;&nbsp;&nbsp;_fsub
</UL>

<P><STRONG><a name="[d0]"></a>_fsub1</STRONG> (Thumb, 0 bytes, Stack size 0 bytes, faddsub_clz.o(x$fpl$fsub), UNUSED)
<BR><BR>[Called By]<UL><LI><a href="#[cf]">&gt;&gt;</a>&nbsp;&nbsp;&nbsp;_fadd
</UL>
<P>
<H3>
Undefined Global Symbols
</H3><HR></body></html>
