<html>
<body>
<pre>
<h1>µVision Build Log</h1>
<h2>Tool Versions:</h2>
IDE-Version: µVision V5.38.0.0
Copyright (C) 2022 ARM Ltd and ARM Germany GmbH. All rights reserved.
License Information: Robo Durden, Paperstreet Soap Company, LIC=----
 
Tool Versions:
Toolchain:       MDK-Lite  Version: 5.38.0.0
Toolchain Path:  C:\Keil_v5\ARM\ARMCLANG\Bin
C Compiler:      ArmClang.exe V6.19
Assembler:       Armasm.exe V6.19
Linker/Locator:  ArmLink.exe V6.19
Library Manager: ArmAr.exe V6.19
Hex Converter:   FromElf.exe V6.19
CPU DLL:         SARMCM3.DLL V5.38.0.0
Dialog DLL:      DCM.DLL V1.17.5.0
Target DLL:      STLink\ST-LINKIII-KEIL_SWO.dll V3.1.0.0
Dialog DLL:      TCM.DLL V1.56.4.0
 
<h2>Project:</h2>
C:\GitHub\Hoverboard-Firmware-Hack-Gen2.x\HoverBoardGigaDevice\Hoverboard.uvprojx
Project File Date:  01/31/2023

<h2>Output:</h2>
*** Using Compiler 'V6.19', folder: 'C:\Keil_v5\ARM\ARMCLANG\Bin'
Build target 'Target 1'
compiling bldc.c...
compiling main.c...
compiling setup.c...
compiling it.c...
compiling commsSteering.c...
compiling commsBluetooth.c...
compiling commsMasterSlave.c...
compiling led.c...
linking...
Program Size: Code=20948 RO-data=528 RW-data=24 ZI-data=2400  
FromELF: creating hex file...
".\Objects\Hoverboard.axf" - 0 Error(s), 0 Warning(s).

<h2>Software Packages used:</h2>

Package Vendor: ARM
                http://www.keil.com/pack/ARM.CMSIS.5.9.0.pack
                ARM.CMSIS.5.9.0
                CMSIS (Common Microcontroller Software Interface Standard)
   * Component: CORE Version: 5.6.0

Package Vendor: GigaDevice
                https://gd32mcu.com/data/documents/pack/GigaDevice.GD32F1x0_DFP.3.2.1.pack
                GigaDevice.GD32F1x0_DFP.3.2.1
                GigaDevice GD32F1x0 Series Device Support and Examples
   * Component: ADC Version: 3.2.0
   * Component: DMA Version: 3.2.0
   * Component: FWDGT Version: 3.2.0
   * Component: GPIO Version: 3.2.0
   * Component: I2C Version: 3.2.0
   * Component: MCUDBG Version: 3.2.0
   * Component: MISC Version: 3.2.0
   * Component: OPA Version: 3.2.0
   * Component: PMU Version: 3.2.0
   * Component: RCU Version: 3.2.0
   * Component: SYSCFG Version: 3.2.0
   * Component: TIMER Version: 3.2.0
   * Component: USART Version: 3.2.0
   * Component: WWDGT Version: 3.2.0
   * Component: GD32F1x0_libopt Version: 3.2.0
   * Component: Startup Version: 3.2.0

<h2>Collection of Component include folders:</h2>
  ./RTE/_Target_1
  C:/Users/PAN CF-LX6/AppData/Local/Arm/Packs/ARM/CMSIS/5.9.0/CMSIS/Core/Include
  C:/Users/PAN CF-LX6/AppData/Local/Arm/Packs/GigaDevice/GD32F1x0_DFP/3.2.1/Device/Firmware/Peripherals/inc
  C:/Users/PAN CF-LX6/AppData/Local/Arm/Packs/GigaDevice/GD32F1x0_DFP/3.2.1/Device/Include

<h2>Collection of Component Files used:</h2>

   * Component: ARM::CMSIS:CORE:5.6.0

   * Component: GigaDevice::Device:GD32F1x0_StdPeripherals:ADC:3.2.0
      Include file:  Device/Firmware/Peripherals/inc/gd32f1x0_adc.h
      Source file:   Device/Firmware/Peripherals/src/gd32f1x0_adc.c

   * Component: GigaDevice::Device:GD32F1x0_StdPeripherals:DMA:3.2.0
      Include file:  Device/Firmware/Peripherals/inc/gd32f1x0_dma.h
      Source file:   Device/Firmware/Peripherals/src/gd32f1x0_dma.c

   * Component: GigaDevice::Device:GD32F1x0_StdPeripherals:FWDGT:3.2.0
      Source file:   Device/Firmware/Peripherals/src/gd32f1x0_fwdgt.c
      Include file:  Device/Firmware/Peripherals/inc/gd32f1x0_fwdgt.h

   * Component: GigaDevice::Device:GD32F1x0_StdPeripherals:GPIO:3.2.0
      Include file:  Device/Firmware/Peripherals/inc/gd32f1x0_gpio.h
      Source file:   Device/Firmware/Peripherals/src/gd32f1x0_gpio.c

   * Component: GigaDevice::Device:GD32F1x0_StdPeripherals:I2C:3.2.0
      Include file:  Device/Firmware/Peripherals/inc/gd32f1x0_i2c.h
      Source file:   Device/Firmware/Peripherals/src/gd32f1x0_i2c.c

   * Component: GigaDevice::Device:GD32F1x0_StdPeripherals:MCUDBG:3.2.0
      Source file:   Device/Firmware/Peripherals/src/gd32f1x0_dbg.c
      Include file:  Device/Firmware/Peripherals/inc/gd32f1x0_dbg.h

   * Component: GigaDevice::Device:GD32F1x0_StdPeripherals:MISC:3.2.0
      Include file:  Device/Firmware/Peripherals/inc/gd32f1x0_misc.h
      Source file:   Device/Firmware/Peripherals/src/gd32f1x0_misc.c

   * Component: GigaDevice::Device:GD32F1x0_StdPeripherals:OPA:3.2.0
      Include file:  Device/Firmware/Peripherals/inc/gd32f1x0_opa.h
      Source file:   Device/Firmware/Peripherals/src/gd32f1x0_opa.c

   * Component: GigaDevice::Device:GD32F1x0_StdPeripherals:PMU:3.2.0
      Source file:   Device/Firmware/Peripherals/src/gd32f1x0_pmu.c
      Include file:  Device/Firmware/Peripherals/inc/gd32f1x0_pmu.h

   * Component: GigaDevice::Device:GD32F1x0_StdPeripherals:RCU:3.2.0
      Include file:  Device/Firmware/Peripherals/inc/gd32f1x0_rcu.h
      Source file:   Device/Firmware/Peripherals/src/gd32f1x0_rcu.c

   * Component: GigaDevice::Device:GD32F1x0_StdPeripherals:SYSCFG:3.2.0
      Source file:   Device/Firmware/Peripherals/src/gd32f1x0_syscfg.c
      Include file:  Device/Firmware/Peripherals/inc/gd32f1x0_syscfg.h

   * Component: GigaDevice::Device:GD32F1x0_StdPeripherals:TIMER:3.2.0
      Include file:  Device/Firmware/Peripherals/inc/gd32f1x0_timer.h
      Source file:   Device/Firmware/Peripherals/src/gd32f1x0_timer.c

   * Component: GigaDevice::Device:GD32F1x0_StdPeripherals:USART:3.2.0
      Include file:  Device/Firmware/Peripherals/inc/gd32f1x0_usart.h
      Source file:   Device/Firmware/Peripherals/src/gd32f1x0_usart.c

   * Component: GigaDevice::Device:GD32F1x0_StdPeripherals:WWDGT:3.2.0
      Include file:  Device/Firmware/Peripherals/inc/gd32f1x0_wwdgt.h
      Source file:   Device/Firmware/Peripherals/src/gd32f1x0_wwdgt.c

   * Component: GigaDevice::Device:GD32F1x0_libopt:3.2.0
      Include file:  Device/Include/gd32f1x0_libopt.h

   * Component: GigaDevice::Device:Startup:3.2.0
      Source file:   Device/Source/system_gd32f1x0.c
      Source file:   Device/Source/startup_gd32f1x0.s
      Include file:  Device/Include/gd32f1x0.h
Build Time Elapsed:  00:00:02
</pre>
</body>
</html>
