<!doctype html public "-//w3c//dtd html 4.0 transitional//en">
<html><head>
<title>Static Call Graph - [.\Objects\Hoverboard.axf]</title></head>
<body><HR>
<H1>Static Call Graph for image .\Objects\Hoverboard.axf</H1><HR>
<BR><P>#&#060CALLGRAPH&#062# ARM Linker, 6190004: Last Updated: Sat Apr  1 21:45:28 2023
<BR><P>
<H3>Maximum Stack Usage =        136 bytes + Unknown(Cycles, Untraceable Function Pointers)</H3><H3>
Call chain for Maximum Stack Depth:</H3>
DMA_Channel0_IRQHandler &rArr; CalculateBLDC &rArr; __aeabi_dadd &rArr; _double_epilogue &rArr; _double_round
<P>
<H3>
Mutually Recursive functions
</H3> <LI><a href="#[2]">HardFault_Handler</a>&nbsp;&nbsp;&nbsp;&rArr;&nbsp;&nbsp;&nbsp;<a href="#[2]">HardFault_Handler</a><BR>
 <LI><a href="#[3]">MemManage_Handler</a>&nbsp;&nbsp;&nbsp;&rArr;&nbsp;&nbsp;&nbsp;<a href="#[3]">MemManage_Handler</a><BR>
 <LI><a href="#[4]">BusFault_Handler</a>&nbsp;&nbsp;&nbsp;&rArr;&nbsp;&nbsp;&nbsp;<a href="#[4]">BusFault_Handler</a><BR>
 <LI><a href="#[5]">UsageFault_Handler</a>&nbsp;&nbsp;&nbsp;&rArr;&nbsp;&nbsp;&nbsp;<a href="#[5]">UsageFault_Handler</a><BR>
 <LI><a href="#[16]">ADC_CMP_IRQHandler</a>&nbsp;&nbsp;&nbsp;&rArr;&nbsp;&nbsp;&nbsp;<a href="#[16]">ADC_CMP_IRQHandler</a><BR>
</UL>
<P>
<H3>
Function Pointers
</H3><UL>
 <LI><a href="#[16]">ADC_CMP_IRQHandler</a> from startup_gd32f1x0.o(.text) referenced from startup_gd32f1x0.o(RESET)
 <LI><a href="#[4]">BusFault_Handler</a> from it.o(.text) referenced from startup_gd32f1x0.o(RESET)
 <LI><a href="#[2f]">CAN0_RX0_IRQHandler</a> from startup_gd32f1x0.o(.text) referenced from startup_gd32f1x0.o(RESET)
 <LI><a href="#[30]">CAN0_RX1_IRQHandler</a> from startup_gd32f1x0.o(.text) referenced from startup_gd32f1x0.o(RESET)
 <LI><a href="#[31]">CAN0_SCE_IRQHandler</a> from startup_gd32f1x0.o(.text) referenced from startup_gd32f1x0.o(RESET)
 <LI><a href="#[2e]">CAN0_TX_IRQHandler</a> from startup_gd32f1x0.o(.text) referenced from startup_gd32f1x0.o(RESET)
 <LI><a href="#[36]">CAN1_RX0_IRQHandler</a> from startup_gd32f1x0.o(.text) referenced from startup_gd32f1x0.o(RESET)
 <LI><a href="#[37]">CAN1_RX1_IRQHandler</a> from startup_gd32f1x0.o(.text) referenced from startup_gd32f1x0.o(RESET)
 <LI><a href="#[38]">CAN1_SCE_IRQHandler</a> from startup_gd32f1x0.o(.text) referenced from startup_gd32f1x0.o(RESET)
 <LI><a href="#[35]">CAN1_TX_IRQHandler</a> from startup_gd32f1x0.o(.text) referenced from startup_gd32f1x0.o(RESET)
 <LI><a href="#[26]">CEC_IRQHandler</a> from startup_gd32f1x0.o(.text) referenced from startup_gd32f1x0.o(RESET)
 <LI><a href="#[13]">DMA_Channel0_IRQHandler</a> from it.o(.text) referenced from startup_gd32f1x0.o(RESET)
 <LI><a href="#[14]">DMA_Channel1_2_IRQHandler</a> from it.o(.text) referenced from startup_gd32f1x0.o(RESET)
 <LI><a href="#[15]">DMA_Channel3_4_IRQHandler</a> from it.o(.text) referenced from startup_gd32f1x0.o(RESET)
 <LI><a href="#[33]">DMA_Channel5_6_IRQHandler</a> from startup_gd32f1x0.o(.text) referenced from startup_gd32f1x0.o(RESET)
 <LI><a href="#[7]">DebugMon_Handler</a> from it.o(.text) referenced from startup_gd32f1x0.o(RESET)
 <LI><a href="#[f]">EXTI0_1_IRQHandler</a> from startup_gd32f1x0.o(.text) referenced from startup_gd32f1x0.o(RESET)
 <LI><a href="#[10]">EXTI2_3_IRQHandler</a> from startup_gd32f1x0.o(.text) referenced from startup_gd32f1x0.o(RESET)
 <LI><a href="#[11]">EXTI4_15_IRQHandler</a> from startup_gd32f1x0.o(.text) referenced from startup_gd32f1x0.o(RESET)
 <LI><a href="#[d]">FMC_IRQHandler</a> from startup_gd32f1x0.o(.text) referenced from startup_gd32f1x0.o(RESET)
 <LI><a href="#[2]">HardFault_Handler</a> from it.o(.text) referenced from startup_gd32f1x0.o(RESET)
 <LI><a href="#[27]">I2C0_ER_IRQHandler</a> from startup_gd32f1x0.o(.text) referenced from startup_gd32f1x0.o(RESET)
 <LI><a href="#[20]">I2C0_EV_IRQHandler</a> from startup_gd32f1x0.o(.text) referenced from startup_gd32f1x0.o(RESET)
 <LI><a href="#[28]">I2C1_ER_IRQHandler</a> from startup_gd32f1x0.o(.text) referenced from startup_gd32f1x0.o(RESET)
 <LI><a href="#[21]">I2C1_EV_IRQHandler</a> from startup_gd32f1x0.o(.text) referenced from startup_gd32f1x0.o(RESET)
 <LI><a href="#[2a]">I2C2_ER_IRQHandler</a> from startup_gd32f1x0.o(.text) referenced from startup_gd32f1x0.o(RESET)
 <LI><a href="#[29]">I2C2_EV_IRQHandler</a> from startup_gd32f1x0.o(.text) referenced from startup_gd32f1x0.o(RESET)
 <LI><a href="#[b]">LVD_IRQHandler</a> from startup_gd32f1x0.o(.text) referenced from startup_gd32f1x0.o(RESET)
 <LI><a href="#[3]">MemManage_Handler</a> from it.o(.text) referenced from startup_gd32f1x0.o(RESET)
 <LI><a href="#[1]">NMI_Handler</a> from it.o(.text) referenced from startup_gd32f1x0.o(RESET)
 <LI><a href="#[8]">PendSV_Handler</a> from it.o(.text) referenced from startup_gd32f1x0.o(RESET)
 <LI><a href="#[e]">RCU_IRQHandler</a> from startup_gd32f1x0.o(.text) referenced from startup_gd32f1x0.o(RESET)
 <LI><a href="#[c]">RTC_IRQHandler</a> from startup_gd32f1x0.o(.text) referenced from startup_gd32f1x0.o(RESET)
 <LI><a href="#[0]">Reset_Handler</a> from startup_gd32f1x0.o(.text) referenced from startup_gd32f1x0.o(RESET)
 <LI><a href="#[32]">SLCD_IRQHandler</a> from startup_gd32f1x0.o(.text) referenced from startup_gd32f1x0.o(RESET)
 <LI><a href="#[22]">SPI0_IRQHandler</a> from startup_gd32f1x0.o(.text) referenced from startup_gd32f1x0.o(RESET)
 <LI><a href="#[23]">SPI1_IRQHandler</a> from startup_gd32f1x0.o(.text) referenced from startup_gd32f1x0.o(RESET)
 <LI><a href="#[34]">SPI2_IRQHandler</a> from startup_gd32f1x0.o(.text) referenced from startup_gd32f1x0.o(RESET)
 <LI><a href="#[6]">SVC_Handler</a> from it.o(.text) referenced from startup_gd32f1x0.o(RESET)
 <LI><a href="#[9]">SysTick_Handler</a> from it.o(.text) referenced from startup_gd32f1x0.o(RESET)
 <LI><a href="#[3a]">SystemInit</a> from system_gd32f1x0.o(.text) referenced from startup_gd32f1x0.o(.text)
 <LI><a href="#[17]">TIMER0_BRK_UP_TRG_COM_IRQHandler</a> from it.o(.text) referenced from startup_gd32f1x0.o(RESET)
 <LI><a href="#[18]">TIMER0_Channel_IRQHandler</a> from startup_gd32f1x0.o(.text) referenced from startup_gd32f1x0.o(RESET)
 <LI><a href="#[1c]">TIMER13_IRQHandler</a> from it.o(.text) referenced from startup_gd32f1x0.o(RESET)
 <LI><a href="#[1d]">TIMER14_IRQHandler</a> from startup_gd32f1x0.o(.text) referenced from startup_gd32f1x0.o(RESET)
 <LI><a href="#[1e]">TIMER15_IRQHandler</a> from startup_gd32f1x0.o(.text) referenced from startup_gd32f1x0.o(RESET)
 <LI><a href="#[1f]">TIMER16_IRQHandler</a> from startup_gd32f1x0.o(.text) referenced from startup_gd32f1x0.o(RESET)
 <LI><a href="#[19]">TIMER1_IRQHandler</a> from startup_gd32f1x0.o(.text) referenced from startup_gd32f1x0.o(RESET)
 <LI><a href="#[1a]">TIMER2_IRQHandler</a> from startup_gd32f1x0.o(.text) referenced from startup_gd32f1x0.o(RESET)
 <LI><a href="#[1b]">TIMER5_DAC_IRQHandler</a> from startup_gd32f1x0.o(.text) referenced from startup_gd32f1x0.o(RESET)
 <LI><a href="#[12]">TSI_IRQHandler</a> from startup_gd32f1x0.o(.text) referenced from startup_gd32f1x0.o(RESET)
 <LI><a href="#[24]">USART0_IRQHandler</a> from startup_gd32f1x0.o(.text) referenced from startup_gd32f1x0.o(RESET)
 <LI><a href="#[25]">USART1_IRQHandler</a> from startup_gd32f1x0.o(.text) referenced from startup_gd32f1x0.o(RESET)
 <LI><a href="#[2d]">USBDWakeUp_IRQHandler</a> from startup_gd32f1x0.o(.text) referenced from startup_gd32f1x0.o(RESET)
 <LI><a href="#[2c]">USBD_HP_IRQHandler</a> from startup_gd32f1x0.o(.text) referenced from startup_gd32f1x0.o(RESET)
 <LI><a href="#[2b]">USBD_LP_IRQHandler</a> from startup_gd32f1x0.o(.text) referenced from startup_gd32f1x0.o(RESET)
 <LI><a href="#[5]">UsageFault_Handler</a> from it.o(.text) referenced from startup_gd32f1x0.o(RESET)
 <LI><a href="#[a]">WWDGT_IRQHandler</a> from startup_gd32f1x0.o(.text) referenced from startup_gd32f1x0.o(RESET)
 <LI><a href="#[3b]">__main</a> from entry.o(.ARM.Collect$$$$00000000) referenced from startup_gd32f1x0.o(.text)
 <LI><a href="#[39]">main</a> from main.o(.text) referenced from entry9a.o(.ARM.Collect$$$$0000000B)
</UL>
<P>
<H3>
Global Symbols
</H3>
<P><STRONG><a name="[3b]"></a>__main</STRONG> (Thumb, 0 bytes, Stack size unknown bytes, entry.o(.ARM.Collect$$$$00000000))
<BR>[Address Reference Count : 1]<UL><LI> startup_gd32f1x0.o(.text)
</UL>
<P><STRONG><a name="[bb]"></a>_main_stk</STRONG> (Thumb, 0 bytes, Stack size unknown bytes, entry2.o(.ARM.Collect$$$$00000001))

<P><STRONG><a name="[3c]"></a>_main_scatterload</STRONG> (Thumb, 0 bytes, Stack size unknown bytes, entry5.o(.ARM.Collect$$$$00000004))
<BR><BR>[Calls]<UL><LI><a href="#[3d]">&gt;&gt;</a>&nbsp;&nbsp;&nbsp;__scatterload
</UL>

<P><STRONG><a name="[ba]"></a>__main_after_scatterload</STRONG> (Thumb, 0 bytes, Stack size unknown bytes, entry5.o(.ARM.Collect$$$$00000004))
<BR><BR>[Called By]<UL><LI><a href="#[3d]">&gt;&gt;</a>&nbsp;&nbsp;&nbsp;__scatterload
</UL>

<P><STRONG><a name="[bc]"></a>_main_clock</STRONG> (Thumb, 0 bytes, Stack size unknown bytes, entry7b.o(.ARM.Collect$$$$00000008))

<P><STRONG><a name="[bd]"></a>_main_cpp_init</STRONG> (Thumb, 0 bytes, Stack size unknown bytes, entry8b.o(.ARM.Collect$$$$0000000A))

<P><STRONG><a name="[be]"></a>_main_init</STRONG> (Thumb, 0 bytes, Stack size unknown bytes, entry9a.o(.ARM.Collect$$$$0000000B))

<P><STRONG><a name="[bf]"></a>__rt_final_cpp</STRONG> (Thumb, 0 bytes, Stack size unknown bytes, entry10a.o(.ARM.Collect$$$$0000000D))

<P><STRONG><a name="[c0]"></a>__rt_final_exit</STRONG> (Thumb, 0 bytes, Stack size unknown bytes, entry11a.o(.ARM.Collect$$$$0000000F))

<P><STRONG><a name="[39]"></a>main</STRONG> (Thumb, 1234 bytes, Stack size 24 bytes, main.o(.text))
<BR><BR>[Stack]<UL><LI>Max Depth = 112<LI>Call Chain = main &rArr; __aeabi_dadd &rArr; _double_epilogue &rArr; _double_round
</UL>
<BR>[Calls]<UL><LI><a href="#[5f]">&gt;&gt;</a>&nbsp;&nbsp;&nbsp;ShutOff
<LI><a href="#[5e]">&gt;&gt;</a>&nbsp;&nbsp;&nbsp;__aeabi_dcmpge
<LI><a href="#[5d]">&gt;&gt;</a>&nbsp;&nbsp;&nbsp;__aeabi_fcmpge
<LI><a href="#[5c]">&gt;&gt;</a>&nbsp;&nbsp;&nbsp;__aeabi_dcmple
<LI><a href="#[5b]">&gt;&gt;</a>&nbsp;&nbsp;&nbsp;__aeabi_fcmple
<LI><a href="#[5a]">&gt;&gt;</a>&nbsp;&nbsp;&nbsp;SendSlave
<LI><a href="#[59]">&gt;&gt;</a>&nbsp;&nbsp;&nbsp;SetPWM
<LI><a href="#[58]">&gt;&gt;</a>&nbsp;&nbsp;&nbsp;SetEnable
<LI><a href="#[57]">&gt;&gt;</a>&nbsp;&nbsp;&nbsp;__aeabi_fcmplt
<LI><a href="#[56]">&gt;&gt;</a>&nbsp;&nbsp;&nbsp;__aeabi_fadd
<LI><a href="#[55]">&gt;&gt;</a>&nbsp;&nbsp;&nbsp;__aeabi_fdiv
<LI><a href="#[54]">&gt;&gt;</a>&nbsp;&nbsp;&nbsp;__aeabi_fsub
<LI><a href="#[53]">&gt;&gt;</a>&nbsp;&nbsp;&nbsp;__aeabi_f2iz
<LI><a href="#[52]">&gt;&gt;</a>&nbsp;&nbsp;&nbsp;__aeabi_fmul
<LI><a href="#[51]">&gt;&gt;</a>&nbsp;&nbsp;&nbsp;__aeabi_d2f
<LI><a href="#[50]">&gt;&gt;</a>&nbsp;&nbsp;&nbsp;__aeabi_dadd
<LI><a href="#[4f]">&gt;&gt;</a>&nbsp;&nbsp;&nbsp;__aeabi_ddiv
<LI><a href="#[4e]">&gt;&gt;</a>&nbsp;&nbsp;&nbsp;__aeabi_dmul
<LI><a href="#[4d]">&gt;&gt;</a>&nbsp;&nbsp;&nbsp;__aeabi_f2d
<LI><a href="#[4c]">&gt;&gt;</a>&nbsp;&nbsp;&nbsp;__aeabi_i2f
<LI><a href="#[4b]">&gt;&gt;</a>&nbsp;&nbsp;&nbsp;SendSteerDevice
<LI><a href="#[4a]">&gt;&gt;</a>&nbsp;&nbsp;&nbsp;gpio_input_bit_get
<LI><a href="#[49]">&gt;&gt;</a>&nbsp;&nbsp;&nbsp;Delay
<LI><a href="#[48]">&gt;&gt;</a>&nbsp;&nbsp;&nbsp;USART_Steer_COM_init
<LI><a href="#[47]">&gt;&gt;</a>&nbsp;&nbsp;&nbsp;fwdgt_counter_reload
<LI><a href="#[46]">&gt;&gt;</a>&nbsp;&nbsp;&nbsp;PWM_init
<LI><a href="#[45]">&gt;&gt;</a>&nbsp;&nbsp;&nbsp;ADC_init
<LI><a href="#[44]">&gt;&gt;</a>&nbsp;&nbsp;&nbsp;USART_MasterSlave_init
<LI><a href="#[43]">&gt;&gt;</a>&nbsp;&nbsp;&nbsp;gpio_bit_write
<LI><a href="#[42]">&gt;&gt;</a>&nbsp;&nbsp;&nbsp;GPIO_init
<LI><a href="#[41]">&gt;&gt;</a>&nbsp;&nbsp;&nbsp;TimeoutTimer_init
<LI><a href="#[40]">&gt;&gt;</a>&nbsp;&nbsp;&nbsp;Interrupt_init
<LI><a href="#[3f]">&gt;&gt;</a>&nbsp;&nbsp;&nbsp;Watchdog_init
<LI><a href="#[3e]">&gt;&gt;</a>&nbsp;&nbsp;&nbsp;SystemCoreClockUpdate
</UL>
<BR>[Address Reference Count : 1]<UL><LI> entry9a.o(.ARM.Collect$$$$0000000B)
</UL>
<P><STRONG><a name="[60]"></a>ShowBatteryState</STRONG> (Thumb, 102 bytes, Stack size 16 bytes, main.o(.text), UNUSED)
<BR><BR>[Calls]<UL><LI><a href="#[43]">&gt;&gt;</a>&nbsp;&nbsp;&nbsp;gpio_bit_write
</UL>

<P><STRONG><a name="[c1]"></a>BeepsBackwards</STRONG> (Thumb, 60 bytes, Stack size 0 bytes, main.o(.text), UNUSED)

<P><STRONG><a name="[5f]"></a>ShutOff</STRONG> (Thumb, 102 bytes, Stack size 8 bytes, main.o(.text))
<BR><BR>[Stack]<UL><LI>Max Depth = 56<LI>Call Chain = ShutOff &rArr; SendSlave &rArr; SendBuffer
</UL>
<BR>[Calls]<UL><LI><a href="#[61]">&gt;&gt;</a>&nbsp;&nbsp;&nbsp;usart_deinit
<LI><a href="#[5a]">&gt;&gt;</a>&nbsp;&nbsp;&nbsp;SendSlave
<LI><a href="#[59]">&gt;&gt;</a>&nbsp;&nbsp;&nbsp;SetPWM
<LI><a href="#[58]">&gt;&gt;</a>&nbsp;&nbsp;&nbsp;SetEnable
<LI><a href="#[49]">&gt;&gt;</a>&nbsp;&nbsp;&nbsp;Delay
<LI><a href="#[47]">&gt;&gt;</a>&nbsp;&nbsp;&nbsp;fwdgt_counter_reload
<LI><a href="#[43]">&gt;&gt;</a>&nbsp;&nbsp;&nbsp;gpio_bit_write
</UL>
<BR>[Called By]<UL><LI><a href="#[39]">&gt;&gt;</a>&nbsp;&nbsp;&nbsp;main
</UL>

<P><STRONG><a name="[c2]"></a>blockPWM</STRONG> (Thumb, 106 bytes, Stack size 8 bytes, bldc.o(.text), UNUSED)

<P><STRONG><a name="[58]"></a>SetEnable</STRONG> (Thumb, 12 bytes, Stack size 0 bytes, bldc.o(.text))
<BR><BR>[Called By]<UL><LI><a href="#[5f]">&gt;&gt;</a>&nbsp;&nbsp;&nbsp;ShutOff
<LI><a href="#[39]">&gt;&gt;</a>&nbsp;&nbsp;&nbsp;main
</UL>

<P><STRONG><a name="[59]"></a>SetPWM</STRONG> (Thumb, 38 bytes, Stack size 0 bytes, bldc.o(.text))
<BR><BR>[Called By]<UL><LI><a href="#[5f]">&gt;&gt;</a>&nbsp;&nbsp;&nbsp;ShutOff
<LI><a href="#[39]">&gt;&gt;</a>&nbsp;&nbsp;&nbsp;main
</UL>

<P><STRONG><a name="[62]"></a>CalculateBLDC</STRONG> (Thumb, 860 bytes, Stack size 40 bytes, bldc.o(.text))
<BR><BR>[Stack]<UL><LI>Max Depth = 128<LI>Call Chain = CalculateBLDC &rArr; __aeabi_dadd &rArr; _double_epilogue &rArr; _double_round
</UL>
<BR>[Calls]<UL><LI><a href="#[69]">&gt;&gt;</a>&nbsp;&nbsp;&nbsp;__aeabi_ui2f
<LI><a href="#[68]">&gt;&gt;</a>&nbsp;&nbsp;&nbsp;timer_channel_output_pulse_value_config
<LI><a href="#[67]">&gt;&gt;</a>&nbsp;&nbsp;&nbsp;timer_automatic_output_disable
<LI><a href="#[66]">&gt;&gt;</a>&nbsp;&nbsp;&nbsp;timer_automatic_output_enable
<LI><a href="#[65]">&gt;&gt;</a>&nbsp;&nbsp;&nbsp;__aeabi_fcmpgt
<LI><a href="#[64]">&gt;&gt;</a>&nbsp;&nbsp;&nbsp;__aeabi_i2d
<LI><a href="#[63]">&gt;&gt;</a>&nbsp;&nbsp;&nbsp;__aeabi_ui2d
<LI><a href="#[55]">&gt;&gt;</a>&nbsp;&nbsp;&nbsp;__aeabi_fdiv
<LI><a href="#[51]">&gt;&gt;</a>&nbsp;&nbsp;&nbsp;__aeabi_d2f
<LI><a href="#[50]">&gt;&gt;</a>&nbsp;&nbsp;&nbsp;__aeabi_dadd
<LI><a href="#[4e]">&gt;&gt;</a>&nbsp;&nbsp;&nbsp;__aeabi_dmul
<LI><a href="#[4d]">&gt;&gt;</a>&nbsp;&nbsp;&nbsp;__aeabi_f2d
<LI><a href="#[4a]">&gt;&gt;</a>&nbsp;&nbsp;&nbsp;gpio_input_bit_get
<LI><a href="#[43]">&gt;&gt;</a>&nbsp;&nbsp;&nbsp;gpio_bit_write
</UL>
<BR>[Called By]<UL><LI><a href="#[13]">&gt;&gt;</a>&nbsp;&nbsp;&nbsp;DMA_Channel0_IRQHandler
</UL>

<P><STRONG><a name="[40]"></a>Interrupt_init</STRONG> (Thumb, 8 bytes, Stack size 0 bytes, setup.o(.text))
<BR><BR>[Calls]<UL><LI><a href="#[6a]">&gt;&gt;</a>&nbsp;&nbsp;&nbsp;nvic_priority_group_set
</UL>
<BR>[Called By]<UL><LI><a href="#[39]">&gt;&gt;</a>&nbsp;&nbsp;&nbsp;main
</UL>

<P><STRONG><a name="[3f]"></a>Watchdog_init</STRONG> (Thumb, 56 bytes, Stack size 8 bytes, setup.o(.text))
<BR><BR>[Stack]<UL><LI>Max Depth = 16<LI>Call Chain = Watchdog_init &rArr; fwdgt_config
</UL>
<BR>[Calls]<UL><LI><a href="#[6f]">&gt;&gt;</a>&nbsp;&nbsp;&nbsp;fwdgt_enable
<LI><a href="#[6e]">&gt;&gt;</a>&nbsp;&nbsp;&nbsp;fwdgt_window_value_config
<LI><a href="#[6d]">&gt;&gt;</a>&nbsp;&nbsp;&nbsp;fwdgt_config
<LI><a href="#[6c]">&gt;&gt;</a>&nbsp;&nbsp;&nbsp;rcu_all_reset_flag_clear
<LI><a href="#[6b]">&gt;&gt;</a>&nbsp;&nbsp;&nbsp;rcu_flag_get
</UL>
<BR>[Called By]<UL><LI><a href="#[39]">&gt;&gt;</a>&nbsp;&nbsp;&nbsp;main
</UL>

<P><STRONG><a name="[41]"></a>TimeoutTimer_init</STRONG> (Thumb, 92 bytes, Stack size 16 bytes, setup.o(.text))
<BR><BR>[Stack]<UL><LI>Max Depth = 24<LI>Call Chain = TimeoutTimer_init &rArr; timer_deinit
</UL>
<BR>[Calls]<UL><LI><a href="#[76]">&gt;&gt;</a>&nbsp;&nbsp;&nbsp;timer_enable
<LI><a href="#[75]">&gt;&gt;</a>&nbsp;&nbsp;&nbsp;timer_interrupt_enable
<LI><a href="#[74]">&gt;&gt;</a>&nbsp;&nbsp;&nbsp;nvic_irq_enable
<LI><a href="#[73]">&gt;&gt;</a>&nbsp;&nbsp;&nbsp;timer_init
<LI><a href="#[72]">&gt;&gt;</a>&nbsp;&nbsp;&nbsp;timer_auto_reload_shadow_disable
<LI><a href="#[71]">&gt;&gt;</a>&nbsp;&nbsp;&nbsp;timer_deinit
<LI><a href="#[70]">&gt;&gt;</a>&nbsp;&nbsp;&nbsp;rcu_periph_clock_enable
</UL>
<BR>[Called By]<UL><LI><a href="#[39]">&gt;&gt;</a>&nbsp;&nbsp;&nbsp;main
</UL>

<P><STRONG><a name="[42]"></a>GPIO_init</STRONG> (Thumb, 786 bytes, Stack size 16 bytes, setup.o(.text))
<BR><BR>[Stack]<UL><LI>Max Depth = 40<LI>Call Chain = GPIO_init &rArr; gpio_mode_set
</UL>
<BR>[Calls]<UL><LI><a href="#[79]">&gt;&gt;</a>&nbsp;&nbsp;&nbsp;gpio_af_set
<LI><a href="#[78]">&gt;&gt;</a>&nbsp;&nbsp;&nbsp;gpio_output_options_set
<LI><a href="#[77]">&gt;&gt;</a>&nbsp;&nbsp;&nbsp;gpio_mode_set
<LI><a href="#[70]">&gt;&gt;</a>&nbsp;&nbsp;&nbsp;rcu_periph_clock_enable
</UL>
<BR>[Called By]<UL><LI><a href="#[39]">&gt;&gt;</a>&nbsp;&nbsp;&nbsp;main
</UL>

<P><STRONG><a name="[46]"></a>PWM_init</STRONG> (Thumb, 372 bytes, Stack size 16 bytes, setup.o(.text))
<BR><BR>[Stack]<UL><LI>Max Depth = 24<LI>Call Chain = PWM_init &rArr; timer_break_config
</UL>
<BR>[Calls]<UL><LI><a href="#[81]">&gt;&gt;</a>&nbsp;&nbsp;&nbsp;timer_channel_complementary_output_state_config
<LI><a href="#[80]">&gt;&gt;</a>&nbsp;&nbsp;&nbsp;timer_channel_output_state_config
<LI><a href="#[7f]">&gt;&gt;</a>&nbsp;&nbsp;&nbsp;timer_disable
<LI><a href="#[7e]">&gt;&gt;</a>&nbsp;&nbsp;&nbsp;timer_break_config
<LI><a href="#[7d]">&gt;&gt;</a>&nbsp;&nbsp;&nbsp;timer_channel_output_config
<LI><a href="#[7c]">&gt;&gt;</a>&nbsp;&nbsp;&nbsp;timer_channel_output_mode_config
<LI><a href="#[7b]">&gt;&gt;</a>&nbsp;&nbsp;&nbsp;timer_channel_output_shadow_config
<LI><a href="#[7a]">&gt;&gt;</a>&nbsp;&nbsp;&nbsp;timer_channel_output_fast_config
<LI><a href="#[76]">&gt;&gt;</a>&nbsp;&nbsp;&nbsp;timer_enable
<LI><a href="#[75]">&gt;&gt;</a>&nbsp;&nbsp;&nbsp;timer_interrupt_enable
<LI><a href="#[74]">&gt;&gt;</a>&nbsp;&nbsp;&nbsp;nvic_irq_enable
<LI><a href="#[73]">&gt;&gt;</a>&nbsp;&nbsp;&nbsp;timer_init
<LI><a href="#[72]">&gt;&gt;</a>&nbsp;&nbsp;&nbsp;timer_auto_reload_shadow_disable
<LI><a href="#[71]">&gt;&gt;</a>&nbsp;&nbsp;&nbsp;timer_deinit
<LI><a href="#[70]">&gt;&gt;</a>&nbsp;&nbsp;&nbsp;rcu_periph_clock_enable
<LI><a href="#[68]">&gt;&gt;</a>&nbsp;&nbsp;&nbsp;timer_channel_output_pulse_value_config
</UL>
<BR>[Called By]<UL><LI><a href="#[39]">&gt;&gt;</a>&nbsp;&nbsp;&nbsp;main
</UL>

<P><STRONG><a name="[45]"></a>ADC_init</STRONG> (Thumb, 234 bytes, Stack size 24 bytes, setup.o(.text))
<BR><BR>[Stack]<UL><LI>Max Depth = 32<LI>Call Chain = ADC_init &rArr; adc_regular_channel_config
</UL>
<BR>[Calls]<UL><LI><a href="#[95]">&gt;&gt;</a>&nbsp;&nbsp;&nbsp;adc_special_function_config
<LI><a href="#[94]">&gt;&gt;</a>&nbsp;&nbsp;&nbsp;adc_dma_mode_enable
<LI><a href="#[93]">&gt;&gt;</a>&nbsp;&nbsp;&nbsp;adc_calibration_enable
<LI><a href="#[92]">&gt;&gt;</a>&nbsp;&nbsp;&nbsp;adc_enable
<LI><a href="#[91]">&gt;&gt;</a>&nbsp;&nbsp;&nbsp;adc_watchdog_disable
<LI><a href="#[90]">&gt;&gt;</a>&nbsp;&nbsp;&nbsp;adc_vbat_disable
<LI><a href="#[8f]">&gt;&gt;</a>&nbsp;&nbsp;&nbsp;adc_tempsensor_vrefint_disable
<LI><a href="#[8e]">&gt;&gt;</a>&nbsp;&nbsp;&nbsp;adc_external_trigger_source_config
<LI><a href="#[8d]">&gt;&gt;</a>&nbsp;&nbsp;&nbsp;adc_external_trigger_config
<LI><a href="#[8c]">&gt;&gt;</a>&nbsp;&nbsp;&nbsp;adc_data_alignment_config
<LI><a href="#[8b]">&gt;&gt;</a>&nbsp;&nbsp;&nbsp;adc_regular_channel_config
<LI><a href="#[8a]">&gt;&gt;</a>&nbsp;&nbsp;&nbsp;adc_channel_length_config
<LI><a href="#[89]">&gt;&gt;</a>&nbsp;&nbsp;&nbsp;dma_channel_enable
<LI><a href="#[88]">&gt;&gt;</a>&nbsp;&nbsp;&nbsp;dma_transfer_number_config
<LI><a href="#[87]">&gt;&gt;</a>&nbsp;&nbsp;&nbsp;dma_interrupt_enable
<LI><a href="#[86]">&gt;&gt;</a>&nbsp;&nbsp;&nbsp;dma_memory_to_memory_disable
<LI><a href="#[85]">&gt;&gt;</a>&nbsp;&nbsp;&nbsp;dma_circulation_enable
<LI><a href="#[84]">&gt;&gt;</a>&nbsp;&nbsp;&nbsp;dma_init
<LI><a href="#[83]">&gt;&gt;</a>&nbsp;&nbsp;&nbsp;dma_deinit
<LI><a href="#[82]">&gt;&gt;</a>&nbsp;&nbsp;&nbsp;rcu_adc_clock_config
<LI><a href="#[74]">&gt;&gt;</a>&nbsp;&nbsp;&nbsp;nvic_irq_enable
<LI><a href="#[70]">&gt;&gt;</a>&nbsp;&nbsp;&nbsp;rcu_periph_clock_enable
</UL>
<BR>[Called By]<UL><LI><a href="#[39]">&gt;&gt;</a>&nbsp;&nbsp;&nbsp;main
</UL>

<P><STRONG><a name="[44]"></a>USART_MasterSlave_init</STRONG> (Thumb, 204 bytes, Stack size 16 bytes, setup.o(.text))
<BR><BR>[Stack]<UL><LI>Max Depth = 48<LI>Call Chain = USART_MasterSlave_init &rArr; usart_baudrate_set &rArr; rcu_clock_freq_get
</UL>
<BR>[Calls]<UL><LI><a href="#[9e]">&gt;&gt;</a>&nbsp;&nbsp;&nbsp;usart_dma_receive_config
<LI><a href="#[9d]">&gt;&gt;</a>&nbsp;&nbsp;&nbsp;usart_enable
<LI><a href="#[9c]">&gt;&gt;</a>&nbsp;&nbsp;&nbsp;usart_receive_config
<LI><a href="#[9b]">&gt;&gt;</a>&nbsp;&nbsp;&nbsp;usart_transmit_config
<LI><a href="#[9a]">&gt;&gt;</a>&nbsp;&nbsp;&nbsp;usart_oversample_config
<LI><a href="#[99]">&gt;&gt;</a>&nbsp;&nbsp;&nbsp;usart_stop_bit_set
<LI><a href="#[98]">&gt;&gt;</a>&nbsp;&nbsp;&nbsp;usart_word_length_set
<LI><a href="#[97]">&gt;&gt;</a>&nbsp;&nbsp;&nbsp;usart_parity_config
<LI><a href="#[96]">&gt;&gt;</a>&nbsp;&nbsp;&nbsp;usart_baudrate_set
<LI><a href="#[89]">&gt;&gt;</a>&nbsp;&nbsp;&nbsp;dma_channel_enable
<LI><a href="#[88]">&gt;&gt;</a>&nbsp;&nbsp;&nbsp;dma_transfer_number_config
<LI><a href="#[87]">&gt;&gt;</a>&nbsp;&nbsp;&nbsp;dma_interrupt_enable
<LI><a href="#[86]">&gt;&gt;</a>&nbsp;&nbsp;&nbsp;dma_memory_to_memory_disable
<LI><a href="#[85]">&gt;&gt;</a>&nbsp;&nbsp;&nbsp;dma_circulation_enable
<LI><a href="#[84]">&gt;&gt;</a>&nbsp;&nbsp;&nbsp;dma_init
<LI><a href="#[83]">&gt;&gt;</a>&nbsp;&nbsp;&nbsp;dma_deinit
<LI><a href="#[74]">&gt;&gt;</a>&nbsp;&nbsp;&nbsp;nvic_irq_enable
<LI><a href="#[70]">&gt;&gt;</a>&nbsp;&nbsp;&nbsp;rcu_periph_clock_enable
</UL>
<BR>[Called By]<UL><LI><a href="#[39]">&gt;&gt;</a>&nbsp;&nbsp;&nbsp;main
</UL>

<P><STRONG><a name="[48]"></a>USART_Steer_COM_init</STRONG> (Thumb, 204 bytes, Stack size 16 bytes, setup.o(.text))
<BR><BR>[Stack]<UL><LI>Max Depth = 48<LI>Call Chain = USART_Steer_COM_init &rArr; usart_baudrate_set &rArr; rcu_clock_freq_get
</UL>
<BR>[Calls]<UL><LI><a href="#[9e]">&gt;&gt;</a>&nbsp;&nbsp;&nbsp;usart_dma_receive_config
<LI><a href="#[9d]">&gt;&gt;</a>&nbsp;&nbsp;&nbsp;usart_enable
<LI><a href="#[9c]">&gt;&gt;</a>&nbsp;&nbsp;&nbsp;usart_receive_config
<LI><a href="#[9b]">&gt;&gt;</a>&nbsp;&nbsp;&nbsp;usart_transmit_config
<LI><a href="#[9a]">&gt;&gt;</a>&nbsp;&nbsp;&nbsp;usart_oversample_config
<LI><a href="#[99]">&gt;&gt;</a>&nbsp;&nbsp;&nbsp;usart_stop_bit_set
<LI><a href="#[98]">&gt;&gt;</a>&nbsp;&nbsp;&nbsp;usart_word_length_set
<LI><a href="#[97]">&gt;&gt;</a>&nbsp;&nbsp;&nbsp;usart_parity_config
<LI><a href="#[96]">&gt;&gt;</a>&nbsp;&nbsp;&nbsp;usart_baudrate_set
<LI><a href="#[89]">&gt;&gt;</a>&nbsp;&nbsp;&nbsp;dma_channel_enable
<LI><a href="#[88]">&gt;&gt;</a>&nbsp;&nbsp;&nbsp;dma_transfer_number_config
<LI><a href="#[87]">&gt;&gt;</a>&nbsp;&nbsp;&nbsp;dma_interrupt_enable
<LI><a href="#[86]">&gt;&gt;</a>&nbsp;&nbsp;&nbsp;dma_memory_to_memory_disable
<LI><a href="#[85]">&gt;&gt;</a>&nbsp;&nbsp;&nbsp;dma_circulation_enable
<LI><a href="#[84]">&gt;&gt;</a>&nbsp;&nbsp;&nbsp;dma_init
<LI><a href="#[83]">&gt;&gt;</a>&nbsp;&nbsp;&nbsp;dma_deinit
<LI><a href="#[74]">&gt;&gt;</a>&nbsp;&nbsp;&nbsp;nvic_irq_enable
<LI><a href="#[70]">&gt;&gt;</a>&nbsp;&nbsp;&nbsp;rcu_periph_clock_enable
</UL>
<BR>[Called By]<UL><LI><a href="#[39]">&gt;&gt;</a>&nbsp;&nbsp;&nbsp;main
</UL>

<P><STRONG><a name="[9]"></a>SysTick_Handler</STRONG> (Thumb, 16 bytes, Stack size 0 bytes, it.o(.text))
<BR>[Address Reference Count : 1]<UL><LI> startup_gd32f1x0.o(RESET)
</UL>
<P><STRONG><a name="[a9]"></a>ResetTimeout</STRONG> (Thumb, 14 bytes, Stack size 0 bytes, it.o(.text))
<BR><BR>[Called By]<UL><LI><a href="#[a3]">&gt;&gt;</a>&nbsp;&nbsp;&nbsp;UpdateUSARTSteerInput
</UL>

<P><STRONG><a name="[1c]"></a>TIMER13_IRQHandler</STRONG> (Thumb, 96 bytes, Stack size 0 bytes, it.o(.text))
<BR><BR>[Calls]<UL><LI><a href="#[9f]">&gt;&gt;</a>&nbsp;&nbsp;&nbsp;timer_interrupt_flag_clear
</UL>
<BR>[Address Reference Count : 1]<UL><LI> startup_gd32f1x0.o(RESET)
</UL>
<P><STRONG><a name="[17]"></a>TIMER0_BRK_UP_TRG_COM_IRQHandler</STRONG> (Thumb, 26 bytes, Stack size 8 bytes, it.o(.text))
<BR><BR>[Stack]<UL><LI>Max Depth = 8<LI>Call Chain = TIMER0_BRK_UP_TRG_COM_IRQHandler
</UL>
<BR>[Calls]<UL><LI><a href="#[a0]">&gt;&gt;</a>&nbsp;&nbsp;&nbsp;adc_software_trigger_enable
<LI><a href="#[9f]">&gt;&gt;</a>&nbsp;&nbsp;&nbsp;timer_interrupt_flag_clear
</UL>
<BR>[Address Reference Count : 1]<UL><LI> startup_gd32f1x0.o(RESET)
</UL>
<P><STRONG><a name="[13]"></a>DMA_Channel0_IRQHandler</STRONG> (Thumb, 32 bytes, Stack size 8 bytes, it.o(.text))
<BR><BR>[Stack]<UL><LI>Max Depth = 136<LI>Call Chain = DMA_Channel0_IRQHandler &rArr; CalculateBLDC &rArr; __aeabi_dadd &rArr; _double_epilogue &rArr; _double_round
</UL>
<BR>[Calls]<UL><LI><a href="#[a2]">&gt;&gt;</a>&nbsp;&nbsp;&nbsp;dma_interrupt_flag_clear
<LI><a href="#[a1]">&gt;&gt;</a>&nbsp;&nbsp;&nbsp;dma_interrupt_flag_get
<LI><a href="#[62]">&gt;&gt;</a>&nbsp;&nbsp;&nbsp;CalculateBLDC
</UL>
<BR>[Address Reference Count : 1]<UL><LI> startup_gd32f1x0.o(RESET)
</UL>
<P><STRONG><a name="[14]"></a>DMA_Channel1_2_IRQHandler</STRONG> (Thumb, 32 bytes, Stack size 8 bytes, it.o(.text))
<BR><BR>[Stack]<UL><LI>Max Depth = 40<LI>Call Chain = DMA_Channel1_2_IRQHandler &rArr; UpdateUSARTSteerInput &rArr; CalcCRC
</UL>
<BR>[Calls]<UL><LI><a href="#[a3]">&gt;&gt;</a>&nbsp;&nbsp;&nbsp;UpdateUSARTSteerInput
<LI><a href="#[a2]">&gt;&gt;</a>&nbsp;&nbsp;&nbsp;dma_interrupt_flag_clear
<LI><a href="#[a1]">&gt;&gt;</a>&nbsp;&nbsp;&nbsp;dma_interrupt_flag_get
</UL>
<BR>[Address Reference Count : 1]<UL><LI> startup_gd32f1x0.o(RESET)
</UL>
<P><STRONG><a name="[15]"></a>DMA_Channel3_4_IRQHandler</STRONG> (Thumb, 32 bytes, Stack size 8 bytes, it.o(.text))
<BR><BR>[Stack]<UL><LI>Max Depth = 40<LI>Call Chain = DMA_Channel3_4_IRQHandler &rArr; UpdateUSARTMasterSlaveInput &rArr; CalcCRC
</UL>
<BR>[Calls]<UL><LI><a href="#[a4]">&gt;&gt;</a>&nbsp;&nbsp;&nbsp;UpdateUSARTMasterSlaveInput
<LI><a href="#[a2]">&gt;&gt;</a>&nbsp;&nbsp;&nbsp;dma_interrupt_flag_clear
<LI><a href="#[a1]">&gt;&gt;</a>&nbsp;&nbsp;&nbsp;dma_interrupt_flag_get
</UL>
<BR>[Address Reference Count : 1]<UL><LI> startup_gd32f1x0.o(RESET)
</UL>
<P><STRONG><a name="[c3]"></a>millis</STRONG> (Thumb, 12 bytes, Stack size 0 bytes, it.o(.text), UNUSED)

<P><STRONG><a name="[49]"></a>Delay</STRONG> (Thumb, 28 bytes, Stack size 0 bytes, it.o(.text))
<BR><BR>[Called By]<UL><LI><a href="#[5f]">&gt;&gt;</a>&nbsp;&nbsp;&nbsp;ShutOff
<LI><a href="#[39]">&gt;&gt;</a>&nbsp;&nbsp;&nbsp;main
</UL>

<P><STRONG><a name="[1]"></a>NMI_Handler</STRONG> (Thumb, 2 bytes, Stack size 0 bytes, it.o(.text))
<BR>[Address Reference Count : 1]<UL><LI> startup_gd32f1x0.o(RESET)
</UL>
<P><STRONG><a name="[2]"></a>HardFault_Handler</STRONG> (Thumb, 2 bytes, Stack size 0 bytes, it.o(.text))
<BR><BR>[Calls]<UL><LI><a href="#[2]">&gt;&gt;</a>&nbsp;&nbsp;&nbsp;HardFault_Handler
</UL>
<BR>[Called By]<UL><LI><a href="#[2]">&gt;&gt;</a>&nbsp;&nbsp;&nbsp;HardFault_Handler
</UL>
<BR>[Address Reference Count : 1]<UL><LI> startup_gd32f1x0.o(RESET)
</UL>
<P><STRONG><a name="[3]"></a>MemManage_Handler</STRONG> (Thumb, 2 bytes, Stack size 0 bytes, it.o(.text))
<BR><BR>[Calls]<UL><LI><a href="#[3]">&gt;&gt;</a>&nbsp;&nbsp;&nbsp;MemManage_Handler
</UL>
<BR>[Called By]<UL><LI><a href="#[3]">&gt;&gt;</a>&nbsp;&nbsp;&nbsp;MemManage_Handler
</UL>
<BR>[Address Reference Count : 1]<UL><LI> startup_gd32f1x0.o(RESET)
</UL>
<P><STRONG><a name="[4]"></a>BusFault_Handler</STRONG> (Thumb, 2 bytes, Stack size 0 bytes, it.o(.text))
<BR><BR>[Calls]<UL><LI><a href="#[4]">&gt;&gt;</a>&nbsp;&nbsp;&nbsp;BusFault_Handler
</UL>
<BR>[Called By]<UL><LI><a href="#[4]">&gt;&gt;</a>&nbsp;&nbsp;&nbsp;BusFault_Handler
</UL>
<BR>[Address Reference Count : 1]<UL><LI> startup_gd32f1x0.o(RESET)
</UL>
<P><STRONG><a name="[5]"></a>UsageFault_Handler</STRONG> (Thumb, 2 bytes, Stack size 0 bytes, it.o(.text))
<BR><BR>[Calls]<UL><LI><a href="#[5]">&gt;&gt;</a>&nbsp;&nbsp;&nbsp;UsageFault_Handler
</UL>
<BR>[Called By]<UL><LI><a href="#[5]">&gt;&gt;</a>&nbsp;&nbsp;&nbsp;UsageFault_Handler
</UL>
<BR>[Address Reference Count : 1]<UL><LI> startup_gd32f1x0.o(RESET)
</UL>
<P><STRONG><a name="[6]"></a>SVC_Handler</STRONG> (Thumb, 2 bytes, Stack size 0 bytes, it.o(.text))
<BR>[Address Reference Count : 1]<UL><LI> startup_gd32f1x0.o(RESET)
</UL>
<P><STRONG><a name="[7]"></a>DebugMon_Handler</STRONG> (Thumb, 2 bytes, Stack size 0 bytes, it.o(.text))
<BR>[Address Reference Count : 1]<UL><LI> startup_gd32f1x0.o(RESET)
</UL>
<P><STRONG><a name="[8]"></a>PendSV_Handler</STRONG> (Thumb, 2 bytes, Stack size 0 bytes, it.o(.text))
<BR>[Address Reference Count : 1]<UL><LI> startup_gd32f1x0.o(RESET)
</UL>
<P><STRONG><a name="[a5]"></a>SendBuffer</STRONG> (Thumb, 48 bytes, Stack size 24 bytes, comms.o(.text))
<BR><BR>[Stack]<UL><LI>Max Depth = 24<LI>Call Chain = SendBuffer
</UL>
<BR>[Calls]<UL><LI><a href="#[a7]">&gt;&gt;</a>&nbsp;&nbsp;&nbsp;usart_flag_get
<LI><a href="#[a6]">&gt;&gt;</a>&nbsp;&nbsp;&nbsp;usart_data_transmit
</UL>
<BR>[Called By]<UL><LI><a href="#[5a]">&gt;&gt;</a>&nbsp;&nbsp;&nbsp;SendSlave
<LI><a href="#[4b]">&gt;&gt;</a>&nbsp;&nbsp;&nbsp;SendSteerDevice
</UL>

<P><STRONG><a name="[a8]"></a>CalcCRC</STRONG> (Thumb, 60 bytes, Stack size 16 bytes, comms.o(.text))
<BR><BR>[Stack]<UL><LI>Max Depth = 16<LI>Call Chain = CalcCRC
</UL>
<BR>[Called By]<UL><LI><a href="#[a4]">&gt;&gt;</a>&nbsp;&nbsp;&nbsp;UpdateUSARTMasterSlaveInput
<LI><a href="#[a3]">&gt;&gt;</a>&nbsp;&nbsp;&nbsp;UpdateUSARTSteerInput
<LI><a href="#[5a]">&gt;&gt;</a>&nbsp;&nbsp;&nbsp;SendSlave
<LI><a href="#[4b]">&gt;&gt;</a>&nbsp;&nbsp;&nbsp;SendSteerDevice
</UL>

<P><STRONG><a name="[4b]"></a>SendSteerDevice</STRONG> (Thumb, 170 bytes, Stack size 32 bytes, commssteering.o(.text))
<BR><BR>[Stack]<UL><LI>Max Depth = 56<LI>Call Chain = SendSteerDevice &rArr; SendBuffer
</UL>
<BR>[Calls]<UL><LI><a href="#[a8]">&gt;&gt;</a>&nbsp;&nbsp;&nbsp;CalcCRC
<LI><a href="#[a5]">&gt;&gt;</a>&nbsp;&nbsp;&nbsp;SendBuffer
<LI><a href="#[53]">&gt;&gt;</a>&nbsp;&nbsp;&nbsp;__aeabi_f2iz
<LI><a href="#[52]">&gt;&gt;</a>&nbsp;&nbsp;&nbsp;__aeabi_fmul
</UL>
<BR>[Called By]<UL><LI><a href="#[39]">&gt;&gt;</a>&nbsp;&nbsp;&nbsp;main
</UL>

<P><STRONG><a name="[a3]"></a>UpdateUSARTSteerInput</STRONG> (Thumb, 118 bytes, Stack size 16 bytes, commssteering.o(.text))
<BR><BR>[Stack]<UL><LI>Max Depth = 32<LI>Call Chain = UpdateUSARTSteerInput &rArr; CalcCRC
</UL>
<BR>[Calls]<UL><LI><a href="#[a8]">&gt;&gt;</a>&nbsp;&nbsp;&nbsp;CalcCRC
<LI><a href="#[a9]">&gt;&gt;</a>&nbsp;&nbsp;&nbsp;ResetTimeout
</UL>
<BR>[Called By]<UL><LI><a href="#[14]">&gt;&gt;</a>&nbsp;&nbsp;&nbsp;DMA_Channel1_2_IRQHandler
</UL>

<P><STRONG><a name="[a4]"></a>UpdateUSARTMasterSlaveInput</STRONG> (Thumb, 174 bytes, Stack size 16 bytes, commsmasterslave.o(.text))
<BR><BR>[Stack]<UL><LI>Max Depth = 32<LI>Call Chain = UpdateUSARTMasterSlaveInput &rArr; CalcCRC
</UL>
<BR>[Calls]<UL><LI><a href="#[a8]">&gt;&gt;</a>&nbsp;&nbsp;&nbsp;CalcCRC
<LI><a href="#[43]">&gt;&gt;</a>&nbsp;&nbsp;&nbsp;gpio_bit_write
</UL>
<BR>[Called By]<UL><LI><a href="#[15]">&gt;&gt;</a>&nbsp;&nbsp;&nbsp;DMA_Channel3_4_IRQHandler
</UL>

<P><STRONG><a name="[aa]"></a>ProessReceived</STRONG> (Thumb, 100 bytes, Stack size 24 bytes, commsmasterslave.o(.text), UNUSED)
<BR><BR>[Calls]<UL><LI><a href="#[43]">&gt;&gt;</a>&nbsp;&nbsp;&nbsp;gpio_bit_write
</UL>

<P><STRONG><a name="[5a]"></a>SendSlave</STRONG> (Thumb, 98 bytes, Stack size 24 bytes, commsmasterslave.o(.text))
<BR><BR>[Stack]<UL><LI>Max Depth = 48<LI>Call Chain = SendSlave &rArr; SendBuffer
</UL>
<BR>[Calls]<UL><LI><a href="#[a8]">&gt;&gt;</a>&nbsp;&nbsp;&nbsp;CalcCRC
<LI><a href="#[a5]">&gt;&gt;</a>&nbsp;&nbsp;&nbsp;SendBuffer
</UL>
<BR>[Called By]<UL><LI><a href="#[5f]">&gt;&gt;</a>&nbsp;&nbsp;&nbsp;ShutOff
<LI><a href="#[39]">&gt;&gt;</a>&nbsp;&nbsp;&nbsp;main
</UL>

<P><STRONG><a name="[ab]"></a>adc_deinit</STRONG> (Thumb, 22 bytes, Stack size 8 bytes, gd32f1x0_adc.o(.text), UNUSED)
<BR><BR>[Calls]<UL><LI><a href="#[ad]">&gt;&gt;</a>&nbsp;&nbsp;&nbsp;rcu_periph_reset_disable
<LI><a href="#[ac]">&gt;&gt;</a>&nbsp;&nbsp;&nbsp;rcu_periph_reset_enable
</UL>

<P><STRONG><a name="[92]"></a>adc_enable</STRONG> (Thumb, 26 bytes, Stack size 0 bytes, gd32f1x0_adc.o(.text))
<BR><BR>[Called By]<UL><LI><a href="#[45]">&gt;&gt;</a>&nbsp;&nbsp;&nbsp;ADC_init
</UL>

<P><STRONG><a name="[c4]"></a>adc_disable</STRONG> (Thumb, 18 bytes, Stack size 0 bytes, gd32f1x0_adc.o(.text), UNUSED)

<P><STRONG><a name="[93]"></a>adc_calibration_enable</STRONG> (Thumb, 40 bytes, Stack size 0 bytes, gd32f1x0_adc.o(.text))
<BR><BR>[Called By]<UL><LI><a href="#[45]">&gt;&gt;</a>&nbsp;&nbsp;&nbsp;ADC_init
</UL>

<P><STRONG><a name="[94]"></a>adc_dma_mode_enable</STRONG> (Thumb, 18 bytes, Stack size 0 bytes, gd32f1x0_adc.o(.text))
<BR><BR>[Called By]<UL><LI><a href="#[45]">&gt;&gt;</a>&nbsp;&nbsp;&nbsp;ADC_init
</UL>

<P><STRONG><a name="[c5]"></a>adc_dma_mode_disable</STRONG> (Thumb, 18 bytes, Stack size 0 bytes, gd32f1x0_adc.o(.text), UNUSED)

<P><STRONG><a name="[c6]"></a>adc_tempsensor_vrefint_enable</STRONG> (Thumb, 18 bytes, Stack size 0 bytes, gd32f1x0_adc.o(.text), UNUSED)

<P><STRONG><a name="[8f]"></a>adc_tempsensor_vrefint_disable</STRONG> (Thumb, 18 bytes, Stack size 0 bytes, gd32f1x0_adc.o(.text))
<BR><BR>[Called By]<UL><LI><a href="#[45]">&gt;&gt;</a>&nbsp;&nbsp;&nbsp;ADC_init
</UL>

<P><STRONG><a name="[c7]"></a>adc_vbat_enable</STRONG> (Thumb, 18 bytes, Stack size 0 bytes, gd32f1x0_adc.o(.text), UNUSED)

<P><STRONG><a name="[90]"></a>adc_vbat_disable</STRONG> (Thumb, 18 bytes, Stack size 0 bytes, gd32f1x0_adc.o(.text))
<BR><BR>[Called By]<UL><LI><a href="#[45]">&gt;&gt;</a>&nbsp;&nbsp;&nbsp;ADC_init
</UL>

<P><STRONG><a name="[c8]"></a>adc_discontinuous_mode_config</STRONG> (Thumb, 68 bytes, Stack size 0 bytes, gd32f1x0_adc.o(.text), UNUSED)

<P><STRONG><a name="[95]"></a>adc_special_function_config</STRONG> (Thumb, 100 bytes, Stack size 0 bytes, gd32f1x0_adc.o(.text))
<BR><BR>[Called By]<UL><LI><a href="#[45]">&gt;&gt;</a>&nbsp;&nbsp;&nbsp;ADC_init
</UL>

<P><STRONG><a name="[8c]"></a>adc_data_alignment_config</STRONG> (Thumb, 26 bytes, Stack size 0 bytes, gd32f1x0_adc.o(.text))
<BR><BR>[Called By]<UL><LI><a href="#[45]">&gt;&gt;</a>&nbsp;&nbsp;&nbsp;ADC_init
</UL>

<P><STRONG><a name="[8a]"></a>adc_channel_length_config</STRONG> (Thumb, 82 bytes, Stack size 0 bytes, gd32f1x0_adc.o(.text))
<BR><BR>[Called By]<UL><LI><a href="#[45]">&gt;&gt;</a>&nbsp;&nbsp;&nbsp;ADC_init
</UL>

<P><STRONG><a name="[8b]"></a>adc_regular_channel_config</STRONG> (Thumb, 180 bytes, Stack size 8 bytes, gd32f1x0_adc.o(.text))
<BR><BR>[Stack]<UL><LI>Max Depth = 8<LI>Call Chain = adc_regular_channel_config
</UL>
<BR>[Called By]<UL><LI><a href="#[45]">&gt;&gt;</a>&nbsp;&nbsp;&nbsp;ADC_init
</UL>

<P><STRONG><a name="[c9]"></a>adc_inserted_channel_config</STRONG> (Thumb, 114 bytes, Stack size 8 bytes, gd32f1x0_adc.o(.text), UNUSED)

<P><STRONG><a name="[ca]"></a>adc_inserted_channel_offset_config</STRONG> (Thumb, 32 bytes, Stack size 0 bytes, gd32f1x0_adc.o(.text), UNUSED)

<P><STRONG><a name="[8d]"></a>adc_external_trigger_config</STRONG> (Thumb, 72 bytes, Stack size 0 bytes, gd32f1x0_adc.o(.text))
<BR><BR>[Called By]<UL><LI><a href="#[45]">&gt;&gt;</a>&nbsp;&nbsp;&nbsp;ADC_init
</UL>

<P><STRONG><a name="[8e]"></a>adc_external_trigger_source_config</STRONG> (Thumb, 42 bytes, Stack size 0 bytes, gd32f1x0_adc.o(.text))
<BR><BR>[Called By]<UL><LI><a href="#[45]">&gt;&gt;</a>&nbsp;&nbsp;&nbsp;ADC_init
</UL>

<P><STRONG><a name="[a0]"></a>adc_software_trigger_enable</STRONG> (Thumb, 36 bytes, Stack size 0 bytes, gd32f1x0_adc.o(.text))
<BR><BR>[Called By]<UL><LI><a href="#[17]">&gt;&gt;</a>&nbsp;&nbsp;&nbsp;TIMER0_BRK_UP_TRG_COM_IRQHandler
</UL>

<P><STRONG><a name="[cb]"></a>adc_regular_data_read</STRONG> (Thumb, 14 bytes, Stack size 0 bytes, gd32f1x0_adc.o(.text), UNUSED)

<P><STRONG><a name="[cc]"></a>adc_inserted_data_read</STRONG> (Thumb, 74 bytes, Stack size 0 bytes, gd32f1x0_adc.o(.text), UNUSED)

<P><STRONG><a name="[cd]"></a>adc_flag_get</STRONG> (Thumb, 18 bytes, Stack size 0 bytes, gd32f1x0_adc.o(.text), UNUSED)

<P><STRONG><a name="[ce]"></a>adc_flag_clear</STRONG> (Thumb, 18 bytes, Stack size 0 bytes, gd32f1x0_adc.o(.text), UNUSED)

<P><STRONG><a name="[cf]"></a>adc_interrupt_flag_get</STRONG> (Thumb, 56 bytes, Stack size 0 bytes, gd32f1x0_adc.o(.text), UNUSED)

<P><STRONG><a name="[d0]"></a>adc_interrupt_flag_clear</STRONG> (Thumb, 18 bytes, Stack size 0 bytes, gd32f1x0_adc.o(.text), UNUSED)

<P><STRONG><a name="[d1]"></a>adc_interrupt_enable</STRONG> (Thumb, 48 bytes, Stack size 0 bytes, gd32f1x0_adc.o(.text), UNUSED)

<P><STRONG><a name="[d2]"></a>adc_interrupt_disable</STRONG> (Thumb, 48 bytes, Stack size 0 bytes, gd32f1x0_adc.o(.text), UNUSED)

<P><STRONG><a name="[d3]"></a>adc_watchdog_single_channel_enable</STRONG> (Thumb, 42 bytes, Stack size 0 bytes, gd32f1x0_adc.o(.text), UNUSED)

<P><STRONG><a name="[d4]"></a>adc_watchdog_group_channel_enable</STRONG> (Thumb, 48 bytes, Stack size 0 bytes, gd32f1x0_adc.o(.text), UNUSED)

<P><STRONG><a name="[91]"></a>adc_watchdog_disable</STRONG> (Thumb, 24 bytes, Stack size 0 bytes, gd32f1x0_adc.o(.text))
<BR><BR>[Called By]<UL><LI><a href="#[45]">&gt;&gt;</a>&nbsp;&nbsp;&nbsp;ADC_init
</UL>

<P><STRONG><a name="[d5]"></a>adc_watchdog_threshold_config</STRONG> (Thumb, 22 bytes, Stack size 0 bytes, gd32f1x0_adc.o(.text), UNUSED)

<P><STRONG><a name="[83]"></a>dma_deinit</STRONG> (Thumb, 48 bytes, Stack size 0 bytes, gd32f1x0_dma.o(.text))
<BR><BR>[Called By]<UL><LI><a href="#[48]">&gt;&gt;</a>&nbsp;&nbsp;&nbsp;USART_Steer_COM_init
<LI><a href="#[45]">&gt;&gt;</a>&nbsp;&nbsp;&nbsp;ADC_init
<LI><a href="#[44]">&gt;&gt;</a>&nbsp;&nbsp;&nbsp;USART_MasterSlave_init
</UL>

<P><STRONG><a name="[d6]"></a>dma_struct_para_init</STRONG> (Thumb, 24 bytes, Stack size 0 bytes, gd32f1x0_dma.o(.text), UNUSED)

<P><STRONG><a name="[84]"></a>dma_init</STRONG> (Thumb, 122 bytes, Stack size 8 bytes, gd32f1x0_dma.o(.text))
<BR><BR>[Stack]<UL><LI>Max Depth = 8<LI>Call Chain = dma_init
</UL>
<BR>[Called By]<UL><LI><a href="#[48]">&gt;&gt;</a>&nbsp;&nbsp;&nbsp;USART_Steer_COM_init
<LI><a href="#[45]">&gt;&gt;</a>&nbsp;&nbsp;&nbsp;ADC_init
<LI><a href="#[44]">&gt;&gt;</a>&nbsp;&nbsp;&nbsp;USART_MasterSlave_init
</UL>

<P><STRONG><a name="[85]"></a>dma_circulation_enable</STRONG> (Thumb, 24 bytes, Stack size 0 bytes, gd32f1x0_dma.o(.text))
<BR><BR>[Called By]<UL><LI><a href="#[48]">&gt;&gt;</a>&nbsp;&nbsp;&nbsp;USART_Steer_COM_init
<LI><a href="#[45]">&gt;&gt;</a>&nbsp;&nbsp;&nbsp;ADC_init
<LI><a href="#[44]">&gt;&gt;</a>&nbsp;&nbsp;&nbsp;USART_MasterSlave_init
</UL>

<P><STRONG><a name="[d7]"></a>dma_circulation_disable</STRONG> (Thumb, 24 bytes, Stack size 0 bytes, gd32f1x0_dma.o(.text), UNUSED)

<P><STRONG><a name="[d8]"></a>dma_memory_to_memory_enable</STRONG> (Thumb, 24 bytes, Stack size 0 bytes, gd32f1x0_dma.o(.text), UNUSED)

<P><STRONG><a name="[86]"></a>dma_memory_to_memory_disable</STRONG> (Thumb, 24 bytes, Stack size 0 bytes, gd32f1x0_dma.o(.text))
<BR><BR>[Called By]<UL><LI><a href="#[48]">&gt;&gt;</a>&nbsp;&nbsp;&nbsp;USART_Steer_COM_init
<LI><a href="#[45]">&gt;&gt;</a>&nbsp;&nbsp;&nbsp;ADC_init
<LI><a href="#[44]">&gt;&gt;</a>&nbsp;&nbsp;&nbsp;USART_MasterSlave_init
</UL>

<P><STRONG><a name="[89]"></a>dma_channel_enable</STRONG> (Thumb, 24 bytes, Stack size 0 bytes, gd32f1x0_dma.o(.text))
<BR><BR>[Called By]<UL><LI><a href="#[48]">&gt;&gt;</a>&nbsp;&nbsp;&nbsp;USART_Steer_COM_init
<LI><a href="#[45]">&gt;&gt;</a>&nbsp;&nbsp;&nbsp;ADC_init
<LI><a href="#[44]">&gt;&gt;</a>&nbsp;&nbsp;&nbsp;USART_MasterSlave_init
</UL>

<P><STRONG><a name="[d9]"></a>dma_channel_disable</STRONG> (Thumb, 24 bytes, Stack size 0 bytes, gd32f1x0_dma.o(.text), UNUSED)

<P><STRONG><a name="[da]"></a>dma_periph_address_config</STRONG> (Thumb, 16 bytes, Stack size 0 bytes, gd32f1x0_dma.o(.text), UNUSED)

<P><STRONG><a name="[db]"></a>dma_memory_address_config</STRONG> (Thumb, 16 bytes, Stack size 0 bytes, gd32f1x0_dma.o(.text), UNUSED)

<P><STRONG><a name="[88]"></a>dma_transfer_number_config</STRONG> (Thumb, 16 bytes, Stack size 0 bytes, gd32f1x0_dma.o(.text))
<BR><BR>[Called By]<UL><LI><a href="#[48]">&gt;&gt;</a>&nbsp;&nbsp;&nbsp;USART_Steer_COM_init
<LI><a href="#[45]">&gt;&gt;</a>&nbsp;&nbsp;&nbsp;ADC_init
<LI><a href="#[44]">&gt;&gt;</a>&nbsp;&nbsp;&nbsp;USART_MasterSlave_init
</UL>

<P><STRONG><a name="[dc]"></a>dma_transfer_number_get</STRONG> (Thumb, 16 bytes, Stack size 0 bytes, gd32f1x0_dma.o(.text), UNUSED)

<P><STRONG><a name="[dd]"></a>dma_priority_config</STRONG> (Thumb, 26 bytes, Stack size 0 bytes, gd32f1x0_dma.o(.text), UNUSED)

<P><STRONG><a name="[de]"></a>dma_memory_width_config</STRONG> (Thumb, 26 bytes, Stack size 0 bytes, gd32f1x0_dma.o(.text), UNUSED)

<P><STRONG><a name="[df]"></a>dma_periph_width_config</STRONG> (Thumb, 26 bytes, Stack size 0 bytes, gd32f1x0_dma.o(.text), UNUSED)

<P><STRONG><a name="[e0]"></a>dma_memory_increase_enable</STRONG> (Thumb, 24 bytes, Stack size 0 bytes, gd32f1x0_dma.o(.text), UNUSED)

<P><STRONG><a name="[e1]"></a>dma_memory_increase_disable</STRONG> (Thumb, 24 bytes, Stack size 0 bytes, gd32f1x0_dma.o(.text), UNUSED)

<P><STRONG><a name="[e2]"></a>dma_periph_increase_enable</STRONG> (Thumb, 24 bytes, Stack size 0 bytes, gd32f1x0_dma.o(.text), UNUSED)

<P><STRONG><a name="[e3]"></a>dma_periph_increase_disable</STRONG> (Thumb, 24 bytes, Stack size 0 bytes, gd32f1x0_dma.o(.text), UNUSED)

<P><STRONG><a name="[e4]"></a>dma_transfer_direction_config</STRONG> (Thumb, 30 bytes, Stack size 0 bytes, gd32f1x0_dma.o(.text), UNUSED)

<P><STRONG><a name="[a1]"></a>dma_interrupt_flag_get</STRONG> (Thumb, 116 bytes, Stack size 8 bytes, gd32f1x0_dma.o(.text))
<BR><BR>[Stack]<UL><LI>Max Depth = 8<LI>Call Chain = dma_interrupt_flag_get
</UL>
<BR>[Called By]<UL><LI><a href="#[15]">&gt;&gt;</a>&nbsp;&nbsp;&nbsp;DMA_Channel3_4_IRQHandler
<LI><a href="#[14]">&gt;&gt;</a>&nbsp;&nbsp;&nbsp;DMA_Channel1_2_IRQHandler
<LI><a href="#[13]">&gt;&gt;</a>&nbsp;&nbsp;&nbsp;DMA_Channel0_IRQHandler
</UL>

<P><STRONG><a name="[a2]"></a>dma_interrupt_flag_clear</STRONG> (Thumb, 20 bytes, Stack size 0 bytes, gd32f1x0_dma.o(.text))
<BR><BR>[Called By]<UL><LI><a href="#[15]">&gt;&gt;</a>&nbsp;&nbsp;&nbsp;DMA_Channel3_4_IRQHandler
<LI><a href="#[14]">&gt;&gt;</a>&nbsp;&nbsp;&nbsp;DMA_Channel1_2_IRQHandler
<LI><a href="#[13]">&gt;&gt;</a>&nbsp;&nbsp;&nbsp;DMA_Channel0_IRQHandler
</UL>

<P><STRONG><a name="[87]"></a>dma_interrupt_enable</STRONG> (Thumb, 22 bytes, Stack size 0 bytes, gd32f1x0_dma.o(.text))
<BR><BR>[Called By]<UL><LI><a href="#[48]">&gt;&gt;</a>&nbsp;&nbsp;&nbsp;USART_Steer_COM_init
<LI><a href="#[45]">&gt;&gt;</a>&nbsp;&nbsp;&nbsp;ADC_init
<LI><a href="#[44]">&gt;&gt;</a>&nbsp;&nbsp;&nbsp;USART_MasterSlave_init
</UL>

<P><STRONG><a name="[e5]"></a>dma_interrupt_disable</STRONG> (Thumb, 24 bytes, Stack size 0 bytes, gd32f1x0_dma.o(.text), UNUSED)

<P><STRONG><a name="[e6]"></a>dma_flag_get</STRONG> (Thumb, 22 bytes, Stack size 0 bytes, gd32f1x0_dma.o(.text), UNUSED)

<P><STRONG><a name="[e7]"></a>dma_flag_clear</STRONG> (Thumb, 20 bytes, Stack size 0 bytes, gd32f1x0_dma.o(.text), UNUSED)

<P><STRONG><a name="[e8]"></a>fwdgt_write_disable</STRONG> (Thumb, 14 bytes, Stack size 0 bytes, gd32f1x0_fwdgt.o(.text), UNUSED)

<P><STRONG><a name="[47]"></a>fwdgt_counter_reload</STRONG> (Thumb, 16 bytes, Stack size 0 bytes, gd32f1x0_fwdgt.o(.text))
<BR><BR>[Called By]<UL><LI><a href="#[5f]">&gt;&gt;</a>&nbsp;&nbsp;&nbsp;ShutOff
<LI><a href="#[39]">&gt;&gt;</a>&nbsp;&nbsp;&nbsp;main
</UL>

<P><STRONG><a name="[6f]"></a>fwdgt_enable</STRONG> (Thumb, 16 bytes, Stack size 0 bytes, gd32f1x0_fwdgt.o(.text))
<BR><BR>[Called By]<UL><LI><a href="#[3f]">&gt;&gt;</a>&nbsp;&nbsp;&nbsp;Watchdog_init
</UL>

<P><STRONG><a name="[6e]"></a>fwdgt_window_value_config</STRONG> (Thumb, 52 bytes, Stack size 0 bytes, gd32f1x0_fwdgt.o(.text))
<BR><BR>[Called By]<UL><LI><a href="#[3f]">&gt;&gt;</a>&nbsp;&nbsp;&nbsp;Watchdog_init
</UL>

<P><STRONG><a name="[6d]"></a>fwdgt_config</STRONG> (Thumb, 100 bytes, Stack size 8 bytes, gd32f1x0_fwdgt.o(.text))
<BR><BR>[Stack]<UL><LI>Max Depth = 8<LI>Call Chain = fwdgt_config
</UL>
<BR>[Called By]<UL><LI><a href="#[3f]">&gt;&gt;</a>&nbsp;&nbsp;&nbsp;Watchdog_init
</UL>

<P><STRONG><a name="[e9]"></a>fwdgt_flag_get</STRONG> (Thumb, 18 bytes, Stack size 0 bytes, gd32f1x0_fwdgt.o(.text), UNUSED)

<P><STRONG><a name="[ae]"></a>gpio_deinit</STRONG> (Thumb, 58 bytes, Stack size 8 bytes, gd32f1x0_gpio.o(.text), UNUSED)
<BR><BR>[Calls]<UL><LI><a href="#[ad]">&gt;&gt;</a>&nbsp;&nbsp;&nbsp;rcu_periph_reset_disable
<LI><a href="#[ac]">&gt;&gt;</a>&nbsp;&nbsp;&nbsp;rcu_periph_reset_enable
</UL>

<P><STRONG><a name="[77]"></a>gpio_mode_set</STRONG> (Thumb, 84 bytes, Stack size 24 bytes, gd32f1x0_gpio.o(.text))
<BR><BR>[Stack]<UL><LI>Max Depth = 24<LI>Call Chain = gpio_mode_set
</UL>
<BR>[Called By]<UL><LI><a href="#[42]">&gt;&gt;</a>&nbsp;&nbsp;&nbsp;GPIO_init
</UL>

<P><STRONG><a name="[78]"></a>gpio_output_options_set</STRONG> (Thumb, 70 bytes, Stack size 16 bytes, gd32f1x0_gpio.o(.text))
<BR><BR>[Stack]<UL><LI>Max Depth = 16<LI>Call Chain = gpio_output_options_set
</UL>
<BR>[Called By]<UL><LI><a href="#[42]">&gt;&gt;</a>&nbsp;&nbsp;&nbsp;GPIO_init
</UL>

<P><STRONG><a name="[ea]"></a>gpio_bit_set</STRONG> (Thumb, 4 bytes, Stack size 0 bytes, gd32f1x0_gpio.o(.text), UNUSED)

<P><STRONG><a name="[eb]"></a>gpio_bit_reset</STRONG> (Thumb, 4 bytes, Stack size 0 bytes, gd32f1x0_gpio.o(.text), UNUSED)

<P><STRONG><a name="[43]"></a>gpio_bit_write</STRONG> (Thumb, 12 bytes, Stack size 0 bytes, gd32f1x0_gpio.o(.text))
<BR><BR>[Called By]<UL><LI><a href="#[aa]">&gt;&gt;</a>&nbsp;&nbsp;&nbsp;ProessReceived
<LI><a href="#[a4]">&gt;&gt;</a>&nbsp;&nbsp;&nbsp;UpdateUSARTMasterSlaveInput
<LI><a href="#[62]">&gt;&gt;</a>&nbsp;&nbsp;&nbsp;CalculateBLDC
<LI><a href="#[60]">&gt;&gt;</a>&nbsp;&nbsp;&nbsp;ShowBatteryState
<LI><a href="#[5f]">&gt;&gt;</a>&nbsp;&nbsp;&nbsp;ShutOff
<LI><a href="#[39]">&gt;&gt;</a>&nbsp;&nbsp;&nbsp;main
</UL>

<P><STRONG><a name="[ec]"></a>gpio_port_write</STRONG> (Thumb, 4 bytes, Stack size 0 bytes, gd32f1x0_gpio.o(.text), UNUSED)

<P><STRONG><a name="[4a]"></a>gpio_input_bit_get</STRONG> (Thumb, 10 bytes, Stack size 0 bytes, gd32f1x0_gpio.o(.text))
<BR><BR>[Called By]<UL><LI><a href="#[62]">&gt;&gt;</a>&nbsp;&nbsp;&nbsp;CalculateBLDC
<LI><a href="#[39]">&gt;&gt;</a>&nbsp;&nbsp;&nbsp;main
</UL>

<P><STRONG><a name="[ed]"></a>gpio_input_port_get</STRONG> (Thumb, 6 bytes, Stack size 0 bytes, gd32f1x0_gpio.o(.text), UNUSED)

<P><STRONG><a name="[ee]"></a>gpio_output_bit_get</STRONG> (Thumb, 10 bytes, Stack size 0 bytes, gd32f1x0_gpio.o(.text), UNUSED)

<P><STRONG><a name="[ef]"></a>gpio_output_port_get</STRONG> (Thumb, 6 bytes, Stack size 0 bytes, gd32f1x0_gpio.o(.text), UNUSED)

<P><STRONG><a name="[79]"></a>gpio_af_set</STRONG> (Thumb, 110 bytes, Stack size 20 bytes, gd32f1x0_gpio.o(.text))
<BR><BR>[Stack]<UL><LI>Max Depth = 20<LI>Call Chain = gpio_af_set
</UL>
<BR>[Called By]<UL><LI><a href="#[42]">&gt;&gt;</a>&nbsp;&nbsp;&nbsp;GPIO_init
</UL>

<P><STRONG><a name="[f0]"></a>gpio_pin_lock</STRONG> (Thumb, 16 bytes, Stack size 0 bytes, gd32f1x0_gpio.o(.text), UNUSED)

<P><STRONG><a name="[6a]"></a>nvic_priority_group_set</STRONG> (Thumb, 20 bytes, Stack size 0 bytes, gd32f1x0_misc.o(.text))
<BR><BR>[Called By]<UL><LI><a href="#[40]">&gt;&gt;</a>&nbsp;&nbsp;&nbsp;Interrupt_init
</UL>

<P><STRONG><a name="[74]"></a>nvic_irq_enable</STRONG> (Thumb, 168 bytes, Stack size 0 bytes, gd32f1x0_misc.o(.text))
<BR><BR>[Called By]<UL><LI><a href="#[48]">&gt;&gt;</a>&nbsp;&nbsp;&nbsp;USART_Steer_COM_init
<LI><a href="#[46]">&gt;&gt;</a>&nbsp;&nbsp;&nbsp;PWM_init
<LI><a href="#[45]">&gt;&gt;</a>&nbsp;&nbsp;&nbsp;ADC_init
<LI><a href="#[44]">&gt;&gt;</a>&nbsp;&nbsp;&nbsp;USART_MasterSlave_init
<LI><a href="#[41]">&gt;&gt;</a>&nbsp;&nbsp;&nbsp;TimeoutTimer_init
</UL>

<P><STRONG><a name="[f1]"></a>nvic_irq_disable</STRONG> (Thumb, 30 bytes, Stack size 0 bytes, gd32f1x0_misc.o(.text), UNUSED)

<P><STRONG><a name="[f2]"></a>nvic_vector_table_set</STRONG> (Thumb, 24 bytes, Stack size 0 bytes, gd32f1x0_misc.o(.text), UNUSED)

<P><STRONG><a name="[f3]"></a>system_lowpower_set</STRONG> (Thumb, 16 bytes, Stack size 0 bytes, gd32f1x0_misc.o(.text), UNUSED)

<P><STRONG><a name="[f4]"></a>system_lowpower_reset</STRONG> (Thumb, 18 bytes, Stack size 0 bytes, gd32f1x0_misc.o(.text), UNUSED)

<P><STRONG><a name="[f5]"></a>systick_clksource_set</STRONG> (Thumb, 24 bytes, Stack size 0 bytes, gd32f1x0_misc.o(.text), UNUSED)

<P><STRONG><a name="[f6]"></a>rcu_deinit</STRONG> (Thumb, 112 bytes, Stack size 0 bytes, gd32f1x0_rcu.o(.text), UNUSED)

<P><STRONG><a name="[70]"></a>rcu_periph_clock_enable</STRONG> (Thumb, 30 bytes, Stack size 0 bytes, gd32f1x0_rcu.o(.text))
<BR><BR>[Called By]<UL><LI><a href="#[48]">&gt;&gt;</a>&nbsp;&nbsp;&nbsp;USART_Steer_COM_init
<LI><a href="#[46]">&gt;&gt;</a>&nbsp;&nbsp;&nbsp;PWM_init
<LI><a href="#[45]">&gt;&gt;</a>&nbsp;&nbsp;&nbsp;ADC_init
<LI><a href="#[44]">&gt;&gt;</a>&nbsp;&nbsp;&nbsp;USART_MasterSlave_init
<LI><a href="#[42]">&gt;&gt;</a>&nbsp;&nbsp;&nbsp;GPIO_init
<LI><a href="#[41]">&gt;&gt;</a>&nbsp;&nbsp;&nbsp;TimeoutTimer_init
</UL>

<P><STRONG><a name="[f7]"></a>rcu_periph_clock_disable</STRONG> (Thumb, 32 bytes, Stack size 0 bytes, gd32f1x0_rcu.o(.text), UNUSED)

<P><STRONG><a name="[f8]"></a>rcu_periph_clock_sleep_enable</STRONG> (Thumb, 30 bytes, Stack size 0 bytes, gd32f1x0_rcu.o(.text), UNUSED)

<P><STRONG><a name="[f9]"></a>rcu_periph_clock_sleep_disable</STRONG> (Thumb, 32 bytes, Stack size 0 bytes, gd32f1x0_rcu.o(.text), UNUSED)

<P><STRONG><a name="[ac]"></a>rcu_periph_reset_enable</STRONG> (Thumb, 30 bytes, Stack size 0 bytes, gd32f1x0_rcu.o(.text))
<BR><BR>[Called By]<UL><LI><a href="#[ae]">&gt;&gt;</a>&nbsp;&nbsp;&nbsp;gpio_deinit
<LI><a href="#[ab]">&gt;&gt;</a>&nbsp;&nbsp;&nbsp;adc_deinit
<LI><a href="#[71]">&gt;&gt;</a>&nbsp;&nbsp;&nbsp;timer_deinit
<LI><a href="#[61]">&gt;&gt;</a>&nbsp;&nbsp;&nbsp;usart_deinit
</UL>

<P><STRONG><a name="[ad]"></a>rcu_periph_reset_disable</STRONG> (Thumb, 32 bytes, Stack size 0 bytes, gd32f1x0_rcu.o(.text))
<BR><BR>[Called By]<UL><LI><a href="#[ae]">&gt;&gt;</a>&nbsp;&nbsp;&nbsp;gpio_deinit
<LI><a href="#[ab]">&gt;&gt;</a>&nbsp;&nbsp;&nbsp;adc_deinit
<LI><a href="#[71]">&gt;&gt;</a>&nbsp;&nbsp;&nbsp;timer_deinit
<LI><a href="#[61]">&gt;&gt;</a>&nbsp;&nbsp;&nbsp;usart_deinit
</UL>

<P><STRONG><a name="[fa]"></a>rcu_bkp_reset_enable</STRONG> (Thumb, 18 bytes, Stack size 0 bytes, gd32f1x0_rcu.o(.text), UNUSED)

<P><STRONG><a name="[fb]"></a>rcu_bkp_reset_disable</STRONG> (Thumb, 18 bytes, Stack size 0 bytes, gd32f1x0_rcu.o(.text), UNUSED)

<P><STRONG><a name="[fc]"></a>rcu_system_clock_source_config</STRONG> (Thumb, 20 bytes, Stack size 0 bytes, gd32f1x0_rcu.o(.text), UNUSED)

<P><STRONG><a name="[fd]"></a>rcu_system_clock_source_get</STRONG> (Thumb, 16 bytes, Stack size 0 bytes, gd32f1x0_rcu.o(.text), UNUSED)

<P><STRONG><a name="[fe]"></a>rcu_ahb_clock_config</STRONG> (Thumb, 20 bytes, Stack size 0 bytes, gd32f1x0_rcu.o(.text), UNUSED)

<P><STRONG><a name="[ff]"></a>rcu_apb1_clock_config</STRONG> (Thumb, 20 bytes, Stack size 0 bytes, gd32f1x0_rcu.o(.text), UNUSED)

<P><STRONG><a name="[100]"></a>rcu_apb2_clock_config</STRONG> (Thumb, 20 bytes, Stack size 0 bytes, gd32f1x0_rcu.o(.text), UNUSED)

<P><STRONG><a name="[82]"></a>rcu_adc_clock_config</STRONG> (Thumb, 88 bytes, Stack size 0 bytes, gd32f1x0_rcu.o(.text))
<BR><BR>[Called By]<UL><LI><a href="#[45]">&gt;&gt;</a>&nbsp;&nbsp;&nbsp;ADC_init
</UL>

<P><STRONG><a name="[101]"></a>rcu_usbd_clock_config</STRONG> (Thumb, 24 bytes, Stack size 0 bytes, gd32f1x0_rcu.o(.text), UNUSED)

<P><STRONG><a name="[102]"></a>rcu_ckout_config</STRONG> (Thumb, 22 bytes, Stack size 0 bytes, gd32f1x0_rcu.o(.text), UNUSED)

<P><STRONG><a name="[103]"></a>rcu_pll_config</STRONG> (Thumb, 36 bytes, Stack size 0 bytes, gd32f1x0_rcu.o(.text), UNUSED)

<P><STRONG><a name="[104]"></a>rcu_usart_clock_config</STRONG> (Thumb, 24 bytes, Stack size 0 bytes, gd32f1x0_rcu.o(.text), UNUSED)

<P><STRONG><a name="[105]"></a>rcu_cec_clock_config</STRONG> (Thumb, 24 bytes, Stack size 0 bytes, gd32f1x0_rcu.o(.text), UNUSED)

<P><STRONG><a name="[106]"></a>rcu_rtc_clock_config</STRONG> (Thumb, 24 bytes, Stack size 0 bytes, gd32f1x0_rcu.o(.text), UNUSED)

<P><STRONG><a name="[107]"></a>rcu_hxtal_prediv_config</STRONG> (Thumb, 20 bytes, Stack size 0 bytes, gd32f1x0_rcu.o(.text), UNUSED)

<P><STRONG><a name="[108]"></a>rcu_lxtal_drive_capability_config</STRONG> (Thumb, 24 bytes, Stack size 0 bytes, gd32f1x0_rcu.o(.text), UNUSED)

<P><STRONG><a name="[6b]"></a>rcu_flag_get</STRONG> (Thumb, 26 bytes, Stack size 0 bytes, gd32f1x0_rcu.o(.text))
<BR><BR>[Called By]<UL><LI><a href="#[3f]">&gt;&gt;</a>&nbsp;&nbsp;&nbsp;Watchdog_init
</UL>

<P><STRONG><a name="[6c]"></a>rcu_all_reset_flag_clear</STRONG> (Thumb, 18 bytes, Stack size 0 bytes, gd32f1x0_rcu.o(.text))
<BR><BR>[Called By]<UL><LI><a href="#[3f]">&gt;&gt;</a>&nbsp;&nbsp;&nbsp;Watchdog_init
</UL>

<P><STRONG><a name="[109]"></a>rcu_interrupt_flag_get</STRONG> (Thumb, 18 bytes, Stack size 0 bytes, gd32f1x0_rcu.o(.text), UNUSED)

<P><STRONG><a name="[10a]"></a>rcu_interrupt_flag_clear</STRONG> (Thumb, 16 bytes, Stack size 0 bytes, gd32f1x0_rcu.o(.text), UNUSED)

<P><STRONG><a name="[10b]"></a>rcu_interrupt_enable</STRONG> (Thumb, 16 bytes, Stack size 0 bytes, gd32f1x0_rcu.o(.text), UNUSED)

<P><STRONG><a name="[10c]"></a>rcu_interrupt_disable</STRONG> (Thumb, 18 bytes, Stack size 0 bytes, gd32f1x0_rcu.o(.text), UNUSED)

<P><STRONG><a name="[10d]"></a>rcu_osci_stab_wait</STRONG> (Thumb, 324 bytes, Stack size 0 bytes, gd32f1x0_rcu.o(.text), UNUSED)

<P><STRONG><a name="[10e]"></a>rcu_osci_on</STRONG> (Thumb, 30 bytes, Stack size 0 bytes, gd32f1x0_rcu.o(.text), UNUSED)

<P><STRONG><a name="[10f]"></a>rcu_osci_off</STRONG> (Thumb, 32 bytes, Stack size 0 bytes, gd32f1x0_rcu.o(.text), UNUSED)

<P><STRONG><a name="[110]"></a>rcu_osci_bypass_mode_enable</STRONG> (Thumb, 64 bytes, Stack size 0 bytes, gd32f1x0_rcu.o(.text), UNUSED)

<P><STRONG><a name="[111]"></a>rcu_osci_bypass_mode_disable</STRONG> (Thumb, 64 bytes, Stack size 0 bytes, gd32f1x0_rcu.o(.text), UNUSED)

<P><STRONG><a name="[112]"></a>rcu_hxtal_clock_monitor_enable</STRONG> (Thumb, 18 bytes, Stack size 0 bytes, gd32f1x0_rcu.o(.text), UNUSED)

<P><STRONG><a name="[113]"></a>rcu_hxtal_clock_monitor_disable</STRONG> (Thumb, 18 bytes, Stack size 0 bytes, gd32f1x0_rcu.o(.text), UNUSED)

<P><STRONG><a name="[114]"></a>rcu_irc8m_adjust_value_set</STRONG> (Thumb, 22 bytes, Stack size 0 bytes, gd32f1x0_rcu.o(.text), UNUSED)

<P><STRONG><a name="[115]"></a>rcu_irc14m_adjust_value_set</STRONG> (Thumb, 22 bytes, Stack size 0 bytes, gd32f1x0_rcu.o(.text), UNUSED)

<P><STRONG><a name="[116]"></a>rcu_voltage_key_unlock</STRONG> (Thumb, 30 bytes, Stack size 0 bytes, gd32f1x0_rcu.o(.text), UNUSED)

<P><STRONG><a name="[117]"></a>rcu_deepsleep_voltage_set</STRONG> (Thumb, 24 bytes, Stack size 0 bytes, gd32f1x0_rcu.o(.text), UNUSED)

<P><STRONG><a name="[118]"></a>rcu_power_down_voltage_set</STRONG> (Thumb, 24 bytes, Stack size 0 bytes, gd32f1x0_rcu.o(.text), UNUSED)

<P><STRONG><a name="[af]"></a>rcu_clock_freq_get</STRONG> (Thumb, 292 bytes, Stack size 16 bytes, gd32f1x0_rcu.o(.text))
<BR><BR>[Stack]<UL><LI>Max Depth = 16<LI>Call Chain = rcu_clock_freq_get
</UL>
<BR>[Called By]<UL><LI><a href="#[96]">&gt;&gt;</a>&nbsp;&nbsp;&nbsp;usart_baudrate_set
</UL>

<P><STRONG><a name="[71]"></a>timer_deinit</STRONG> (Thumb, 194 bytes, Stack size 8 bytes, gd32f1x0_timer.o(.text))
<BR><BR>[Stack]<UL><LI>Max Depth = 8<LI>Call Chain = timer_deinit
</UL>
<BR>[Calls]<UL><LI><a href="#[ad]">&gt;&gt;</a>&nbsp;&nbsp;&nbsp;rcu_periph_reset_disable
<LI><a href="#[ac]">&gt;&gt;</a>&nbsp;&nbsp;&nbsp;rcu_periph_reset_enable
</UL>
<BR>[Called By]<UL><LI><a href="#[46]">&gt;&gt;</a>&nbsp;&nbsp;&nbsp;PWM_init
<LI><a href="#[41]">&gt;&gt;</a>&nbsp;&nbsp;&nbsp;TimeoutTimer_init
</UL>

<P><STRONG><a name="[119]"></a>timer_struct_para_init</STRONG> (Thumb, 16 bytes, Stack size 0 bytes, gd32f1x0_timer.o(.text), UNUSED)

<P><STRONG><a name="[73]"></a>timer_init</STRONG> (Thumb, 212 bytes, Stack size 0 bytes, gd32f1x0_timer.o(.text))
<BR><BR>[Called By]<UL><LI><a href="#[46]">&gt;&gt;</a>&nbsp;&nbsp;&nbsp;PWM_init
<LI><a href="#[41]">&gt;&gt;</a>&nbsp;&nbsp;&nbsp;TimeoutTimer_init
</UL>

<P><STRONG><a name="[76]"></a>timer_enable</STRONG> (Thumb, 10 bytes, Stack size 0 bytes, gd32f1x0_timer.o(.text))
<BR><BR>[Called By]<UL><LI><a href="#[46]">&gt;&gt;</a>&nbsp;&nbsp;&nbsp;PWM_init
<LI><a href="#[41]">&gt;&gt;</a>&nbsp;&nbsp;&nbsp;TimeoutTimer_init
</UL>

<P><STRONG><a name="[7f]"></a>timer_disable</STRONG> (Thumb, 10 bytes, Stack size 0 bytes, gd32f1x0_timer.o(.text))
<BR><BR>[Called By]<UL><LI><a href="#[46]">&gt;&gt;</a>&nbsp;&nbsp;&nbsp;PWM_init
</UL>

<P><STRONG><a name="[11a]"></a>timer_auto_reload_shadow_enable</STRONG> (Thumb, 10 bytes, Stack size 0 bytes, gd32f1x0_timer.o(.text), UNUSED)

<P><STRONG><a name="[72]"></a>timer_auto_reload_shadow_disable</STRONG> (Thumb, 10 bytes, Stack size 0 bytes, gd32f1x0_timer.o(.text))
<BR><BR>[Called By]<UL><LI><a href="#[46]">&gt;&gt;</a>&nbsp;&nbsp;&nbsp;PWM_init
<LI><a href="#[41]">&gt;&gt;</a>&nbsp;&nbsp;&nbsp;TimeoutTimer_init
</UL>

<P><STRONG><a name="[11b]"></a>timer_update_event_enable</STRONG> (Thumb, 10 bytes, Stack size 0 bytes, gd32f1x0_timer.o(.text), UNUSED)

<P><STRONG><a name="[11c]"></a>timer_update_event_disable</STRONG> (Thumb, 10 bytes, Stack size 0 bytes, gd32f1x0_timer.o(.text), UNUSED)

<P><STRONG><a name="[11d]"></a>timer_counter_alignment</STRONG> (Thumb, 16 bytes, Stack size 0 bytes, gd32f1x0_timer.o(.text), UNUSED)

<P><STRONG><a name="[11e]"></a>timer_counter_up_direction</STRONG> (Thumb, 10 bytes, Stack size 0 bytes, gd32f1x0_timer.o(.text), UNUSED)

<P><STRONG><a name="[11f]"></a>timer_counter_down_direction</STRONG> (Thumb, 10 bytes, Stack size 0 bytes, gd32f1x0_timer.o(.text), UNUSED)

<P><STRONG><a name="[120]"></a>timer_prescaler_config</STRONG> (Thumb, 18 bytes, Stack size 0 bytes, gd32f1x0_timer.o(.text), UNUSED)

<P><STRONG><a name="[121]"></a>timer_repetition_value_config</STRONG> (Thumb, 4 bytes, Stack size 0 bytes, gd32f1x0_timer.o(.text), UNUSED)

<P><STRONG><a name="[122]"></a>timer_autoreload_value_config</STRONG> (Thumb, 4 bytes, Stack size 0 bytes, gd32f1x0_timer.o(.text), UNUSED)

<P><STRONG><a name="[123]"></a>timer_counter_value_config</STRONG> (Thumb, 4 bytes, Stack size 0 bytes, gd32f1x0_timer.o(.text), UNUSED)

<P><STRONG><a name="[124]"></a>timer_counter_read</STRONG> (Thumb, 4 bytes, Stack size 0 bytes, gd32f1x0_timer.o(.text), UNUSED)

<P><STRONG><a name="[125]"></a>timer_prescaler_read</STRONG> (Thumb, 6 bytes, Stack size 0 bytes, gd32f1x0_timer.o(.text), UNUSED)

<P><STRONG><a name="[126]"></a>timer_single_pulse_mode_config</STRONG> (Thumb, 30 bytes, Stack size 0 bytes, gd32f1x0_timer.o(.text), UNUSED)

<P><STRONG><a name="[127]"></a>timer_update_source_config</STRONG> (Thumb, 30 bytes, Stack size 0 bytes, gd32f1x0_timer.o(.text), UNUSED)

<P><STRONG><a name="[128]"></a>timer_ocpre_clear_source_config</STRONG> (Thumb, 28 bytes, Stack size 0 bytes, gd32f1x0_timer.o(.text), UNUSED)

<P><STRONG><a name="[75]"></a>timer_interrupt_enable</STRONG> (Thumb, 8 bytes, Stack size 0 bytes, gd32f1x0_timer.o(.text))
<BR><BR>[Called By]<UL><LI><a href="#[46]">&gt;&gt;</a>&nbsp;&nbsp;&nbsp;PWM_init
<LI><a href="#[41]">&gt;&gt;</a>&nbsp;&nbsp;&nbsp;TimeoutTimer_init
</UL>

<P><STRONG><a name="[129]"></a>timer_interrupt_disable</STRONG> (Thumb, 10 bytes, Stack size 0 bytes, gd32f1x0_timer.o(.text), UNUSED)

<P><STRONG><a name="[12a]"></a>timer_interrupt_flag_get</STRONG> (Thumb, 22 bytes, Stack size 0 bytes, gd32f1x0_timer.o(.text), UNUSED)

<P><STRONG><a name="[9f]"></a>timer_interrupt_flag_clear</STRONG> (Thumb, 6 bytes, Stack size 0 bytes, gd32f1x0_timer.o(.text))
<BR><BR>[Called By]<UL><LI><a href="#[17]">&gt;&gt;</a>&nbsp;&nbsp;&nbsp;TIMER0_BRK_UP_TRG_COM_IRQHandler
<LI><a href="#[1c]">&gt;&gt;</a>&nbsp;&nbsp;&nbsp;TIMER13_IRQHandler
</UL>

<P><STRONG><a name="[12b]"></a>timer_flag_get</STRONG> (Thumb, 10 bytes, Stack size 0 bytes, gd32f1x0_timer.o(.text), UNUSED)

<P><STRONG><a name="[12c]"></a>timer_flag_clear</STRONG> (Thumb, 6 bytes, Stack size 0 bytes, gd32f1x0_timer.o(.text), UNUSED)

<P><STRONG><a name="[12d]"></a>timer_dma_enable</STRONG> (Thumb, 8 bytes, Stack size 0 bytes, gd32f1x0_timer.o(.text), UNUSED)

<P><STRONG><a name="[12e]"></a>timer_dma_disable</STRONG> (Thumb, 10 bytes, Stack size 0 bytes, gd32f1x0_timer.o(.text), UNUSED)

<P><STRONG><a name="[12f]"></a>timer_channel_dma_request_source_select</STRONG> (Thumb, 30 bytes, Stack size 0 bytes, gd32f1x0_timer.o(.text), UNUSED)

<P><STRONG><a name="[130]"></a>timer_dma_transfer_config</STRONG> (Thumb, 24 bytes, Stack size 0 bytes, gd32f1x0_timer.o(.text), UNUSED)

<P><STRONG><a name="[131]"></a>timer_event_software_generate</STRONG> (Thumb, 8 bytes, Stack size 0 bytes, gd32f1x0_timer.o(.text), UNUSED)

<P><STRONG><a name="[132]"></a>timer_break_struct_para_init</STRONG> (Thumb, 16 bytes, Stack size 0 bytes, gd32f1x0_timer.o(.text), UNUSED)

<P><STRONG><a name="[7e]"></a>timer_break_config</STRONG> (Thumb, 36 bytes, Stack size 8 bytes, gd32f1x0_timer.o(.text))
<BR><BR>[Stack]<UL><LI>Max Depth = 8<LI>Call Chain = timer_break_config
</UL>
<BR>[Called By]<UL><LI><a href="#[46]">&gt;&gt;</a>&nbsp;&nbsp;&nbsp;PWM_init
</UL>

<P><STRONG><a name="[133]"></a>timer_break_enable</STRONG> (Thumb, 10 bytes, Stack size 0 bytes, gd32f1x0_timer.o(.text), UNUSED)

<P><STRONG><a name="[134]"></a>timer_break_disable</STRONG> (Thumb, 10 bytes, Stack size 0 bytes, gd32f1x0_timer.o(.text), UNUSED)

<P><STRONG><a name="[66]"></a>timer_automatic_output_enable</STRONG> (Thumb, 10 bytes, Stack size 0 bytes, gd32f1x0_timer.o(.text))
<BR><BR>[Called By]<UL><LI><a href="#[62]">&gt;&gt;</a>&nbsp;&nbsp;&nbsp;CalculateBLDC
</UL>

<P><STRONG><a name="[67]"></a>timer_automatic_output_disable</STRONG> (Thumb, 10 bytes, Stack size 0 bytes, gd32f1x0_timer.o(.text))
<BR><BR>[Called By]<UL><LI><a href="#[62]">&gt;&gt;</a>&nbsp;&nbsp;&nbsp;CalculateBLDC
</UL>

<P><STRONG><a name="[135]"></a>timer_primary_output_config</STRONG> (Thumb, 18 bytes, Stack size 0 bytes, gd32f1x0_timer.o(.text), UNUSED)

<P><STRONG><a name="[136]"></a>timer_channel_control_shadow_config</STRONG> (Thumb, 16 bytes, Stack size 0 bytes, gd32f1x0_timer.o(.text), UNUSED)

<P><STRONG><a name="[137]"></a>timer_channel_control_shadow_update_config</STRONG> (Thumb, 30 bytes, Stack size 0 bytes, gd32f1x0_timer.o(.text), UNUSED)

<P><STRONG><a name="[138]"></a>timer_channel_output_struct_para_init</STRONG> (Thumb, 12 bytes, Stack size 0 bytes, gd32f1x0_timer.o(.text), UNUSED)

<P><STRONG><a name="[7d]"></a>timer_channel_output_config</STRONG> (Thumb, 550 bytes, Stack size 0 bytes, gd32f1x0_timer.o(.text))
<BR><BR>[Called By]<UL><LI><a href="#[46]">&gt;&gt;</a>&nbsp;&nbsp;&nbsp;PWM_init
</UL>

<P><STRONG><a name="[7c]"></a>timer_channel_output_mode_config</STRONG> (Thumb, 58 bytes, Stack size 0 bytes, gd32f1x0_timer.o(.text))
<BR><BR>[Called By]<UL><LI><a href="#[46]">&gt;&gt;</a>&nbsp;&nbsp;&nbsp;PWM_init
</UL>

<P><STRONG><a name="[68]"></a>timer_channel_output_pulse_value_config</STRONG> (Thumb, 12 bytes, Stack size 0 bytes, gd32f1x0_timer.o(.text))
<BR><BR>[Called By]<UL><LI><a href="#[62]">&gt;&gt;</a>&nbsp;&nbsp;&nbsp;CalculateBLDC
<LI><a href="#[46]">&gt;&gt;</a>&nbsp;&nbsp;&nbsp;PWM_init
</UL>

<P><STRONG><a name="[7b]"></a>timer_channel_output_shadow_config</STRONG> (Thumb, 58 bytes, Stack size 0 bytes, gd32f1x0_timer.o(.text))
<BR><BR>[Called By]<UL><LI><a href="#[46]">&gt;&gt;</a>&nbsp;&nbsp;&nbsp;PWM_init
</UL>

<P><STRONG><a name="[7a]"></a>timer_channel_output_fast_config</STRONG> (Thumb, 58 bytes, Stack size 0 bytes, gd32f1x0_timer.o(.text))
<BR><BR>[Called By]<UL><LI><a href="#[46]">&gt;&gt;</a>&nbsp;&nbsp;&nbsp;PWM_init
</UL>

<P><STRONG><a name="[139]"></a>timer_channel_output_clear_config</STRONG> (Thumb, 58 bytes, Stack size 0 bytes, gd32f1x0_timer.o(.text), UNUSED)

<P><STRONG><a name="[13a]"></a>timer_channel_output_polarity_config</STRONG> (Thumb, 74 bytes, Stack size 0 bytes, gd32f1x0_timer.o(.text), UNUSED)

<P><STRONG><a name="[13b]"></a>timer_channel_complementary_output_polarity_config</STRONG> (Thumb, 74 bytes, Stack size 0 bytes, gd32f1x0_timer.o(.text), UNUSED)

<P><STRONG><a name="[80]"></a>timer_channel_output_state_config</STRONG> (Thumb, 74 bytes, Stack size 0 bytes, gd32f1x0_timer.o(.text))
<BR><BR>[Called By]<UL><LI><a href="#[46]">&gt;&gt;</a>&nbsp;&nbsp;&nbsp;PWM_init
</UL>

<P><STRONG><a name="[81]"></a>timer_channel_complementary_output_state_config</STRONG> (Thumb, 60 bytes, Stack size 0 bytes, gd32f1x0_timer.o(.text))
<BR><BR>[Called By]<UL><LI><a href="#[46]">&gt;&gt;</a>&nbsp;&nbsp;&nbsp;PWM_init
</UL>

<P><STRONG><a name="[13c]"></a>timer_channel_input_struct_para_init</STRONG> (Thumb, 12 bytes, Stack size 0 bytes, gd32f1x0_timer.o(.text), UNUSED)

<P><STRONG><a name="[13d]"></a>timer_input_capture_config</STRONG> (Thumb, 346 bytes, Stack size 20 bytes, gd32f1x0_timer.o(.text), UNUSED)

<P><STRONG><a name="[13e]"></a>timer_channel_input_capture_prescaler_config</STRONG> (Thumb, 58 bytes, Stack size 0 bytes, gd32f1x0_timer.o(.text), UNUSED)

<P><STRONG><a name="[13f]"></a>timer_channel_capture_value_register_read</STRONG> (Thumb, 14 bytes, Stack size 0 bytes, gd32f1x0_timer.o(.text), UNUSED)

<P><STRONG><a name="[140]"></a>timer_input_pwm_capture_config</STRONG> (Thumb, 356 bytes, Stack size 16 bytes, gd32f1x0_timer.o(.text), UNUSED)

<P><STRONG><a name="[141]"></a>timer_hall_mode_config</STRONG> (Thumb, 30 bytes, Stack size 0 bytes, gd32f1x0_timer.o(.text), UNUSED)

<P><STRONG><a name="[142]"></a>timer_input_trigger_source_select</STRONG> (Thumb, 16 bytes, Stack size 0 bytes, gd32f1x0_timer.o(.text), UNUSED)

<P><STRONG><a name="[143]"></a>timer_master_output_trigger_source_select</STRONG> (Thumb, 16 bytes, Stack size 0 bytes, gd32f1x0_timer.o(.text), UNUSED)

<P><STRONG><a name="[144]"></a>timer_slave_mode_select</STRONG> (Thumb, 16 bytes, Stack size 0 bytes, gd32f1x0_timer.o(.text), UNUSED)

<P><STRONG><a name="[145]"></a>timer_master_slave_mode_config</STRONG> (Thumb, 30 bytes, Stack size 0 bytes, gd32f1x0_timer.o(.text), UNUSED)

<P><STRONG><a name="[146]"></a>timer_external_trigger_config</STRONG> (Thumb, 34 bytes, Stack size 0 bytes, gd32f1x0_timer.o(.text), UNUSED)

<P><STRONG><a name="[147]"></a>timer_quadrature_decoder_mode_config</STRONG> (Thumb, 78 bytes, Stack size 0 bytes, gd32f1x0_timer.o(.text), UNUSED)

<P><STRONG><a name="[148]"></a>timer_internal_clock_config</STRONG> (Thumb, 10 bytes, Stack size 0 bytes, gd32f1x0_timer.o(.text), UNUSED)

<P><STRONG><a name="[149]"></a>timer_internal_trigger_as_external_clock_config</STRONG> (Thumb, 32 bytes, Stack size 0 bytes, gd32f1x0_timer.o(.text), UNUSED)

<P><STRONG><a name="[14a]"></a>timer_external_trigger_as_external_clock_config</STRONG> (Thumb, 148 bytes, Stack size 20 bytes, gd32f1x0_timer.o(.text), UNUSED)

<P><STRONG><a name="[14b]"></a>timer_external_clock_mode0_config</STRONG> (Thumb, 50 bytes, Stack size 0 bytes, gd32f1x0_timer.o(.text), UNUSED)

<P><STRONG><a name="[14c]"></a>timer_external_clock_mode1_config</STRONG> (Thumb, 42 bytes, Stack size 0 bytes, gd32f1x0_timer.o(.text), UNUSED)

<P><STRONG><a name="[14d]"></a>timer_external_clock_mode1_disable</STRONG> (Thumb, 10 bytes, Stack size 0 bytes, gd32f1x0_timer.o(.text), UNUSED)

<P><STRONG><a name="[14e]"></a>timer_channel_remap_config</STRONG> (Thumb, 4 bytes, Stack size 0 bytes, gd32f1x0_timer.o(.text), UNUSED)

<P><STRONG><a name="[61]"></a>usart_deinit</STRONG> (Thumb, 54 bytes, Stack size 8 bytes, gd32f1x0_usart.o(.text))
<BR><BR>[Stack]<UL><LI>Max Depth = 8<LI>Call Chain = usart_deinit
</UL>
<BR>[Calls]<UL><LI><a href="#[ad]">&gt;&gt;</a>&nbsp;&nbsp;&nbsp;rcu_periph_reset_disable
<LI><a href="#[ac]">&gt;&gt;</a>&nbsp;&nbsp;&nbsp;rcu_periph_reset_enable
</UL>
<BR>[Called By]<UL><LI><a href="#[5f]">&gt;&gt;</a>&nbsp;&nbsp;&nbsp;ShutOff
</UL>

<P><STRONG><a name="[96]"></a>usart_baudrate_set</STRONG> (Thumb, 90 bytes, Stack size 16 bytes, gd32f1x0_usart.o(.text))
<BR><BR>[Stack]<UL><LI>Max Depth = 32<LI>Call Chain = usart_baudrate_set &rArr; rcu_clock_freq_get
</UL>
<BR>[Calls]<UL><LI><a href="#[af]">&gt;&gt;</a>&nbsp;&nbsp;&nbsp;rcu_clock_freq_get
</UL>
<BR>[Called By]<UL><LI><a href="#[48]">&gt;&gt;</a>&nbsp;&nbsp;&nbsp;USART_Steer_COM_init
<LI><a href="#[44]">&gt;&gt;</a>&nbsp;&nbsp;&nbsp;USART_MasterSlave_init
</UL>

<P><STRONG><a name="[97]"></a>usart_parity_config</STRONG> (Thumb, 24 bytes, Stack size 0 bytes, gd32f1x0_usart.o(.text))
<BR><BR>[Called By]<UL><LI><a href="#[48]">&gt;&gt;</a>&nbsp;&nbsp;&nbsp;USART_Steer_COM_init
<LI><a href="#[44]">&gt;&gt;</a>&nbsp;&nbsp;&nbsp;USART_MasterSlave_init
</UL>

<P><STRONG><a name="[98]"></a>usart_word_length_set</STRONG> (Thumb, 24 bytes, Stack size 0 bytes, gd32f1x0_usart.o(.text))
<BR><BR>[Called By]<UL><LI><a href="#[48]">&gt;&gt;</a>&nbsp;&nbsp;&nbsp;USART_Steer_COM_init
<LI><a href="#[44]">&gt;&gt;</a>&nbsp;&nbsp;&nbsp;USART_MasterSlave_init
</UL>

<P><STRONG><a name="[99]"></a>usart_stop_bit_set</STRONG> (Thumb, 24 bytes, Stack size 0 bytes, gd32f1x0_usart.o(.text))
<BR><BR>[Called By]<UL><LI><a href="#[48]">&gt;&gt;</a>&nbsp;&nbsp;&nbsp;USART_Steer_COM_init
<LI><a href="#[44]">&gt;&gt;</a>&nbsp;&nbsp;&nbsp;USART_MasterSlave_init
</UL>

<P><STRONG><a name="[9d]"></a>usart_enable</STRONG> (Thumb, 10 bytes, Stack size 0 bytes, gd32f1x0_usart.o(.text))
<BR><BR>[Called By]<UL><LI><a href="#[48]">&gt;&gt;</a>&nbsp;&nbsp;&nbsp;USART_Steer_COM_init
<LI><a href="#[44]">&gt;&gt;</a>&nbsp;&nbsp;&nbsp;USART_MasterSlave_init
</UL>

<P><STRONG><a name="[14f]"></a>usart_disable</STRONG> (Thumb, 10 bytes, Stack size 0 bytes, gd32f1x0_usart.o(.text), UNUSED)

<P><STRONG><a name="[9b]"></a>usart_transmit_config</STRONG> (Thumb, 16 bytes, Stack size 0 bytes, gd32f1x0_usart.o(.text))
<BR><BR>[Called By]<UL><LI><a href="#[48]">&gt;&gt;</a>&nbsp;&nbsp;&nbsp;USART_Steer_COM_init
<LI><a href="#[44]">&gt;&gt;</a>&nbsp;&nbsp;&nbsp;USART_MasterSlave_init
</UL>

<P><STRONG><a name="[9c]"></a>usart_receive_config</STRONG> (Thumb, 16 bytes, Stack size 0 bytes, gd32f1x0_usart.o(.text))
<BR><BR>[Called By]<UL><LI><a href="#[48]">&gt;&gt;</a>&nbsp;&nbsp;&nbsp;USART_Steer_COM_init
<LI><a href="#[44]">&gt;&gt;</a>&nbsp;&nbsp;&nbsp;USART_MasterSlave_init
</UL>

<P><STRONG><a name="[a6]"></a>usart_data_transmit</STRONG> (Thumb, 8 bytes, Stack size 0 bytes, gd32f1x0_usart.o(.text))
<BR><BR>[Called By]<UL><LI><a href="#[a5]">&gt;&gt;</a>&nbsp;&nbsp;&nbsp;SendBuffer
</UL>

<P><STRONG><a name="[150]"></a>usart_data_receive</STRONG> (Thumb, 8 bytes, Stack size 0 bytes, gd32f1x0_usart.o(.text), UNUSED)

<P><STRONG><a name="[151]"></a>usart_data_first_config</STRONG> (Thumb, 28 bytes, Stack size 0 bytes, gd32f1x0_usart.o(.text), UNUSED)

<P><STRONG><a name="[152]"></a>usart_invert_config</STRONG> (Thumb, 106 bytes, Stack size 0 bytes, gd32f1x0_usart.o(.text), UNUSED)

<P><STRONG><a name="[153]"></a>usart_overrun_enable</STRONG> (Thumb, 18 bytes, Stack size 0 bytes, gd32f1x0_usart.o(.text), UNUSED)

<P><STRONG><a name="[154]"></a>usart_overrun_disable</STRONG> (Thumb, 18 bytes, Stack size 0 bytes, gd32f1x0_usart.o(.text), UNUSED)

<P><STRONG><a name="[9a]"></a>usart_oversample_config</STRONG> (Thumb, 24 bytes, Stack size 0 bytes, gd32f1x0_usart.o(.text))
<BR><BR>[Called By]<UL><LI><a href="#[48]">&gt;&gt;</a>&nbsp;&nbsp;&nbsp;USART_Steer_COM_init
<LI><a href="#[44]">&gt;&gt;</a>&nbsp;&nbsp;&nbsp;USART_MasterSlave_init
</UL>

<P><STRONG><a name="[155]"></a>usart_sample_bit_config</STRONG> (Thumb, 24 bytes, Stack size 0 bytes, gd32f1x0_usart.o(.text), UNUSED)

<P><STRONG><a name="[156]"></a>usart_autobaud_detection_enable</STRONG> (Thumb, 10 bytes, Stack size 0 bytes, gd32f1x0_usart.o(.text), UNUSED)

<P><STRONG><a name="[157]"></a>usart_autobaud_detection_disable</STRONG> (Thumb, 10 bytes, Stack size 0 bytes, gd32f1x0_usart.o(.text), UNUSED)

<P><STRONG><a name="[158]"></a>usart_autobaud_detection_mode_config</STRONG> (Thumb, 16 bytes, Stack size 0 bytes, gd32f1x0_usart.o(.text), UNUSED)

<P><STRONG><a name="[159]"></a>usart_mute_mode_enable</STRONG> (Thumb, 10 bytes, Stack size 0 bytes, gd32f1x0_usart.o(.text), UNUSED)

<P><STRONG><a name="[15a]"></a>usart_mute_mode_disable</STRONG> (Thumb, 10 bytes, Stack size 0 bytes, gd32f1x0_usart.o(.text), UNUSED)

<P><STRONG><a name="[15b]"></a>usart_mute_mode_wakeup_config</STRONG> (Thumb, 24 bytes, Stack size 0 bytes, gd32f1x0_usart.o(.text), UNUSED)

<P><STRONG><a name="[15c]"></a>usart_address_detection_mode_config</STRONG> (Thumb, 28 bytes, Stack size 0 bytes, gd32f1x0_usart.o(.text), UNUSED)

<P><STRONG><a name="[15d]"></a>usart_address_config</STRONG> (Thumb, 26 bytes, Stack size 0 bytes, gd32f1x0_usart.o(.text), UNUSED)

<P><STRONG><a name="[15e]"></a>usart_receiver_timeout_enable</STRONG> (Thumb, 10 bytes, Stack size 0 bytes, gd32f1x0_usart.o(.text), UNUSED)

<P><STRONG><a name="[15f]"></a>usart_receiver_timeout_disable</STRONG> (Thumb, 10 bytes, Stack size 0 bytes, gd32f1x0_usart.o(.text), UNUSED)

<P><STRONG><a name="[160]"></a>usart_receiver_timeout_config</STRONG> (Thumb, 16 bytes, Stack size 0 bytes, gd32f1x0_usart.o(.text), UNUSED)

<P><STRONG><a name="[161]"></a>usart_lin_mode_enable</STRONG> (Thumb, 18 bytes, Stack size 0 bytes, gd32f1x0_usart.o(.text), UNUSED)

<P><STRONG><a name="[162]"></a>usart_lin_mode_disable</STRONG> (Thumb, 18 bytes, Stack size 0 bytes, gd32f1x0_usart.o(.text), UNUSED)

<P><STRONG><a name="[163]"></a>usart_lin_break_detection_length_config</STRONG> (Thumb, 20 bytes, Stack size 0 bytes, gd32f1x0_usart.o(.text), UNUSED)

<P><STRONG><a name="[164]"></a>usart_halfduplex_enable</STRONG> (Thumb, 18 bytes, Stack size 0 bytes, gd32f1x0_usart.o(.text), UNUSED)

<P><STRONG><a name="[165]"></a>usart_halfduplex_disable</STRONG> (Thumb, 18 bytes, Stack size 0 bytes, gd32f1x0_usart.o(.text), UNUSED)

<P><STRONG><a name="[166]"></a>usart_clock_enable</STRONG> (Thumb, 18 bytes, Stack size 0 bytes, gd32f1x0_usart.o(.text), UNUSED)

<P><STRONG><a name="[167]"></a>usart_clock_disable</STRONG> (Thumb, 18 bytes, Stack size 0 bytes, gd32f1x0_usart.o(.text), UNUSED)

<P><STRONG><a name="[168]"></a>usart_synchronous_clock_config</STRONG> (Thumb, 60 bytes, Stack size 0 bytes, gd32f1x0_usart.o(.text), UNUSED)

<P><STRONG><a name="[169]"></a>usart_smartcard_mode_enable</STRONG> (Thumb, 18 bytes, Stack size 0 bytes, gd32f1x0_usart.o(.text), UNUSED)

<P><STRONG><a name="[16a]"></a>usart_smartcard_mode_disable</STRONG> (Thumb, 18 bytes, Stack size 0 bytes, gd32f1x0_usart.o(.text), UNUSED)

<P><STRONG><a name="[16b]"></a>usart_smartcard_mode_nack_enable</STRONG> (Thumb, 18 bytes, Stack size 0 bytes, gd32f1x0_usart.o(.text), UNUSED)

<P><STRONG><a name="[16c]"></a>usart_smartcard_mode_nack_disable</STRONG> (Thumb, 18 bytes, Stack size 0 bytes, gd32f1x0_usart.o(.text), UNUSED)

<P><STRONG><a name="[16d]"></a>usart_guard_time_config</STRONG> (Thumb, 28 bytes, Stack size 0 bytes, gd32f1x0_usart.o(.text), UNUSED)

<P><STRONG><a name="[16e]"></a>usart_block_length_config</STRONG> (Thumb, 18 bytes, Stack size 0 bytes, gd32f1x0_usart.o(.text), UNUSED)

<P><STRONG><a name="[16f]"></a>usart_smartcard_autoretry_config</STRONG> (Thumb, 30 bytes, Stack size 0 bytes, gd32f1x0_usart.o(.text), UNUSED)

<P><STRONG><a name="[170]"></a>usart_irda_mode_enable</STRONG> (Thumb, 18 bytes, Stack size 0 bytes, gd32f1x0_usart.o(.text), UNUSED)

<P><STRONG><a name="[171]"></a>usart_irda_mode_disable</STRONG> (Thumb, 18 bytes, Stack size 0 bytes, gd32f1x0_usart.o(.text), UNUSED)

<P><STRONG><a name="[172]"></a>usart_irda_lowpower_config</STRONG> (Thumb, 20 bytes, Stack size 0 bytes, gd32f1x0_usart.o(.text), UNUSED)

<P><STRONG><a name="[173]"></a>usart_prescaler_config</STRONG> (Thumb, 24 bytes, Stack size 0 bytes, gd32f1x0_usart.o(.text), UNUSED)

<P><STRONG><a name="[174]"></a>usart_hardware_flow_rts_config</STRONG> (Thumb, 24 bytes, Stack size 0 bytes, gd32f1x0_usart.o(.text), UNUSED)

<P><STRONG><a name="[175]"></a>usart_hardware_flow_cts_config</STRONG> (Thumb, 24 bytes, Stack size 0 bytes, gd32f1x0_usart.o(.text), UNUSED)

<P><STRONG><a name="[176]"></a>usart_rs485_driver_enable</STRONG> (Thumb, 18 bytes, Stack size 0 bytes, gd32f1x0_usart.o(.text), UNUSED)

<P><STRONG><a name="[177]"></a>usart_rs485_driver_disable</STRONG> (Thumb, 18 bytes, Stack size 0 bytes, gd32f1x0_usart.o(.text), UNUSED)

<P><STRONG><a name="[178]"></a>usart_driver_assertime_config</STRONG> (Thumb, 30 bytes, Stack size 0 bytes, gd32f1x0_usart.o(.text), UNUSED)

<P><STRONG><a name="[179]"></a>usart_driver_deassertime_config</STRONG> (Thumb, 30 bytes, Stack size 0 bytes, gd32f1x0_usart.o(.text), UNUSED)

<P><STRONG><a name="[17a]"></a>usart_depolarity_config</STRONG> (Thumb, 28 bytes, Stack size 0 bytes, gd32f1x0_usart.o(.text), UNUSED)

<P><STRONG><a name="[9e]"></a>usart_dma_receive_config</STRONG> (Thumb, 16 bytes, Stack size 0 bytes, gd32f1x0_usart.o(.text))
<BR><BR>[Called By]<UL><LI><a href="#[48]">&gt;&gt;</a>&nbsp;&nbsp;&nbsp;USART_Steer_COM_init
<LI><a href="#[44]">&gt;&gt;</a>&nbsp;&nbsp;&nbsp;USART_MasterSlave_init
</UL>

<P><STRONG><a name="[17b]"></a>usart_dma_transmit_config</STRONG> (Thumb, 16 bytes, Stack size 0 bytes, gd32f1x0_usart.o(.text), UNUSED)

<P><STRONG><a name="[17c]"></a>usart_reception_error_dma_disable</STRONG> (Thumb, 18 bytes, Stack size 0 bytes, gd32f1x0_usart.o(.text), UNUSED)

<P><STRONG><a name="[17d]"></a>usart_reception_error_dma_enable</STRONG> (Thumb, 18 bytes, Stack size 0 bytes, gd32f1x0_usart.o(.text), UNUSED)

<P><STRONG><a name="[17e]"></a>usart_wakeup_enable</STRONG> (Thumb, 10 bytes, Stack size 0 bytes, gd32f1x0_usart.o(.text), UNUSED)

<P><STRONG><a name="[17f]"></a>usart_wakeup_disable</STRONG> (Thumb, 10 bytes, Stack size 0 bytes, gd32f1x0_usart.o(.text), UNUSED)

[...]
</UL>
<P><STRONG><a name="[31]"></a>CAN0_SCE_IRQHandler</STRONG> (Thumb, 0 bytes, Stack size 0 bytes, startup_gd32f1x0.o(.text))
<BR>[Address Reference Count : 1]<UL><LI> startup_gd32f1x0.o(RESET)
</UL>
<P><STRONG><a name="[2e]"></a>CAN0_TX_IRQHandler</STRONG> (Thumb, 0 bytes, Stack size 0 bytes, startup_gd32f1x0.o(.text))
<BR>[Address Reference Count : 1]<UL><LI> startup_gd32f1x0.o(RESET)
</UL>
<P><STRONG><a name="[36]"></a>CAN1_RX0_IRQHandler</STRONG> (Thumb, 0 bytes, Stack size 0 bytes, startup_gd32f1x0.o(.text))
<BR>[Address Reference Count : 1]<UL><LI> startup_gd32f1x0.o(RESET)
</UL>
<P><STRONG><a name="[37]"></a>CAN1_RX1_IRQHandler</STRONG> (Thumb, 0 bytes, Stack size 0 bytes, startup_gd32f1x0.o(.text))
<BR>[Address Reference Count : 1]<UL><LI> startup_gd32f1x0.o(RESET)
</UL>
<P><STRONG><a name="[38]"></a>CAN1_SCE_IRQHandler</STRONG> (Thumb, 0 bytes, Stack size 0 bytes, startup_gd32f1x0.o(.text))
<BR>[Address Reference Count : 1]<UL><LI> startup_gd32f1x0.o(RESET)
</UL>
<P><STRONG><a name="[35]"></a>CAN1_TX_IRQHandler</STRONG> (Thumb, 0 bytes, Stack size 0 bytes, startup_gd32f1x0.o(.text))
<BR>[Address Reference Count : 1]<UL><LI> startup_gd32f1x0.o(RESET)
</UL>
<P><STRONG><a name="[26]"></a>CEC_IRQHandler</STRONG> (Thumb, 0 bytes, Stack size 0 bytes, startup_gd32f1x0.o(.text))
<BR>[Address Reference Count : 1]<UL><LI> startup_gd32f1x0.o(RESET)
</UL>
<P><STRONG><a name="[33]"></a>DMA_Channel5_6_IRQHandler</STRONG> (Thumb, 0 bytes, Stack size 0 bytes, startup_gd32f1x0.o(.text))
<BR>[Address Reference Count : 1]<UL><LI> startup_gd32f1x0.o(RESET)
</UL>
<P><STRONG><a name="[f]"></a>EXTI0_1_IRQHandler</STRONG> (Thumb, 0 bytes, Stack size 0 bytes, startup_gd32f1x0.o(.text))
<BR>[Address Reference Count : 1]<UL><LI> startup_gd32f1x0.o(RESET)
</UL>
<P><STRONG><a name="[10]"></a>EXTI2_3_IRQHandler</STRONG> (Thumb, 0 bytes, Stack size 0 bytes, startup_gd32f1x0.o(.text))
<BR>[Address Reference Count : 1]<UL><LI> startup_gd32f1x0.o(RESET)
</UL>
<P><STRONG><a name="[11]"></a>EXTI4_15_IRQHandler</STRONG> (Thumb, 0 bytes, Stack size 0 bytes, startup_gd32f1x0.o(.text))
<BR>[Address Reference Count : 1]<UL><LI> startup_gd32f1x0.o(RESET)
</UL>
<P><STRONG><a name="[d]"></a>FMC_IRQHandler</STRONG> (Thumb, 0 bytes, Stack size 0 bytes, startup_gd32f1x0.o(.text))
<BR>[Address Reference Count : 1]<UL><LI> startup_gd32f1x0.o(RESET)
</UL>
<P><STRONG><a name="[27]"></a>I2C0_ER_IRQHandler</STRONG> (Thumb, 0 bytes, Stack size 0 bytes, startup_gd32f1x0.o(.text))
<BR>[Address Reference Count : 1]<UL><LI> startup_gd32f1x0.o(RESET)
</UL>
<P><STRONG><a name="[20]"></a>I2C0_EV_IRQHandler</STRONG> (Thumb, 0 bytes, Stack size 0 bytes, startup_gd32f1x0.o(.text))
<BR>[Address Reference Count : 1]<UL><LI> startup_gd32f1x0.o(RESET)
</UL>
<P><STRONG><a name="[28]"></a>I2C1_ER_IRQHandler</STRONG> (Thumb, 0 bytes, Stack size 0 bytes, startup_gd32f1x0.o(.text))
<BR>[Address Reference Count : 1]<UL><LI> startup_gd32f1x0.o(RESET)
</UL>
<P><STRONG><a name="[21]"></a>I2C1_EV_IRQHandler</STRONG> (Thumb, 0 bytes, Stack size 0 bytes, startup_gd32f1x0.o(.text))
<BR>[Address Reference Count : 1]<UL><LI> startup_gd32f1x0.o(RESET)
</UL>
<P><STRONG><a name="[2a]"></a>I2C2_ER_IRQHandler</STRONG> (Thumb, 0 bytes, Stack size 0 bytes, startup_gd32f1x0.o(.text))
<BR>[Address Reference Count : 1]<UL><LI> startup_gd32f1x0.o(RESET)
</UL>
<P><STRONG><a name="[29]"></a>I2C2_EV_IRQHandler</STRONG> (Thumb, 0 bytes, Stack size 0 bytes, startup_gd32f1x0.o(.text))
<BR>[Address Reference Count : 1]<UL><LI> startup_gd32f1x0.o(RESET)
</UL>
<P><STRONG><a name="[b]"></a>LVD_IRQHandler</STRONG> (Thumb, 0 bytes, Stack size 0 bytes, startup_gd32f1x0.o(.text))
<BR>[Address Reference Count : 1]<UL><LI> startup_gd32f1x0.o(RESET)
</UL>
<P><STRONG><a name="[e]"></a>RCU_IRQHandler</STRONG> (Thumb, 0 bytes, Stack size 0 bytes, startup_gd32f1x0.o(.text))
<BR>[Address Reference Count : 1]<UL><LI> startup_gd32f1x0.o(RESET)
</UL>
<P><STRONG><a name="[c]"></a>RTC_IRQHandler</STRONG> (Thumb, 0 bytes, Stack size 0 bytes, startup_gd32f1x0.o(.text))
<BR>[Address Reference Count : 1]<UL><LI> startup_gd32f1x0.o(RESET)
</UL>
<P><STRONG><a name="[32]"></a>SLCD_IRQHandler</STRONG> (Thumb, 0 bytes, Stack size 0 bytes, startup_gd32f1x0.o(.text))
<BR>[Address Reference Count : 1]<UL><LI> startup_gd32f1x0.o(RESET)
</UL>
<P><STRONG><a name="[22]"></a>SPI0_IRQHandler</STRONG> (Thumb, 0 bytes, Stack size 0 bytes, startup_gd32f1x0.o(.text))
<BR>[Address Reference Count : 1]<UL><LI> startup_gd32f1x0.o(RESET)
</UL>
<P><STRONG><a name="[23]"></a>SPI1_IRQHandler</STRONG> (Thumb, 0 bytes, Stack size 0 bytes, startup_gd32f1x0.o(.text))
<BR>[Address Reference Count : 1]<UL><LI> startup_gd32f1x0.o(RESET)
</UL>
<P><STRONG><a name="[34]"></a>SPI2_IRQHandler</STRONG> (Thumb, 0 bytes, Stack size 0 bytes, startup_gd32f1x0.o(.text))
<BR>[Address Reference Count : 1]<UL><LI> startup_gd32f1x0.o(RESET)
</UL>
<P><STRONG><a name="[18]"></a>TIMER0_Channel_IRQHandler</STRONG> (Thumb, 0 bytes, Stack size 0 bytes, startup_gd32f1x0.o(.text))
<BR>[Address Reference Count : 1]<UL><LI> startup_gd32f1x0.o(RESET)
</UL>
<P><STRONG><a name="[1d]"></a>TIMER14_IRQHandler</STRONG> (Thumb, 0 bytes, Stack size 0 bytes, startup_gd32f1x0.o(.text))
<BR>[Address Reference Count : 1]<UL><LI> startup_gd32f1x0.o(RESET)
</UL>
<P><STRONG><a name="[1e]"></a>TIMER15_IRQHandler</STRONG> (Thumb, 0 bytes, Stack size 0 bytes, startup_gd32f1x0.o(.text))
<BR>[Address Reference Count : 1]<UL><LI> startup_gd32f1x0.o(RESET)
</UL>
<P><STRONG><a name="[1f]"></a>TIMER16_IRQHandler</STRONG> (Thumb, 0 bytes, Stack size 0 bytes, startup_gd32f1x0.o(.text))
<BR>[Address Reference Count : 1]<UL><LI> startup_gd32f1x0.o(RESET)
</UL>
<P><STRONG><a name="[19]"></a>TIMER1_IRQHandler</STRONG> (Thumb, 0 bytes, Stack size 0 bytes, startup_gd32f1x0.o(.text))
<BR>[Address Reference Count : 1]<UL><LI> startup_gd32f1x0.o(RESET)
</UL>
<P><STRONG><a name="[1a]"></a>TIMER2_IRQHandler</STRONG> (Thumb, 0 bytes, Stack size 0 bytes, startup_gd32f1x0.o(.text))
<BR>[Address Reference Count : 1]<UL><LI> startup_gd32f1x0.o(RESET)
</UL>
<P><STRONG><a name="[1b]"></a>TIMER5_DAC_IRQHandler</STRONG> (Thumb, 0 bytes, Stack size 0 bytes, startup_gd32f1x0.o(.text))
<BR>[Address Reference Count : 1]<UL><LI> startup_gd32f1x0.o(RESET)
</UL>
<P><STRONG><a name="[12]"></a>TSI_IRQHandler</STRONG> (Thumb, 0 bytes, Stack size 0 bytes, startup_gd32f1x0.o(.text))
<BR>[Address Reference Count : 1]<UL><LI> startup_gd32f1x0.o(RESET)
</UL>
<P><STRONG><a name="[24]"></a>USART0_IRQHandler</STRONG> (Thumb, 0 bytes, Stack size 0 bytes, startup_gd32f1x0.o(.text))
<BR>[Address Reference Count : 1]<UL><LI> startup_gd32f1x0.o(RESET)
</UL>
<P><STRONG><a name="[25]"></a>USART1_IRQHandler</STRONG> (Thumb, 0 bytes, Stack size 0 bytes, startup_gd32f1x0.o(.text))
<BR>[Address Reference Count : 1]<UL><LI> startup_gd32f1x0.o(RESET)
</UL>
<P><STRONG><a name="[2d]"></a>USBDWakeUp_IRQHandler</STRONG> (Thumb, 0 bytes, Stack size 0 bytes, startup_gd32f1x0.o(.text))
<BR>[Address Reference Count : 1]<UL><LI> startup_gd32f1x0.o(RESET)
</UL>
<P><STRONG><a name="[2c]"></a>USBD_HP_IRQHandler</STRONG> (Thumb, 0 bytes, Stack size 0 bytes, startup_gd32f1x0.o(.text))
<BR>[Address Reference Count : 1]<UL><LI> startup_gd32f1x0.o(RESET)
</UL>
<P><STRONG><a name="[2b]"></a>USBD_LP_IRQHandler</STRONG> (Thumb, 0 bytes, Stack size 0 bytes, startup_gd32f1x0.o(.text))
<BR>[Address Reference Count : 1]<UL><LI> startup_gd32f1x0.o(RESET)
</UL>
<P><STRONG><a name="[a]"></a>WWDGT_IRQHandler</STRONG> (Thumb, 0 bytes, Stack size 0 bytes, startup_gd32f1x0.o(.text))
<BR>[Address Reference Count : 1]<UL><LI> startup_gd32f1x0.o(RESET)
</UL>
<P><STRONG><a name="[3a]"></a>SystemInit</STRONG> (Thumb, 188 bytes, Stack size 0 bytes, system_gd32f1x0.o(.text))
<BR>[Address Reference Count : 1]<UL><LI> startup_gd32f1x0.o(.text)
</UL>
<P><STRONG><a name="[3e]"></a>SystemCoreClockUpdate</STRONG> (Thumb, 112 bytes, Stack size 0 bytes, system_gd32f1x0.o(.text))
<BR><BR>[Called By]<UL><LI><a href="#[39]">&gt;&gt;</a>&nbsp;&nbsp;&nbsp;main
</UL>

<P><STRONG><a name="[56]"></a>__aeabi_fadd</STRONG> (Thumb, 164 bytes, Stack size 16 bytes, fadd.o(.text))
<BR><BR>[Stack]<UL><LI>Max Depth = 20<LI>Call Chain = __aeabi_fadd &rArr; _float_epilogue
</UL>
<BR>[Calls]<UL><LI><a href="#[b1]">&gt;&gt;</a>&nbsp;&nbsp;&nbsp;_float_round
<LI><a href="#[b0]">&gt;&gt;</a>&nbsp;&nbsp;&nbsp;_float_epilogue
</UL>
<BR>[Called By]<UL><LI><a href="#[b2]">&gt;&gt;</a>&nbsp;&nbsp;&nbsp;__aeabi_frsub
<LI><a href="#[54]">&gt;&gt;</a>&nbsp;&nbsp;&nbsp;__aeabi_fsub
<LI><a href="#[39]">&gt;&gt;</a>&nbsp;&nbsp;&nbsp;main
</UL>

<P><STRONG><a name="[54]"></a>__aeabi_fsub</STRONG> (Thumb, 6 bytes, Stack size 0 bytes, fadd.o(.text))
<BR><BR>[Stack]<UL><LI>Max Depth = 20<LI>Call Chain = __aeabi_fsub &rArr; __aeabi_fadd &rArr; _float_epilogue
</UL>
<BR>[Calls]<UL><LI><a href="#[56]">&gt;&gt;</a>&nbsp;&nbsp;&nbsp;__aeabi_fadd
</UL>
<BR>[Called By]<UL><LI><a href="#[39]">&gt;&gt;</a>&nbsp;&nbsp;&nbsp;main
</UL>

<P><STRONG><a name="[b2]"></a>__aeabi_frsub</STRONG> (Thumb, 6 bytes, Stack size 0 bytes, fadd.o(.text), UNUSED)
<BR><BR>[Calls]<UL><LI><a href="#[56]">&gt;&gt;</a>&nbsp;&nbsp;&nbsp;__aeabi_fadd
</UL>

<P><STRONG><a name="[52]"></a>__aeabi_fmul</STRONG> (Thumb, 100 bytes, Stack size 8 bytes, fmul.o(.text))
<BR><BR>[Stack]<UL><LI>Max Depth = 8<LI>Call Chain = __aeabi_fmul
</UL>
<BR>[Called By]<UL><LI><a href="#[4b]">&gt;&gt;</a>&nbsp;&nbsp;&nbsp;SendSteerDevice
<LI><a href="#[39]">&gt;&gt;</a>&nbsp;&nbsp;&nbsp;main
</UL>

<P><STRONG><a name="[55]"></a>__aeabi_fdiv</STRONG> (Thumb, 124 bytes, Stack size 8 bytes, fdiv.o(.text))
<BR><BR>[Stack]<UL><LI>Max Depth = 8<LI>Call Chain = __aeabi_fdiv
</UL>
<BR>[Calls]<UL><LI><a href="#[b1]">&gt;&gt;</a>&nbsp;&nbsp;&nbsp;_float_round
</UL>
<BR>[Called By]<UL><LI><a href="#[62]">&gt;&gt;</a>&nbsp;&nbsp;&nbsp;CalculateBLDC
<LI><a href="#[39]">&gt;&gt;</a>&nbsp;&nbsp;&nbsp;main
</UL>

<P><STRONG><a name="[50]"></a>__aeabi_dadd</STRONG> (Thumb, 322 bytes, Stack size 48 bytes, dadd.o(.text))
<BR><BR>[Stack]<UL><LI>Max Depth = 88<LI>Call Chain = __aeabi_dadd &rArr; _double_epilogue &rArr; _double_round
</UL>
<BR>[Calls]<UL><LI><a href="#[b4]">&gt;&gt;</a>&nbsp;&nbsp;&nbsp;__aeabi_lasr
<LI><a href="#[b3]">&gt;&gt;</a>&nbsp;&nbsp;&nbsp;__aeabi_llsl
<LI><a href="#[b6]">&gt;&gt;</a>&nbsp;&nbsp;&nbsp;_double_round
<LI><a href="#[b5]">&gt;&gt;</a>&nbsp;&nbsp;&nbsp;_double_epilogue
</UL>
<BR>[Called By]<UL><LI><a href="#[b8]">&gt;&gt;</a>&nbsp;&nbsp;&nbsp;__aeabi_drsub
<LI><a href="#[b7]">&gt;&gt;</a>&nbsp;&nbsp;&nbsp;__aeabi_dsub
<LI><a href="#[62]">&gt;&gt;</a>&nbsp;&nbsp;&nbsp;CalculateBLDC
<LI><a href="#[39]">&gt;&gt;</a>&nbsp;&nbsp;&nbsp;main
</UL>

<P><STRONG><a name="[b7]"></a>__aeabi_dsub</STRONG> (Thumb, 6 bytes, Stack size 0 bytes, dadd.o(.text), UNUSED)
<BR><BR>[Calls]<UL><LI><a href="#[50]">&gt;&gt;</a>&nbsp;&nbsp;&nbsp;__aeabi_dadd
</UL>

<P><STRONG><a name="[b8]"></a>__aeabi_drsub</STRONG> (Thumb, 6 bytes, Stack size 0 bytes, dadd.o(.text), UNUSED)
<BR><BR>[Calls]<UL><LI><a href="#[50]">&gt;&gt;</a>&nbsp;&nbsp;&nbsp;__aeabi_dadd
</UL>

<P><STRONG><a name="[4e]"></a>__aeabi_dmul</STRONG> (Thumb, 228 bytes, Stack size 48 bytes, dmul.o(.text))
<BR><BR>[Stack]<UL><LI>Max Depth = 88<LI>Call Chain = __aeabi_dmul &rArr; _double_epilogue &rArr; _double_round
</UL>
<BR>[Calls]<UL><LI><a href="#[b5]">&gt;&gt;</a>&nbsp;&nbsp;&nbsp;_double_epilogue
</UL>
<BR>[Called By]<UL><LI><a href="#[62]">&gt;&gt;</a>&nbsp;&nbsp;&nbsp;CalculateBLDC
<LI><a href="#[39]">&gt;&gt;</a>&nbsp;&nbsp;&nbsp;main
</UL>

<P><STRONG><a name="[4f]"></a>__aeabi_ddiv</STRONG> (Thumb, 222 bytes, Stack size 32 bytes, ddiv.o(.text))
<BR><BR>[Stack]<UL><LI>Max Depth = 40<LI>Call Chain = __aeabi_ddiv &rArr; _double_round
</UL>
<BR>[Calls]<UL><LI><a href="#[b6]">&gt;&gt;</a>&nbsp;&nbsp;&nbsp;_double_round
</UL>
<BR>[Called By]<UL><LI><a href="#[39]">&gt;&gt;</a>&nbsp;&nbsp;&nbsp;main
</UL>

<P><STRONG><a name="[5b]"></a>__aeabi_fcmple</STRONG> (Thumb, 28 bytes, Stack size 0 bytes, fcmple.o(.text))
<BR><BR>[Called By]<UL><LI><a href="#[39]">&gt;&gt;</a>&nbsp;&nbsp;&nbsp;main
</UL>

<P><STRONG><a name="[57]"></a>__aeabi_fcmplt</STRONG> (Thumb, 28 bytes, Stack size 0 bytes, fcmplt.o(.text))
<BR><BR>[Called By]<UL><LI><a href="#[39]">&gt;&gt;</a>&nbsp;&nbsp;&nbsp;main
</UL>

<P><STRONG><a name="[5d]"></a>__aeabi_fcmpge</STRONG> (Thumb, 28 bytes, Stack size 0 bytes, fcmpge.o(.text))
<BR><BR>[Called By]<UL><LI><a href="#[39]">&gt;&gt;</a>&nbsp;&nbsp;&nbsp;main
</UL>

<P><STRONG><a name="[65]"></a>__aeabi_fcmpgt</STRONG> (Thumb, 28 bytes, Stack size 0 bytes, fcmpgt.o(.text))
<BR><BR>[Called By]<UL><LI><a href="#[62]">&gt;&gt;</a>&nbsp;&nbsp;&nbsp;CalculateBLDC
</UL>

<P><STRONG><a name="[5c]"></a>__aeabi_dcmple</STRONG> (Thumb, 54 bytes, Stack size 12 bytes, dcmple.o(.text))
<BR><BR>[Stack]<UL><LI>Max Depth = 12<LI>Call Chain = __aeabi_dcmple
</UL>
<BR>[Called By]<UL><LI><a href="#[39]">&gt;&gt;</a>&nbsp;&nbsp;&nbsp;main
</UL>

<P><STRONG><a name="[5e]"></a>__aeabi_dcmpge</STRONG> (Thumb, 54 bytes, Stack size 12 bytes, dcmpge.o(.text))
<BR><BR>[Stack]<UL><LI>Max Depth = 12<LI>Call Chain = __aeabi_dcmpge
</UL>
<BR>[Called By]<UL><LI><a href="#[39]">&gt;&gt;</a>&nbsp;&nbsp;&nbsp;main
</UL>

<P><STRONG><a name="[4c]"></a>__aeabi_i2f</STRONG> (Thumb, 18 bytes, Stack size 0 bytes, fflti.o(.text))
<BR><BR>[Stack]<UL><LI>Max Depth = 4<LI>Call Chain = __aeabi_i2f &rArr; _float_epilogue
</UL>
<BR>[Calls]<UL><LI><a href="#[b0]">&gt;&gt;</a>&nbsp;&nbsp;&nbsp;_float_epilogue
</UL>
<BR>[Called By]<UL><LI><a href="#[39]">&gt;&gt;</a>&nbsp;&nbsp;&nbsp;main
</UL>

<P><STRONG><a name="[69]"></a>__aeabi_ui2f</STRONG> (Thumb, 10 bytes, Stack size 0 bytes, ffltui.o(.text))
<BR><BR>[Stack]<UL><LI>Max Depth = 4<LI>Call Chain = __aeabi_ui2f &rArr; _float_epilogue
</UL>
<BR>[Calls]<UL><LI><a href="#[b0]">&gt;&gt;</a>&nbsp;&nbsp;&nbsp;_float_epilogue
</UL>
<BR>[Called By]<UL><LI><a href="#[62]">&gt;&gt;</a>&nbsp;&nbsp;&nbsp;CalculateBLDC
</UL>

<P><STRONG><a name="[64]"></a>__aeabi_i2d</STRONG> (Thumb, 34 bytes, Stack size 16 bytes, dflti.o(.text))
<BR><BR>[Stack]<UL><LI>Max Depth = 56<LI>Call Chain = __aeabi_i2d &rArr; _double_epilogue &rArr; _double_round
</UL>
<BR>[Calls]<UL><LI><a href="#[b5]">&gt;&gt;</a>&nbsp;&nbsp;&nbsp;_double_epilogue
</UL>
<BR>[Called By]<UL><LI><a href="#[62]">&gt;&gt;</a>&nbsp;&nbsp;&nbsp;CalculateBLDC
</UL>

<P><STRONG><a name="[63]"></a>__aeabi_ui2d</STRONG> (Thumb, 26 bytes, Stack size 16 bytes, dfltui.o(.text))
<BR><BR>[Stack]<UL><LI>Max Depth = 56<LI>Call Chain = __aeabi_ui2d &rArr; _double_epilogue &rArr; _double_round
</UL>
<BR>[Calls]<UL><LI><a href="#[b5]">&gt;&gt;</a>&nbsp;&nbsp;&nbsp;_double_epilogue
</UL>
<BR>[Called By]<UL><LI><a href="#[62]">&gt;&gt;</a>&nbsp;&nbsp;&nbsp;CalculateBLDC
</UL>

<P><STRONG><a name="[53]"></a>__aeabi_f2iz</STRONG> (Thumb, 50 bytes, Stack size 0 bytes, ffixi.o(.text))
<BR><BR>[Called By]<UL><LI><a href="#[4b]">&gt;&gt;</a>&nbsp;&nbsp;&nbsp;SendSteerDevice
<LI><a href="#[39]">&gt;&gt;</a>&nbsp;&nbsp;&nbsp;main
</UL>

<P><STRONG><a name="[4d]"></a>__aeabi_f2d</STRONG> (Thumb, 38 bytes, Stack size 0 bytes, f2d.o(.text))
<BR><BR>[Called By]<UL><LI><a href="#[62]">&gt;&gt;</a>&nbsp;&nbsp;&nbsp;CalculateBLDC
<LI><a href="#[39]">&gt;&gt;</a>&nbsp;&nbsp;&nbsp;main
</UL>

<P><STRONG><a name="[51]"></a>__aeabi_d2f</STRONG> (Thumb, 56 bytes, Stack size 8 bytes, d2f.o(.text))
<BR><BR>[Stack]<UL><LI>Max Depth = 8<LI>Call Chain = __aeabi_d2f
</UL>
<BR>[Calls]<UL><LI><a href="#[b1]">&gt;&gt;</a>&nbsp;&nbsp;&nbsp;_float_round
</UL>
<BR>[Called By]<UL><LI><a href="#[62]">&gt;&gt;</a>&nbsp;&nbsp;&nbsp;CalculateBLDC
<LI><a href="#[39]">&gt;&gt;</a>&nbsp;&nbsp;&nbsp;main
</UL>

<P><STRONG><a name="[b3]"></a>__aeabi_llsl</STRONG> (Thumb, 30 bytes, Stack size 0 bytes, llshl.o(.text))
<BR><BR>[Called By]<UL><LI><a href="#[b5]">&gt;&gt;</a>&nbsp;&nbsp;&nbsp;_double_epilogue
<LI><a href="#[50]">&gt;&gt;</a>&nbsp;&nbsp;&nbsp;__aeabi_dadd
</UL>

<P><STRONG><a name="[187]"></a>_ll_shift_l</STRONG> (Thumb, 0 bytes, Stack size 0 bytes, llshl.o(.text), UNUSED)

<P><STRONG><a name="[b4]"></a>__aeabi_lasr</STRONG> (Thumb, 36 bytes, Stack size 0 bytes, llsshr.o(.text))
<BR><BR>[Called By]<UL><LI><a href="#[50]">&gt;&gt;</a>&nbsp;&nbsp;&nbsp;__aeabi_dadd
</UL>

<P><STRONG><a name="[188]"></a>_ll_sshift_r</STRONG> (Thumb, 0 bytes, Stack size 0 bytes, llsshr.o(.text), UNUSED)

<P><STRONG><a name="[189]"></a>__I$use$fp</STRONG> (Thumb, 0 bytes, Stack size 0 bytes, iusefp.o(.text), UNUSED)

<P><STRONG><a name="[b1]"></a>_float_round</STRONG> (Thumb, 18 bytes, Stack size 0 bytes, fepilogue.o(.text))
<BR><BR>[Called By]<UL><LI><a href="#[56]">&gt;&gt;</a>&nbsp;&nbsp;&nbsp;__aeabi_fadd
<LI><a href="#[55]">&gt;&gt;</a>&nbsp;&nbsp;&nbsp;__aeabi_fdiv
<LI><a href="#[51]">&gt;&gt;</a>&nbsp;&nbsp;&nbsp;__aeabi_d2f
</UL>

<P><STRONG><a name="[b0]"></a>_float_epilogue</STRONG> (Thumb, 92 bytes, Stack size 4 bytes, fepilogue.o(.text))
<BR><BR>[Stack]<UL><LI>Max Depth = 4<LI>Call Chain = _float_epilogue
</UL>
<BR>[Called By]<UL><LI><a href="#[69]">&gt;&gt;</a>&nbsp;&nbsp;&nbsp;__aeabi_ui2f
<LI><a href="#[56]">&gt;&gt;</a>&nbsp;&nbsp;&nbsp;__aeabi_fadd
<LI><a href="#[4c]">&gt;&gt;</a>&nbsp;&nbsp;&nbsp;__aeabi_i2f
</UL>

<P><STRONG><a name="[b6]"></a>_double_round</STRONG> (Thumb, 30 bytes, Stack size 8 bytes, depilogue.o(.text))
<BR><BR>[Stack]<UL><LI>Max Depth = 8<LI>Call Chain = _double_round
</UL>
<BR>[Called By]<UL><LI><a href="#[b5]">&gt;&gt;</a>&nbsp;&nbsp;&nbsp;_double_epilogue
<LI><a href="#[50]">&gt;&gt;</a>&nbsp;&nbsp;&nbsp;__aeabi_dadd
<LI><a href="#[4f]">&gt;&gt;</a>&nbsp;&nbsp;&nbsp;__aeabi_ddiv
</UL>

<P><STRONG><a name="[b5]"></a>_double_epilogue</STRONG> (Thumb, 156 bytes, Stack size 32 bytes, depilogue.o(.text))
<BR><BR>[Stack]<UL><LI>Max Depth = 40<LI>Call Chain = _double_epilogue &rArr; _double_round
</UL>
<BR>[Calls]<UL><LI><a href="#[b9]">&gt;&gt;</a>&nbsp;&nbsp;&nbsp;__aeabi_llsr
<LI><a href="#[b3]">&gt;&gt;</a>&nbsp;&nbsp;&nbsp;__aeabi_llsl
<LI><a href="#[b6]">&gt;&gt;</a>&nbsp;&nbsp;&nbsp;_double_round
</UL>
<BR>[Called By]<UL><LI><a href="#[64]">&gt;&gt;</a>&nbsp;&nbsp;&nbsp;__aeabi_i2d
<LI><a href="#[63]">&gt;&gt;</a>&nbsp;&nbsp;&nbsp;__aeabi_ui2d
<LI><a href="#[50]">&gt;&gt;</a>&nbsp;&nbsp;&nbsp;__aeabi_dadd
<LI><a href="#[4e]">&gt;&gt;</a>&nbsp;&nbsp;&nbsp;__aeabi_dmul
</UL>

<P><STRONG><a name="[3d]"></a>__scatterload</STRONG> (Thumb, 28 bytes, Stack size 0 bytes, init.o(.text))
<BR><BR>[Calls]<UL><LI><a href="#[ba]">&gt;&gt;</a>&nbsp;&nbsp;&nbsp;__main_after_scatterload
</UL>
<BR>[Called By]<UL><LI><a href="#[3c]">&gt;&gt;</a>&nbsp;&nbsp;&nbsp;_main_scatterload
</UL>

<P><STRONG><a name="[18a]"></a>__scatterload_rt2</STRONG> (Thumb, 0 bytes, Stack size 0 bytes, init.o(.text), UNUSED)

<P><STRONG><a name="[b9]"></a>__aeabi_llsr</STRONG> (Thumb, 32 bytes, Stack size 0 bytes, llushr.o(.text))
<BR><BR>[Called By]<UL><LI><a href="#[b5]">&gt;&gt;</a>&nbsp;&nbsp;&nbsp;_double_epilogue
</UL>

<P><STRONG><a name="[18b]"></a>_ll_ushift_r</STRONG> (Thumb, 0 bytes, Stack size 0 bytes, llushr.o(.text), UNUSED)

<P><STRONG><a name="[18c]"></a>__scatterload_copy</STRONG> (Thumb, 14 bytes, Stack size unknown bytes, handlers.o(i.__scatterload_copy), UNUSED)

<P><STRONG><a name="[18d]"></a>__scatterload_null</STRONG> (Thumb, 2 bytes, Stack size unknown bytes, handlers.o(i.__scatterload_null), UNUSED)

<P><STRONG><a name="[18e]"></a>__scatterload_zeroinit</STRONG> (Thumb, 14 bytes, Stack size unknown bytes, handlers.o(i.__scatterload_zeroinit), UNUSED)
<P>
<H3>
Local Symbols
</H3><P>
<H3>
Undefined Global Symbols
</H3><HR></body></html>
