Component: Arm Compiler for Embedded 6.19 Tool: armlink [5e73cb00]

==============================================================================

Section Cross References

    main.o(.text) refers to system_gd32f1x0.o(.text) for SystemCoreClockUpdate
    main.o(.text) refers to system_gd32f1x0.o(.data.SystemCoreClock) for SystemCoreClock
    main.o(.text) refers to setup.o(.text) for Watchdog_init
    main.o(.text) refers to gd32f1x0_gpio.o(.text) for gpio_bit_write
    main.o(.text) refers to gd32f1x0_fwdgt.o(.text) for fwdgt_counter_reload
    main.o(.text) refers to bldc.o(.bss.buzzerFreq) for buzzerFreq
    main.o(.text) refers to it.o(.text) for Delay
    main.o(.text) refers to main.o(.bss.steerCounter) for steerCounter
    main.o(.text) refers to commssteering.o(.text) for SendSteerDevice
    main.o(.text) refers to main.o(.bss.speed) for speed
    main.o(.text) refers to fflti.o(.text) for __aeabi_i2f
    main.o(.text) refers to f2d.o(.text) for __aeabi_f2d
    main.o(.text) refers to dmul.o(.text) for __aeabi_dmul
    main.o(.text) refers to ddiv.o(.text) for __aeabi_ddiv
    main.o(.text) refers to dadd.o(.text) for __aeabi_dadd
    main.o(.text) refers to d2f.o(.text) for __aeabi_d2f
    main.o(.text) refers to main.o(.bss.steer) for steer
    main.o(.text) refers to fmul.o(.text) for __aeabi_fmul
    main.o(.text) refers to ffixi.o(.text) for __aeabi_f2iz
    main.o(.text) refers to fadd.o(.text) for __aeabi_fsub
    main.o(.text) refers to fdiv.o(.text) for __aeabi_fdiv
    main.o(.text) refers to main.o(.rodata.lookUpTableAngle) for lookUpTableAngle
    main.o(.text) refers to fcmplt.o(.text) for __aeabi_fcmplt
    main.o(.text) refers to bldc.o(.text) for SetEnable
    main.o(.text) refers to it.o(.data.timedOut) for timedOut
    main.o(.text) refers to bldc.o(.bss.currentDC) for currentDC
    main.o(.text) refers to bldc.o(.bss.realSpeed) for realSpeed
    main.o(.text) refers to bldc.o(.data.batteryVoltage) for batteryVoltage
    main.o(.text) refers to commsmasterslave.o(.text) for SendSlave
    main.o(.text) refers to fcmple.o(.text) for __aeabi_fcmple
    main.o(.text) refers to main.o(.data.beepsBackwards) for beepsBackwards
    main.o(.text) refers to dcmple.o(.text) for __aeabi_dcmple
    main.o(.text) refers to fcmpge.o(.text) for __aeabi_fcmpge
    main.o(.text) refers to dcmpge.o(.text) for __aeabi_dcmpge
    main.o(.text) refers to bldc.o(.bss.buzzerPattern) for buzzerPattern
    main.o(.text) refers to main.o(.bss.inactivity_timeout_counter) for inactivity_timeout_counter
    main.o(.text) refers to gd32f1x0_usart.o(.text) for usart_deinit
    main.o(.ARM.exidx) refers to main.o(.text) for [Anonymous Symbol]
    bldc.o(.text) refers to bldc.o(.bss.bldc_enable) for bldc_enable
    bldc.o(.text) refers to bldc.o(.bss.bldc_inputFilterPwm) for bldc_inputFilterPwm
    bldc.o(.text) refers to bldc.o(.bss.offsetcount) for offsetcount
    bldc.o(.text) refers to bldc.o(.bss.adc_buffer) for adc_buffer
    bldc.o(.text) refers to bldc.o(.data.offsetdc) for offsetdc
    bldc.o(.text) refers to bldc.o(.bss.buzzerTimer) for buzzerTimer
    bldc.o(.text) refers to bldc.o(.data.batteryVoltage) for batteryVoltage
    bldc.o(.text) refers to f2d.o(.text) for __aeabi_f2d
    bldc.o(.text) refers to dfltui.o(.text) for __aeabi_ui2d
    bldc.o(.text) refers to dmul.o(.text) for __aeabi_dmul
    bldc.o(.text) refers to dadd.o(.text) for __aeabi_dadd
    bldc.o(.text) refers to d2f.o(.text) for __aeabi_d2f
    bldc.o(.text) refers to bldc.o(.bss.buzzerFreq) for buzzerFreq
    bldc.o(.text) refers to bldc.o(.bss.buzzerPattern) for buzzerPattern
    bldc.o(.text) refers to gd32f1x0_gpio.o(.text) for gpio_bit_write
    bldc.o(.text) refers to dflti.o(.text) for __aeabi_i2d
    bldc.o(.text) refers to bldc.o(.bss.currentDC) for currentDC
    bldc.o(.text) refers to fcmpgt.o(.text) for __aeabi_fcmpgt
    bldc.o(.text) refers to it.o(.data.timedOut) for timedOut
    bldc.o(.text) refers to gd32f1x0_timer.o(.text) for timer_automatic_output_enable
    bldc.o(.text) refers to bldc.o(.bss.hall_a) for hall_a
    bldc.o(.text) refers to bldc.o(.bss.hall_b) for hall_b
    bldc.o(.text) refers to bldc.o(.bss.hall_c) for hall_c
    bldc.o(.text) refers to bldc.o(.bss.hall) for hall
    bldc.o(.text) refers to bldc.o(.rodata.hall_to_pos) for hall_to_pos
    bldc.o(.text) refers to bldc.o(.bss.filter_reg) for filter_reg
    bldc.o(.text) refers to bldc.o(.bss.pos) for pos
    bldc.o(.text) refers to bldc.o(.bss.bldc_outputFilterPwm) for bldc_outputFilterPwm
    bldc.o(.text) refers to bldc.o(.bss.buzzerToggle) for buzzerToggle
    bldc.o(.text) refers to bldc.o(.bss.speedCounter) for speedCounter
    bldc.o(.text) refers to bldc.o(.bss.lastPos) for lastPos
    bldc.o(.text) refers to ffltui.o(.text) for __aeabi_ui2f
    bldc.o(.text) refers to fdiv.o(.text) for __aeabi_fdiv
    bldc.o(.text) refers to bldc.o(.bss.realSpeed) for realSpeed
    bldc.o(.ARM.exidx) refers to bldc.o(.text) for [Anonymous Symbol]
    setup.o(.text) refers to gd32f1x0_misc.o(.text) for nvic_priority_group_set
    setup.o(.text) refers to gd32f1x0_rcu.o(.text) for rcu_flag_get
    setup.o(.text) refers to gd32f1x0_fwdgt.o(.text) for fwdgt_config
    setup.o(.text) refers to gd32f1x0_timer.o(.text) for timer_deinit
    setup.o(.text) refers to setup.o(.bss.timeoutTimer_paramter_struct) for timeoutTimer_paramter_struct
    setup.o(.text) refers to gd32f1x0_gpio.o(.text) for gpio_mode_set
    setup.o(.text) refers to setup.o(.bss.timerBldc_paramter_struct) for timerBldc_paramter_struct
    setup.o(.text) refers to setup.o(.bss.timerBldc_oc_parameter_struct) for timerBldc_oc_parameter_struct
    setup.o(.text) refers to setup.o(.bss.timerBldc_break_parameter_struct) for timerBldc_break_parameter_struct
    setup.o(.text) refers to gd32f1x0_dma.o(.text) for dma_deinit
    setup.o(.text) refers to setup.o(.bss.dma_init_struct_adc) for dma_init_struct_adc
    setup.o(.text) refers to bldc.o(.bss.adc_buffer) for adc_buffer
    setup.o(.text) refers to gd32f1x0_adc.o(.text) for adc_channel_length_config
    setup.o(.text) refers to gd32f1x0_usart.o(.text) for usart_baudrate_set
    setup.o(.text) refers to setup.o(.bss.dma_init_struct_usart) for dma_init_struct_usart
    setup.o(.text) refers to setup.o(.bss.usartMasterSlave_rx_buf) for usartMasterSlave_rx_buf
    setup.o(.text) refers to setup.o(.bss.usartSteer_COM_rx_buf) for usartSteer_COM_rx_buf
    setup.o(.ARM.exidx) refers to setup.o(.text) for [Anonymous Symbol]
    it.o(.text) refers to it.o(.bss.msTicks) for msTicks
    it.o(.text) refers to it.o(.bss.timeoutCounter_ms) for timeoutCounter_ms
    it.o(.text) refers to it.o(.data.timedOut) for timedOut
    it.o(.text) refers to main.o(.bss.steer) for steer
    it.o(.text) refers to main.o(.bss.speed) for speed
    it.o(.text) refers to main.o(.data.beepsBackwards) for beepsBackwards
    it.o(.text) refers to gd32f1x0_timer.o(.text) for timer_interrupt_flag_clear
    it.o(.text) refers to gd32f1x0_adc.o(.text) for adc_software_trigger_enable
    it.o(.text) refers to bldc.o(.text) for CalculateBLDC
    it.o(.text) refers to gd32f1x0_dma.o(.text) for dma_interrupt_flag_get
    it.o(.text) refers to commssteering.o(.text) for UpdateUSARTSteerInput
    it.o(.text) refers to commsmasterslave.o(.text) for UpdateUSARTMasterSlaveInput
    it.o(.ARM.exidx) refers to it.o(.text) for [Anonymous Symbol]
    comms.o(.text) refers to gd32f1x0_usart.o(.text) for usart_data_transmit
    comms.o(.ARM.exidx) refers to comms.o(.text) for [Anonymous Symbol]
    commssteering.o(.text) refers to bldc.o(.data.batteryVoltage) for batteryVoltage
    commssteering.o(.text) refers to fmul.o(.text) for __aeabi_fmul
    commssteering.o(.text) refers to ffixi.o(.text) for __aeabi_f2iz
    commssteering.o(.text) refers to bldc.o(.bss.currentDC) for currentDC
    commssteering.o(.text) refers to main.o(.bss.oDataSlave) for oDataSlave
    commssteering.o(.text) refers to bldc.o(.bss.realSpeed) for realSpeed
    commssteering.o(.text) refers to comms.o(.text) for CalcCRC
    commssteering.o(.text) refers to setup.o(.bss.usartSteer_COM_rx_buf) for usartSteer_COM_rx_buf
    commssteering.o(.text) refers to commssteering.o(.data.iReceivePos) for iReceivePos
    commssteering.o(.text) refers to commssteering.o(.bss.aReceiveBuffer) for aReceiveBuffer
    commssteering.o(.text) refers to main.o(.bss.speed) for speed
    commssteering.o(.text) refers to main.o(.bss.steer) for steer
    commssteering.o(.text) refers to it.o(.text) for ResetTimeout
    commssteering.o(.ARM.exidx) refers to commssteering.o(.text) for [Anonymous Symbol]
    commsmasterslave.o(.text) refers to setup.o(.bss.usartMasterSlave_rx_buf) for usartMasterSlave_rx_buf
    commsmasterslave.o(.text) refers to commsmasterslave.o(.data.iReceivePos) for iReceivePos
    commsmasterslave.o(.text) refers to commsmasterslave.o(.bss.aReceiveBuffer) for aReceiveBuffer
    commsmasterslave.o(.text) refers to comms.o(.text) for CalcCRC
    commsmasterslave.o(.text) refers to main.o(.data.beepsBackwards) for beepsBackwards
    commsmasterslave.o(.text) refers to main.o(.bss.oDataSlave) for oDataSlave
    commsmasterslave.o(.text) refers to gd32f1x0_gpio.o(.text) for gpio_bit_write
    commsmasterslave.o(.ARM.exidx) refers to commsmasterslave.o(.text) for [Anonymous Symbol]
    gd32f1x0_adc.o(.text) refers to gd32f1x0_rcu.o(.text) for rcu_periph_reset_enable
    gd32f1x0_adc.o(.ARM.exidx) refers to gd32f1x0_adc.o(.text) for [Anonymous Symbol]
    gd32f1x0_dbg.o(.ARM.exidx) refers to gd32f1x0_dbg.o(.text) for [Anonymous Symbol]
    gd32f1x0_dma.o(.ARM.exidx) refers to gd32f1x0_dma.o(.text) for [Anonymous Symbol]
    gd32f1x0_fwdgt.o(.ARM.exidx) refers to gd32f1x0_fwdgt.o(.text) for [Anonymous Symbol]
    gd32f1x0_gpio.o(.text) refers to gd32f1x0_gpio.o(.rodata..Lswitch.table.gpio_deinit.1) for .Lswitch.table.gpio_deinit.1
    gd32f1x0_gpio.o(.text) refers to gd32f1x0_rcu.o(.text) for rcu_periph_reset_enable
    gd32f1x0_gpio.o(.ARM.exidx) refers to gd32f1x0_gpio.o(.text) for [Anonymous Symbol]
    gd32f1x0_i2c.o(.text) refers to gd32f1x0_rcu.o(.text) for rcu_periph_reset_enable
    gd32f1x0_i2c.o(.ARM.exidx) refers to gd32f1x0_i2c.o(.text) for [Anonymous Symbol]
    gd32f1x0_misc.o(.ARM.exidx) refers to gd32f1x0_misc.o(.text) for [Anonymous Symbol]
    gd32f1x0_pmu.o(.text) refers to gd32f1x0_rcu.o(.text) for rcu_periph_reset_enable
    gd32f1x0_pmu.o(.text) refers to gd32f1x0_pmu.o(.bss.pmu_to_deepsleepmode.reg_snap.1) for pmu_to_deepsleepmode.reg_snap.1
    gd32f1x0_pmu.o(.text) refers to gd32f1x0_pmu.o(.bss.pmu_to_deepsleepmode.reg_snap.0) for pmu_to_deepsleepmode.reg_snap.0
    gd32f1x0_pmu.o(.text) refers to gd32f1x0_pmu.o(.bss.pmu_to_deepsleepmode.reg_snap.2) for pmu_to_deepsleepmode.reg_snap.2
    gd32f1x0_pmu.o(.text) refers to gd32f1x0_pmu.o(.bss.pmu_to_deepsleepmode.reg_snap.3) for pmu_to_deepsleepmode.reg_snap.3
    gd32f1x0_pmu.o(.ARM.exidx) refers to gd32f1x0_pmu.o(.text) for [Anonymous Symbol]
    gd32f1x0_rcu.o(.text) refers to gd32f1x0_rcu.o(.rodata.cst8) for .L__const.rcu_clock_freq_get.apb2_exp
    gd32f1x0_rcu.o(.ARM.exidx) refers to gd32f1x0_rcu.o(.text) for [Anonymous Symbol]
    gd32f1x0_syscfg.o(.text) refers to gd32f1x0_rcu.o(.text) for rcu_periph_reset_enable
    gd32f1x0_syscfg.o(.ARM.exidx) refers to gd32f1x0_syscfg.o(.text) for [Anonymous Symbol]
    gd32f1x0_timer.o(.text) refers to gd32f1x0_rcu.o(.text) for rcu_periph_reset_enable
    gd32f1x0_timer.o(.ARM.exidx) refers to gd32f1x0_timer.o(.text) for [Anonymous Symbol]
    gd32f1x0_usart.o(.text) refers to gd32f1x0_rcu.o(.text) for rcu_periph_reset_enable
    gd32f1x0_usart.o(.ARM.exidx) refers to gd32f1x0_usart.o(.text) for [Anonymous Symbol]
    gd32f1x0_wwdgt.o(.text) refers to gd32f1x0_rcu.o(.text) for rcu_periph_reset_enable
    gd32f1x0_wwdgt.o(.ARM.exidx) refers to gd32f1x0_wwdgt.o(.text) for [Anonymous Symbol]
    startup_gd32f1x0.o(RESET) refers to startup_gd32f1x0.o(STACK) for __initial_sp
    startup_gd32f1x0.o(RESET) refers to startup_gd32f1x0.o(.text) for Reset_Handler
    startup_gd32f1x0.o(RESET) refers to it.o(.text) for NMI_Handler
    startup_gd32f1x0.o(.text) refers to system_gd32f1x0.o(.text) for SystemInit
    startup_gd32f1x0.o(.text) refers to entry.o(.ARM.Collect$$$$00000000) for __main
    system_gd32f1x0.o(.text) refers to system_gd32f1x0.o(.data.SystemCoreClock) for SystemCoreClock
    system_gd32f1x0.o(.ARM.exidx) refers to system_gd32f1x0.o(.text) for [Anonymous Symbol]
    entry.o(.ARM.Collect$$$$00000000) refers (Special) to entry10a.o(.ARM.Collect$$$$0000000D) for __rt_final_cpp
    entry.o(.ARM.Collect$$$$00000000) refers (Special) to entry11a.o(.ARM.Collect$$$$0000000F) for __rt_final_exit
    entry.o(.ARM.Collect$$$$00000000) refers (Special) to entry7b.o(.ARM.Collect$$$$00000008) for _main_clock
    entry.o(.ARM.Collect$$$$00000000) refers (Special) to entry8b.o(.ARM.Collect$$$$0000000A) for _main_cpp_init
    entry.o(.ARM.Collect$$$$00000000) refers (Special) to entry9a.o(.ARM.Collect$$$$0000000B) for _main_init
    entry.o(.ARM.Collect$$$$00000000) refers (Special) to entry5.o(.ARM.Collect$$$$00000004) for _main_scatterload
    entry.o(.ARM.Collect$$$$00000000) refers (Special) to entry2.o(.ARM.Collect$$$$00000001) for _main_stk
    fadd.o(.text) refers (Special) to iusefp.o(.text) for __I$use$fp
    fadd.o(.text) refers to fepilogue.o(.text) for _float_epilogue
    fmul.o(.text) refers (Special) to iusefp.o(.text) for __I$use$fp
    fdiv.o(.text) refers (Special) to iusefp.o(.text) for __I$use$fp
    fdiv.o(.text) refers to fepilogue.o(.text) for _float_round
    dadd.o(.text) refers (Special) to iusefp.o(.text) for __I$use$fp
    dadd.o(.text) refers to llshl.o(.text) for __aeabi_llsl
    dadd.o(.text) refers to llsshr.o(.text) for __aeabi_lasr
    dadd.o(.text) refers to depilogue.o(.text) for _double_epilogue
    dmul.o(.text) refers (Special) to iusefp.o(.text) for __I$use$fp
    dmul.o(.text) refers to depilogue.o(.text) for _double_epilogue
    ddiv.o(.text) refers (Special) to iusefp.o(.text) for __I$use$fp
    ddiv.o(.text) refers to depilogue.o(.text) for _double_round
    fcmple.o(.text) refers (Special) to iusefp.o(.text) for __I$use$fp
    fcmplt.o(.text) refers (Special) to iusefp.o(.text) for __I$use$fp
    fcmpge.o(.text) refers (Special) to iusefp.o(.text) for __I$use$fp
    fcmpgt.o(.text) refers (Special) to iusefp.o(.text) for __I$use$fp
    dcmple.o(.text) refers (Special) to iusefp.o(.text) for __I$use$fp
    dcmpge.o(.text) refers (Special) to iusefp.o(.text) for __I$use$fp
    fflti.o(.text) refers (Special) to iusefp.o(.text) for __I$use$fp
    fflti.o(.text) refers to fepilogue.o(.text) for _float_epilogue
    ffltui.o(.text) refers (Special) to iusefp.o(.text) for __I$use$fp
    ffltui.o(.text) refers to fepilogue.o(.text) for _float_epilogue
    dflti.o(.text) refers (Special) to iusefp.o(.text) for __I$use$fp
    dflti.o(.text) refers to depilogue.o(.text) for _double_epilogue
    dfltui.o(.text) refers (Special) to iusefp.o(.text) for __I$use$fp
    dfltui.o(.text) refers to depilogue.o(.text) for _double_epilogue
    ffixi.o(.text) refers (Special) to iusefp.o(.text) for __I$use$fp
    f2d.o(.text) refers (Special) to iusefp.o(.text) for __I$use$fp
    d2f.o(.text) refers (Special) to iusefp.o(.text) for __I$use$fp
    d2f.o(.text) refers to fepilogue.o(.text) for _float_round
    entry2.o(.ARM.Collect$$$$00000001) refers to entry2.o(.ARM.Collect$$$$00002712) for __lit__00000000
    entry2.o(.ARM.Collect$$$$00002712) refers to startup_gd32f1x0.o(STACK) for __initial_sp
    entry2.o(__vectab_stack_and_reset_area) refers to startup_gd32f1x0.o(STACK) for __initial_sp
    entry2.o(__vectab_stack_and_reset_area) refers to entry.o(.ARM.Collect$$$$00000000) for __main
    entry5.o(.ARM.Collect$$$$00000004) refers to init.o(.text) for __scatterload
    entry9a.o(.ARM.Collect$$$$0000000B) refers to main.o(.text) for main
    entry9b.o(.ARM.Collect$$$$0000000C) refers to main.o(.text) for main
    fepilogue.o(.text) refers (Special) to iusefp.o(.text) for __I$use$fp
    depilogue.o(.text) refers (Special) to iusefp.o(.text) for __I$use$fp
    depilogue.o(.text) refers to llshl.o(.text) for __aeabi_llsl
    depilogue.o(.text) refers to llushr.o(.text) for __aeabi_llsr
    init.o(.text) refers to entry5.o(.ARM.Collect$$$$00000004) for __main_after_scatterload


==============================================================================

Removing Unused input sections from the image.

    Removing main.o(.ARM.exidx), (32 bytes).
    Removing main.o(.bss.activateWeakening), (1 bytes).
    Removing main.o(.bss.slaveError), (1 bytes).
    Removing main.o(.ARM.use_no_argv), (4 bytes).
    Removing bldc.o(.ARM.exidx), (32 bytes).
    Removing bldc.o(.rodata.pwm_res), (2 bytes).
    Removing setup.o(.ARM.exidx), (64 bytes).
    Removing it.o(.ARM.exidx), (136 bytes).
    Removing comms.o(.ARM.exidx), (16 bytes).
    Removing commsbluetooth.o(.text), (0 bytes).
    Removing commssteering.o(.ARM.exidx), (16 bytes).
    Removing commsmasterslave.o(.ARM.exidx), (24 bytes).
    Removing led.o(.text), (0 bytes).
    Removing gd32f1x0_adc.o(.ARM.exidx), (256 bytes).
    Removing gd32f1x0_dbg.o(.text), (128 bytes).
    Removing gd32f1x0_dbg.o(.ARM.exidx), (48 bytes).
    Removing gd32f1x0_dma.o(.ARM.exidx), (216 bytes).
    Removing gd32f1x0_fwdgt.o(.ARM.exidx), (48 bytes).
    Removing gd32f1x0_gpio.o(.ARM.exidx), (104 bytes).
    Removing gd32f1x0_i2c.o(.text), (810 bytes).
    Removing gd32f1x0_i2c.o(.ARM.exidx), (248 bytes).
    Removing gd32f1x0_misc.o(.ARM.exidx), (56 bytes).
    Removing gd32f1x0_opa.o(.text), (0 bytes).
    Removing gd32f1x0_pmu.o(.text), (490 bytes).
    Removing gd32f1x0_pmu.o(.ARM.exidx), (96 bytes).
    Removing gd32f1x0_pmu.o(.bss.pmu_to_deepsleepmode.reg_snap.0), (4 bytes).
    Removing gd32f1x0_pmu.o(.bss.pmu_to_deepsleepmode.reg_snap.1), (4 bytes).
    Removing gd32f1x0_pmu.o(.bss.pmu_to_deepsleepmode.reg_snap.2), (4 bytes).
    Removing gd32f1x0_pmu.o(.bss.pmu_to_deepsleepmode.reg_snap.3), (4 bytes).
    Removing gd32f1x0_rcu.o(.ARM.exidx), (336 bytes).
    Removing gd32f1x0_syscfg.o(.text), (258 bytes).
    Removing gd32f1x0_syscfg.o(.ARM.exidx), (72 bytes).
    Removing gd32f1x0_timer.o(.ARM.exidx), (568 bytes).
    Removing gd32f1x0_usart.o(.ARM.exidx), (544 bytes).
    Removing gd32f1x0_wwdgt.o(.text), (170 bytes).
    Removing gd32f1x0_wwdgt.o(.ARM.exidx), (56 bytes).
    Removing startup_gd32f1x0.o(HEAP), (1024 bytes).
    Removing system_gd32f1x0.o(.ARM.exidx), (16 bytes).

38 unused section(s) (total 5888 bytes) removed from the image.

==============================================================================

Image Symbol Table

    Local Symbols

    Symbol Name                              Value     Ov Type        Size  Object(Section)

    ../clib/microlib/init/entry.s            0x00000000   Number         0  entry.o ABSOLUTE
    ../clib/microlib/init/entry.s            0x00000000   Number         0  entry2.o ABSOLUTE
    ../clib/microlib/init/entry.s            0x00000000   Number         0  entry5.o ABSOLUTE
    ../clib/microlib/init/entry.s            0x00000000   Number         0  entry7a.o ABSOLUTE
    ../clib/microlib/init/entry.s            0x00000000   Number         0  entry7b.o ABSOLUTE
    ../clib/microlib/init/entry.s            0x00000000   Number         0  entry8a.o ABSOLUTE
    ../clib/microlib/init/entry.s            0x00000000   Number         0  entry8b.o ABSOLUTE
    ../clib/microlib/init/entry.s            0x00000000   Number         0  entry9a.o ABSOLUTE
    ../clib/microlib/init/entry.s            0x00000000   Number         0  entry9b.o ABSOLUTE
    ../clib/microlib/init/entry.s            0x00000000   Number         0  entry10a.o ABSOLUTE
    ../clib/microlib/init/entry.s            0x00000000   Number         0  entry10b.o ABSOLUTE
    ../clib/microlib/init/entry.s            0x00000000   Number         0  entry11a.o ABSOLUTE
    ../clib/microlib/init/entry.s            0x00000000   Number         0  entry11b.o ABSOLUTE
    ../clib/microlib/longlong.c              0x00000000   Number         0  llshl.o ABSOLUTE
    ../clib/microlib/longlong.c              0x00000000   Number         0  llsshr.o ABSOLUTE
    ../clib/microlib/longlong.c              0x00000000   Number         0  llushr.o ABSOLUTE
    ../clib/microlib/stubs.s                 0x00000000   Number         0  iusefp.o ABSOLUTE
    ../fplib/microlib/d2f.c                  0x00000000   Number         0  d2f.o ABSOLUTE
    ../fplib/microlib/f2d.c                  0x00000000   Number         0  f2d.o ABSOLUTE
    ../fplib/microlib/fpadd.c                0x00000000   Number         0  fadd.o ABSOLUTE
    ../fplib/microlib/fpadd.c                0x00000000   Number         0  dadd.o ABSOLUTE
    ../fplib/microlib/fpcmp.c                0x00000000   Number         0  fcmple.o ABSOLUTE
    ../fplib/microlib/fpcmp.c                0x00000000   Number         0  fcmplt.o ABSOLUTE
    ../fplib/microlib/fpcmp.c                0x00000000   Number         0  fcmpge.o ABSOLUTE
    ../fplib/microlib/fpcmp.c                0x00000000   Number         0  fcmpgt.o ABSOLUTE
    ../fplib/microlib/fpcmp.c                0x00000000   Number         0  dcmple.o ABSOLUTE
    ../fplib/microlib/fpcmp.c                0x00000000   Number         0  dcmpge.o ABSOLUTE
    ../fplib/microlib/fpdiv.c                0x00000000   Number         0  fdiv.o ABSOLUTE
    ../fplib/microlib/fpdiv.c                0x00000000   Number         0  ddiv.o ABSOLUTE
    ../fplib/microlib/fpepilogue.c           0x00000000   Number         0  fepilogue.o ABSOLUTE
    ../fplib/microlib/fpepilogue.c           0x00000000   Number         0  depilogue.o ABSOLUTE
    ../fplib/microlib/fpfix.c                0x00000000   Number         0  ffixi.o ABSOLUTE
    ../fplib/microlib/fpflt.c                0x00000000   Number         0  fflti.o ABSOLUTE
    ../fplib/microlib/fpflt.c                0x00000000   Number         0  ffltui.o ABSOLUTE
    ../fplib/microlib/fpflt.c                0x00000000   Number         0  dflti.o ABSOLUTE
    ../fplib/microlib/fpflt.c                0x00000000   Number         0  dfltui.o ABSOLUTE
    ../fplib/microlib/fpmul.c                0x00000000   Number         0  fmul.o ABSOLUTE
    ../fplib/microlib/fpmul.c                0x00000000   Number         0  dmul.o ABSOLUTE
    RTE/Device/GD32F130C8/startup_gd32f1x0.s 0x00000000   Number         0  startup_gd32f1x0.o ABSOLUTE
    bldc.c                                   0x00000000   Number         0  bldc.o ABSOLUTE
    comms.c                                  0x00000000   Number         0  comms.o ABSOLUTE
    commsBluetooth.c                         0x00000000   Number         0  commsbluetooth.o ABSOLUTE
    commsMasterSlave.c                       0x00000000   Number         0  commsmasterslave.o ABSOLUTE
    commsSteering.c                          0x00000000   Number         0  commssteering.o ABSOLUTE
    dc.s                                     0x00000000   Number         0  dc.o ABSOLUTE
    gd32f1x0_adc.c                           0x00000000   Number         0  gd32f1x0_adc.o ABSOLUTE
    gd32f1x0_dbg.c                           0x00000000   Number         0  gd32f1x0_dbg.o ABSOLUTE
    gd32f1x0_dma.c                           0x00000000   Number         0  gd32f1x0_dma.o ABSOLUTE
    gd32f1x0_fwdgt.c                         0x00000000   Number         0  gd32f1x0_fwdgt.o ABSOLUTE
    gd32f1x0_gpio.c                          0x00000000   Number         0  gd32f1x0_gpio.o ABSOLUTE
    gd32f1x0_i2c.c                           0x00000000   Number         0  gd32f1x0_i2c.o ABSOLUTE
    gd32f1x0_misc.c                          0x00000000   Number         0  gd32f1x0_misc.o ABSOLUTE
    gd32f1x0_opa.c                           0x00000000   Number         0  gd32f1x0_opa.o ABSOLUTE
    gd32f1x0_pmu.c                           0x00000000   Number         0  gd32f1x0_pmu.o ABSOLUTE
    gd32f1x0_rcu.c                           0x00000000   Number         0  gd32f1x0_rcu.o ABSOLUTE
    gd32f1x0_syscfg.c                        0x00000000   Number         0  gd32f1x0_syscfg.o ABSOLUTE
    gd32f1x0_timer.c                         0x00000000   Number         0  gd32f1x0_timer.o ABSOLUTE
    gd32f1x0_usart.c                         0x00000000   Number         0  gd32f1x0_usart.o ABSOLUTE
    gd32f1x0_wwdgt.c                         0x00000000   Number         0  gd32f1x0_wwdgt.o ABSOLUTE
    handlers.s                               0x00000000   Number         0  handlers.o ABSOLUTE
    init.s                                   0x00000000   Number         0  init.o ABSOLUTE
    it.c                                     0x00000000   Number         0  it.o ABSOLUTE
    led.c                                    0x00000000   Number         0  led.o ABSOLUTE
    main.c                                   0x00000000   Number         0  main.o ABSOLUTE
    setup.c                                  0x00000000   Number         0  setup.o ABSOLUTE
    system_gd32f1x0.c                        0x00000000   Number         0  system_gd32f1x0.o ABSOLUTE
    RESET                                    0x08000000   Section      360  startup_gd32f1x0.o(RESET)
    .ARM.Collect$$$$00000000                 0x08000168   Section        0  entry.o(.ARM.Collect$$$$00000000)
    .ARM.Collect$$$$00000001                 0x08000168   Section        4  entry2.o(.ARM.Collect$$$$00000001)
    .ARM.Collect$$$$00000004                 0x0800016c   Section        4  entry5.o(.ARM.Collect$$$$00000004)
    .ARM.Collect$$$$00000008                 0x08000170   Section        0  entry7b.o(.ARM.Collect$$$$00000008)
    .ARM.Collect$$$$0000000A                 0x08000170   Section        0  entry8b.o(.ARM.Collect$$$$0000000A)
    .ARM.Collect$$$$0000000B                 0x08000170   Section        8  entry9a.o(.ARM.Collect$$$$0000000B)
    __lit__00000000                          0x08000178   Data           4  entry2.o(.ARM.Collect$$$$00002712)
    .ARM.Collect$$$$0000000D                 0x08000178   Section        0  entry10a.o(.ARM.Collect$$$$0000000D)
    .ARM.Collect$$$$0000000F                 0x08000178   Section        0  entry11a.o(.ARM.Collect$$$$0000000F)
    .ARM.Collect$$$$00002712                 0x08000178   Section        4  entry2.o(.ARM.Collect$$$$00002712)
    [Anonymous Symbol]                       0x0800017c   Section        0  main.o(.text)
    [Anonymous Symbol]                       0x0800075c   Section        0  bldc.o(.text)
    [Anonymous Symbol]                       0x08000b58   Section        0  setup.o(.text)
    [Anonymous Symbol]                       0x08001300   Section        0  it.o(.text)
    [Anonymous Symbol]                       0x08001444   Section        0  comms.o(.text)
    [Anonymous Symbol]                       0x080014b0   Section        0  commssteering.o(.text)
    [Anonymous Symbol]                       0x080015d4   Section        0  commsmasterslave.o(.text)
    [Anonymous Symbol]                       0x0800174c   Section        0  gd32f1x0_adc.o(.text)
    [Anonymous Symbol]                       0x08001cf4   Section        0  gd32f1x0_dma.o(.text)
    [Anonymous Symbol]                       0x08002040   Section        0  gd32f1x0_fwdgt.o(.text)
    [Anonymous Symbol]                       0x0800211c   Section        0  gd32f1x0_gpio.o(.text)
    [Anonymous Symbol]                       0x080022b4   Section        0  gd32f1x0_misc.o(.text)
    [Anonymous Symbol]                       0x080023e4   Section        0  gd32f1x0_rcu.o(.text)
    [Anonymous Symbol]                       0x08002b14   Section        0  gd32f1x0_timer.o(.text)
    [Anonymous Symbol]                       0x08003874   Section        0  gd32f1x0_usart.o(.text)
    .text                                    0x08003eb4   Section       36  startup_gd32f1x0.o(.text)
    [Anonymous Symbol]                       0x08003ed8   Section        0  system_gd32f1x0.o(.text)
    .text                                    0x08004014   Section        0  fadd.o(.text)
    .text                                    0x080040c4   Section        0  fmul.o(.text)
    .text                                    0x08004128   Section        0  fdiv.o(.text)
    .text                                    0x080041a4   Section        0  dadd.o(.text)
    .text                                    0x080042f2   Section        0  dmul.o(.text)
    .text                                    0x080043d6   Section        0  ddiv.o(.text)
    .text                                    0x080044b4   Section        0  fcmple.o(.text)
    .text                                    0x080044d0   Section        0  fcmplt.o(.text)
    .text                                    0x080044ec   Section        0  fcmpge.o(.text)
    .text                                    0x08004508   Section        0  fcmpgt.o(.text)
    .text                                    0x08004524   Section        0  dcmple.o(.text)
    .text                                    0x0800455a   Section        0  dcmpge.o(.text)
    .text                                    0x08004590   Section        0  fflti.o(.text)
    .text                                    0x080045a2   Section        0  ffltui.o(.text)
    .text                                    0x080045ac   Section        0  dflti.o(.text)
    .text                                    0x080045ce   Section        0  dfltui.o(.text)
    .text                                    0x080045e8   Section        0  ffixi.o(.text)
    .text                                    0x0800461a   Section        0  f2d.o(.text)
    .text                                    0x08004640   Section        0  d2f.o(.text)
    .text                                    0x08004678   Section        0  llshl.o(.text)
    .text                                    0x08004696   Section        0  llsshr.o(.text)
    .text                                    0x080046ba   Section        0  iusefp.o(.text)
    .text                                    0x080046ba   Section        0  fepilogue.o(.text)
    .text                                    0x08004728   Section        0  depilogue.o(.text)
    .text                                    0x080047e4   Section       36  init.o(.text)
    .text                                    0x08004808   Section        0  llushr.o(.text)
    i.__scatterload_copy                     0x08004828   Section       14  handlers.o(i.__scatterload_copy)
    i.__scatterload_null                     0x08004836   Section        2  handlers.o(i.__scatterload_null)
    i.__scatterload_zeroinit                 0x08004838   Section       14  handlers.o(i.__scatterload_zeroinit)
    .Lswitch.table.gpio_deinit.1             0x08004846   Data          12  gd32f1x0_gpio.o(.rodata..Lswitch.table.gpio_deinit.1)
    .L__const.rcu_clock_freq_get.apb2_exp    0x08004852   Data           8  gd32f1x0_rcu.o(.rodata.cst8)
    iReceivePos                              0x2000000a   Data           2  commssteering.o(.data.iReceivePos)
    [Anonymous Symbol]                       0x2000000a   Section        0  commssteering.o(.data.iReceivePos)
    iReceivePos                              0x2000000c   Data           2  commsmasterslave.o(.data.iReceivePos)
    [Anonymous Symbol]                       0x2000000c   Section        0  commsmasterslave.o(.data.iReceivePos)
    aReceiveBuffer                           0x20000018   Data           7  commssteering.o(.bss.aReceiveBuffer)
    [Anonymous Symbol]                       0x20000018   Section        0  commssteering.o(.bss.aReceiveBuffer)
    aReceiveBuffer                           0x2000001f   Data          12  commsmasterslave.o(.bss.aReceiveBuffer)
    [Anonymous Symbol]                       0x2000001f   Section        0  commsmasterslave.o(.bss.aReceiveBuffer)
    STACK                                    0x20000110   Section     1024  startup_gd32f1x0.o(STACK)

    Global Symbols

    Symbol Name                              Value     Ov Type        Size  Object(Section)

    BuildAttributes$$THM_ISAv4$P$D$K$B$S$PE$A:L22UL41UL21$X:L11$S22US41US21$IEEE1$IW$~IW$USESV6$~STKCKD$USESV7$~SHL$OTIME$ROPI$EBA8$MICROLIB$REQ8$PRES8$EABIv2 0x00000000   Number         0  anon$$obj.o ABSOLUTE
    __cpp_initialize__aeabi_                  - Undefined Weak Reference
    __cxa_finalize                            - Undefined Weak Reference
    __decompress                              - Undefined Weak Reference
    _clock_init                               - Undefined Weak Reference
    _microlib_exit                            - Undefined Weak Reference
    __Vectors_Size                           0x00000168   Number         0  startup_gd32f1x0.o ABSOLUTE
    __Vectors                                0x08000000   Data           4  startup_gd32f1x0.o(RESET)
    __Vectors_End                            0x08000168   Data           0  startup_gd32f1x0.o(RESET)
    __main                                   0x08000169   Thumb Code     0  entry.o(.ARM.Collect$$$$00000000)
    _main_stk                                0x08000169   Thumb Code     0  entry2.o(.ARM.Collect$$$$00000001)
    _main_scatterload                        0x0800016d   Thumb Code     0  entry5.o(.ARM.Collect$$$$00000004)
    __main_after_scatterload                 0x08000171   Thumb Code     0  entry5.o(.ARM.Collect$$$$00000004)
    _main_clock                              0x08000171   Thumb Code     0  entry7b.o(.ARM.Collect$$$$00000008)
    _main_cpp_init                           0x08000171   Thumb Code     0  entry8b.o(.ARM.Collect$$$$0000000A)
    _main_init                               0x08000171   Thumb Code     0  entry9a.o(.ARM.Collect$$$$0000000B)
    __rt_final_cpp                           0x08000179   Thumb Code     0  entry10a.o(.ARM.Collect$$$$0000000D)
    __rt_final_exit                          0x08000179   Thumb Code     0  entry11a.o(.ARM.Collect$$$$0000000F)
    main                                     0x0800017d   Thumb Code  1234  main.o(.text)
    ShowBatteryState                         0x08000651   Thumb Code   102  main.o(.text)
    BeepsBackwards                           0x080006b9   Thumb Code    60  main.o(.text)
    ShutOff                                  0x080006f5   Thumb Code   102  main.o(.text)
    blockPWM                                 0x0800075d   Thumb Code   106  bldc.o(.text)
    SetEnable                                0x080007c9   Thumb Code    12  bldc.o(.text)
    SetPWM                                   0x080007d5   Thumb Code    38  bldc.o(.text)
    CalculateBLDC                            0x080007fd   Thumb Code   860  bldc.o(.text)
    Interrupt_init                           0x08000b59   Thumb Code     8  setup.o(.text)
    Watchdog_init                            0x08000b61   Thumb Code    56  setup.o(.text)
    TimeoutTimer_init                        0x08000b99   Thumb Code    92  setup.o(.text)
    GPIO_init                                0x08000bf5   Thumb Code   786  setup.o(.text)
    PWM_init                                 0x08000f09   Thumb Code   372  setup.o(.text)
    ADC_init                                 0x0800107d   Thumb Code   234  setup.o(.text)
    USART_MasterSlave_init                   0x08001169   Thumb Code   204  setup.o(.text)
    USART_Steer_COM_init                     0x08001235   Thumb Code   204  setup.o(.text)
    SysTick_Handler                          0x08001301   Thumb Code    16  it.o(.text)
    ResetTimeout                             0x08001311   Thumb Code    14  it.o(.text)
    TIMER13_IRQHandler                       0x08001321   Thumb Code    96  it.o(.text)
    TIMER0_BRK_UP_TRG_COM_IRQHandler         0x08001381   Thumb Code    26  it.o(.text)
    DMA_Channel0_IRQHandler                  0x0800139d   Thumb Code    32  it.o(.text)
    DMA_Channel1_2_IRQHandler                0x080013bd   Thumb Code    32  it.o(.text)
    DMA_Channel3_4_IRQHandler                0x080013dd   Thumb Code    32  it.o(.text)
    millis                                   0x080013fd   Thumb Code    12  it.o(.text)
    Delay                                    0x08001409   Thumb Code    28  it.o(.text)
    NMI_Handler                              0x08001425   Thumb Code     2  it.o(.text)
    HardFault_Handler                        0x08001429   Thumb Code     2  it.o(.text)
    MemManage_Handler                        0x0800142d   Thumb Code     2  it.o(.text)
    BusFault_Handler                         0x08001431   Thumb Code     2  it.o(.text)
    UsageFault_Handler                       0x08001435   Thumb Code     2  it.o(.text)
    SVC_Handler                              0x08001439   Thumb Code     2  it.o(.text)
    DebugMon_Handler                         0x0800143d   Thumb Code     2  it.o(.text)
    PendSV_Handler                           0x08001441   Thumb Code     2  it.o(.text)
    SendBuffer                               0x08001445   Thumb Code    48  comms.o(.text)
    CalcCRC                                  0x08001475   Thumb Code    60  comms.o(.text)
    SendSteerDevice                          0x080014b1   Thumb Code   170  commssteering.o(.text)
    UpdateUSARTSteerInput                    0x0800155d   Thumb Code   118  commssteering.o(.text)
    UpdateUSARTMasterSlaveInput              0x080015d5   Thumb Code   174  commsmasterslave.o(.text)
    ProessReceived                           0x08001685   Thumb Code   100  commsmasterslave.o(.text)
    SendSlave                                0x080016e9   Thumb Code    98  commsmasterslave.o(.text)
    adc_deinit                               0x0800174d   Thumb Code    22  gd32f1x0_adc.o(.text)
    adc_enable                               0x08001765   Thumb Code    26  gd32f1x0_adc.o(.text)
    adc_disable                              0x08001781   Thumb Code    18  gd32f1x0_adc.o(.text)
    adc_calibration_enable                   0x08001795   Thumb Code    40  gd32f1x0_adc.o(.text)
    adc_dma_mode_enable                      0x080017bd   Thumb Code    18  gd32f1x0_adc.o(.text)
    adc_dma_mode_disable                     0x080017d1   Thumb Code    18  gd32f1x0_adc.o(.text)
    adc_tempsensor_vrefint_enable            0x080017e5   Thumb Code    18  gd32f1x0_adc.o(.text)
    adc_tempsensor_vrefint_disable           0x080017f9   Thumb Code    18  gd32f1x0_adc.o(.text)
    adc_vbat_enable                          0x0800180d   Thumb Code    18  gd32f1x0_adc.o(.text)
    adc_vbat_disable                         0x08001821   Thumb Code    18  gd32f1x0_adc.o(.text)
    adc_discontinuous_mode_config            0x08001835   Thumb Code    68  gd32f1x0_adc.o(.text)
    adc_special_function_config              0x08001879   Thumb Code   100  gd32f1x0_adc.o(.text)
    adc_data_alignment_config                0x080018dd   Thumb Code    26  gd32f1x0_adc.o(.text)
    adc_channel_length_config                0x080018f9   Thumb Code    82  gd32f1x0_adc.o(.text)
    adc_regular_channel_config               0x0800194d   Thumb Code   180  gd32f1x0_adc.o(.text)
    adc_inserted_channel_config              0x08001a01   Thumb Code   114  gd32f1x0_adc.o(.text)
    adc_inserted_channel_offset_config       0x08001a75   Thumb Code    32  gd32f1x0_adc.o(.text)
    adc_external_trigger_config              0x08001a95   Thumb Code    72  gd32f1x0_adc.o(.text)
    adc_external_trigger_source_config       0x08001add   Thumb Code    42  gd32f1x0_adc.o(.text)
    adc_software_trigger_enable              0x08001b09   Thumb Code    36  gd32f1x0_adc.o(.text)
    adc_regular_data_read                    0x08001b2d   Thumb Code    14  gd32f1x0_adc.o(.text)
    adc_inserted_data_read                   0x08001b3d   Thumb Code    74  gd32f1x0_adc.o(.text)
    adc_flag_get                             0x08001b89   Thumb Code    18  gd32f1x0_adc.o(.text)
    adc_flag_clear                           0x08001b9d   Thumb Code    18  gd32f1x0_adc.o(.text)
    adc_interrupt_flag_get                   0x08001bb1   Thumb Code    56  gd32f1x0_adc.o(.text)
    adc_interrupt_flag_clear                 0x08001be9   Thumb Code    18  gd32f1x0_adc.o(.text)
    adc_interrupt_enable                     0x08001bfd   Thumb Code    48  gd32f1x0_adc.o(.text)
    adc_interrupt_disable                    0x08001c2d   Thumb Code    48  gd32f1x0_adc.o(.text)
    adc_watchdog_single_channel_enable       0x08001c5d   Thumb Code    42  gd32f1x0_adc.o(.text)
    adc_watchdog_group_channel_enable        0x08001c89   Thumb Code    48  gd32f1x0_adc.o(.text)
    adc_watchdog_disable                     0x08001cc5   Thumb Code    24  gd32f1x0_adc.o(.text)
    adc_watchdog_threshold_config            0x08001cdd   Thumb Code    22  gd32f1x0_adc.o(.text)
    dma_deinit                               0x08001cf5   Thumb Code    48  gd32f1x0_dma.o(.text)
    dma_struct_para_init                     0x08001d25   Thumb Code    24  gd32f1x0_dma.o(.text)
    dma_init                                 0x08001d3d   Thumb Code   122  gd32f1x0_dma.o(.text)
    dma_circulation_enable                   0x08001db9   Thumb Code    24  gd32f1x0_dma.o(.text)
    dma_circulation_disable                  0x08001dd1   Thumb Code    24  gd32f1x0_dma.o(.text)
    dma_memory_to_memory_enable              0x08001de9   Thumb Code    24  gd32f1x0_dma.o(.text)
    dma_memory_to_memory_disable             0x08001e01   Thumb Code    24  gd32f1x0_dma.o(.text)
    dma_channel_enable                       0x08001e19   Thumb Code    24  gd32f1x0_dma.o(.text)
    dma_channel_disable                      0x08001e31   Thumb Code    24  gd32f1x0_dma.o(.text)
    dma_periph_address_config                0x08001e49   Thumb Code    16  gd32f1x0_dma.o(.text)
    dma_memory_address_config                0x08001e59   Thumb Code    16  gd32f1x0_dma.o(.text)
    dma_transfer_number_config               0x08001e69   Thumb Code    16  gd32f1x0_dma.o(.text)
    dma_transfer_number_get                  0x08001e79   Thumb Code    16  gd32f1x0_dma.o(.text)
    dma_priority_config                      0x08001e89   Thumb Code    26  gd32f1x0_dma.o(.text)
    dma_memory_width_config                  0x08001ea5   Thumb Code    26  gd32f1x0_dma.o(.text)
    dma_periph_width_config                  0x08001ec1   Thumb Code    26  gd32f1x0_dma.o(.text)
    dma_memory_increase_enable               0x08001edd   Thumb Code    24  gd32f1x0_dma.o(.text)
    dma_memory_increase_disable              0x08001ef5   Thumb Code    24  gd32f1x0_dma.o(.text)
    dma_periph_increase_enable               0x08001f0d   Thumb Code    24  gd32f1x0_dma.o(.text)
    dma_periph_increase_disable              0x08001f25   Thumb Code    24  gd32f1x0_dma.o(.text)
    dma_transfer_direction_config            0x08001f3d   Thumb Code    30  gd32f1x0_dma.o(.text)
    dma_interrupt_flag_get                   0x08001f5d   Thumb Code   116  gd32f1x0_dma.o(.text)
    dma_interrupt_flag_clear                 0x08001fd1   Thumb Code    20  gd32f1x0_dma.o(.text)
    dma_interrupt_enable                     0x08001fe5   Thumb Code    22  gd32f1x0_dma.o(.text)
    dma_interrupt_disable                    0x08001ffd   Thumb Code    24  gd32f1x0_dma.o(.text)
    dma_flag_get                             0x08002015   Thumb Code    22  gd32f1x0_dma.o(.text)
    dma_flag_clear                           0x0800202d   Thumb Code    20  gd32f1x0_dma.o(.text)
    fwdgt_write_disable                      0x08002041   Thumb Code    14  gd32f1x0_fwdgt.o(.text)
    fwdgt_counter_reload                     0x08002051   Thumb Code    16  gd32f1x0_fwdgt.o(.text)
    fwdgt_enable                             0x08002061   Thumb Code    16  gd32f1x0_fwdgt.o(.text)
    fwdgt_window_value_config                0x08002071   Thumb Code    52  gd32f1x0_fwdgt.o(.text)
    fwdgt_config                             0x080020a5   Thumb Code   100  gd32f1x0_fwdgt.o(.text)
    fwdgt_flag_get                           0x08002109   Thumb Code    18  gd32f1x0_fwdgt.o(.text)
    gpio_deinit                              0x0800211d   Thumb Code    58  gd32f1x0_gpio.o(.text)
    gpio_mode_set                            0x08002159   Thumb Code    84  gd32f1x0_gpio.o(.text)
    gpio_output_options_set                  0x080021ad   Thumb Code    70  gd32f1x0_gpio.o(.text)
    gpio_bit_set                             0x080021f5   Thumb Code     4  gd32f1x0_gpio.o(.text)
    gpio_bit_reset                           0x080021f9   Thumb Code     4  gd32f1x0_gpio.o(.text)
    gpio_bit_write                           0x080021fd   Thumb Code    12  gd32f1x0_gpio.o(.text)
    gpio_port_write                          0x08002209   Thumb Code     4  gd32f1x0_gpio.o(.text)
    gpio_input_bit_get                       0x0800220d   Thumb Code    10  gd32f1x0_gpio.o(.text)
    gpio_input_port_get                      0x08002219   Thumb Code     6  gd32f1x0_gpio.o(.text)
    gpio_output_bit_get                      0x08002221   Thumb Code    10  gd32f1x0_gpio.o(.text)
    gpio_output_port_get                     0x0800222d   Thumb Code     6  gd32f1x0_gpio.o(.text)
    gpio_af_set                              0x08002235   Thumb Code   110  gd32f1x0_gpio.o(.text)
    gpio_pin_lock                            0x080022a5   Thumb Code    16  gd32f1x0_gpio.o(.text)
    nvic_priority_group_set                  0x080022b5   Thumb Code    20  gd32f1x0_misc.o(.text)
    nvic_irq_enable                          0x080022c9   Thumb Code   168  gd32f1x0_misc.o(.text)
    nvic_irq_disable                         0x08002371   Thumb Code    30  gd32f1x0_misc.o(.text)
    nvic_vector_table_set                    0x08002391   Thumb Code    24  gd32f1x0_misc.o(.text)
    system_lowpower_set                      0x080023a9   Thumb Code    16  gd32f1x0_misc.o(.text)
    system_lowpower_reset                    0x080023b9   Thumb Code    18  gd32f1x0_misc.o(.text)
    systick_clksource_set                    0x080023cd   Thumb Code    24  gd32f1x0_misc.o(.text)
    rcu_deinit                               0x080023e5   Thumb Code   112  gd32f1x0_rcu.o(.text)
    rcu_periph_clock_enable                  0x08002455   Thumb Code    30  gd32f1x0_rcu.o(.text)
    rcu_periph_clock_disable                 0x08002475   Thumb Code    32  gd32f1x0_rcu.o(.text)
    rcu_periph_clock_sleep_enable            0x08002495   Thumb Code    30  gd32f1x0_rcu.o(.text)
    rcu_periph_clock_sleep_disable           0x080024b5   Thumb Code    32  gd32f1x0_rcu.o(.text)
    rcu_periph_reset_enable                  0x080024d5   Thumb Code    30  gd32f1x0_rcu.o(.text)
    rcu_periph_reset_disable                 0x080024f5   Thumb Code    32  gd32f1x0_rcu.o(.text)
    rcu_bkp_reset_enable                     0x08002515   Thumb Code    18  gd32f1x0_rcu.o(.text)
    rcu_bkp_reset_disable                    0x08002529   Thumb Code    18  gd32f1x0_rcu.o(.text)
    rcu_system_clock_source_config           0x0800253d   Thumb Code    20  gd32f1x0_rcu.o(.text)
    rcu_system_clock_source_get              0x08002551   Thumb Code    16  gd32f1x0_rcu.o(.text)
    rcu_ahb_clock_config                     0x08002561   Thumb Code    20  gd32f1x0_rcu.o(.text)
    rcu_apb1_clock_config                    0x08002575   Thumb Code    20  gd32f1x0_rcu.o(.text)
    rcu_apb2_clock_config                    0x08002589   Thumb Code    20  gd32f1x0_rcu.o(.text)
    rcu_adc_clock_config                     0x0800259d   Thumb Code    88  gd32f1x0_rcu.o(.text)
    rcu_usbd_clock_config                    0x080025f5   Thumb Code    24  gd32f1x0_rcu.o(.text)
    rcu_ckout_config                         0x0800260d   Thumb Code    22  gd32f1x0_rcu.o(.text)
    rcu_pll_config                           0x08002625   Thumb Code    36  gd32f1x0_rcu.o(.text)
    rcu_usart_clock_config                   0x08002649   Thumb Code    24  gd32f1x0_rcu.o(.text)
    rcu_cec_clock_config                     0x08002661   Thumb Code    24  gd32f1x0_rcu.o(.text)
    rcu_rtc_clock_config                     0x08002679   Thumb Code    24  gd32f1x0_rcu.o(.text)
    rcu_hxtal_prediv_config                  0x08002691   Thumb Code    20  gd32f1x0_rcu.o(.text)
    rcu_lxtal_drive_capability_config        0x080026a5   Thumb Code    24  gd32f1x0_rcu.o(.text)
    rcu_flag_get                             0x080026bd   Thumb Code    26  gd32f1x0_rcu.o(.text)
    rcu_all_reset_flag_clear                 0x080026d9   Thumb Code    18  gd32f1x0_rcu.o(.text)
    rcu_interrupt_flag_get                   0x080026ed   Thumb Code    18  gd32f1x0_rcu.o(.text)
    rcu_interrupt_flag_clear                 0x08002701   Thumb Code    16  gd32f1x0_rcu.o(.text)
    rcu_interrupt_enable                     0x08002711   Thumb Code    16  gd32f1x0_rcu.o(.text)
    rcu_interrupt_disable                    0x08002721   Thumb Code    18  gd32f1x0_rcu.o(.text)
    rcu_osci_stab_wait                       0x08002735   Thumb Code   324  gd32f1x0_rcu.o(.text)
    rcu_osci_on                              0x08002879   Thumb Code    30  gd32f1x0_rcu.o(.text)
    rcu_osci_off                             0x08002899   Thumb Code    32  gd32f1x0_rcu.o(.text)
    rcu_osci_bypass_mode_enable              0x080028b9   Thumb Code    64  gd32f1x0_rcu.o(.text)
    rcu_osci_bypass_mode_disable             0x080028f9   Thumb Code    64  gd32f1x0_rcu.o(.text)
    rcu_hxtal_clock_monitor_enable           0x08002939   Thumb Code    18  gd32f1x0_rcu.o(.text)
    rcu_hxtal_clock_monitor_disable          0x0800294d   Thumb Code    18  gd32f1x0_rcu.o(.text)
    rcu_irc8m_adjust_value_set               0x08002961   Thumb Code    22  gd32f1x0_rcu.o(.text)
    rcu_irc14m_adjust_value_set              0x08002979   Thumb Code    22  gd32f1x0_rcu.o(.text)
    rcu_voltage_key_unlock                   0x08002991   Thumb Code    30  gd32f1x0_rcu.o(.text)
    rcu_deepsleep_voltage_set                0x080029b1   Thumb Code    24  gd32f1x0_rcu.o(.text)
    rcu_power_down_voltage_set               0x080029c9   Thumb Code    24  gd32f1x0_rcu.o(.text)
    rcu_clock_freq_get                       0x080029e1   Thumb Code   292  gd32f1x0_rcu.o(.text)
    timer_deinit                             0x08002b15   Thumb Code   194  gd32f1x0_timer.o(.text)
    timer_struct_para_init                   0x08002bd9   Thumb Code    16  gd32f1x0_timer.o(.text)
    timer_init                               0x08002be9   Thumb Code   212  gd32f1x0_timer.o(.text)
    timer_enable                             0x08002cbd   Thumb Code    10  gd32f1x0_timer.o(.text)
    timer_disable                            0x08002cc9   Thumb Code    10  gd32f1x0_timer.o(.text)
    timer_auto_reload_shadow_enable          0x08002cd5   Thumb Code    10  gd32f1x0_timer.o(.text)
    timer_auto_reload_shadow_disable         0x08002ce1   Thumb Code    10  gd32f1x0_timer.o(.text)
    timer_update_event_enable                0x08002ced   Thumb Code    10  gd32f1x0_timer.o(.text)
    timer_update_event_disable               0x08002cf9   Thumb Code    10  gd32f1x0_timer.o(.text)
    timer_counter_alignment                  0x08002d05   Thumb Code    16  gd32f1x0_timer.o(.text)
    timer_counter_up_direction               0x08002d15   Thumb Code    10  gd32f1x0_timer.o(.text)
    timer_counter_down_direction             0x08002d21   Thumb Code    10  gd32f1x0_timer.o(.text)
    timer_prescaler_config                   0x08002d2d   Thumb Code    18  gd32f1x0_timer.o(.text)
    timer_repetition_value_config            0x08002d41   Thumb Code     4  gd32f1x0_timer.o(.text)
    timer_autoreload_value_config            0x08002d45   Thumb Code     4  gd32f1x0_timer.o(.text)
    timer_counter_value_config               0x08002d49   Thumb Code     4  gd32f1x0_timer.o(.text)
    timer_counter_read                       0x08002d4d   Thumb Code     4  gd32f1x0_timer.o(.text)
    timer_prescaler_read                     0x08002d51   Thumb Code     6  gd32f1x0_timer.o(.text)
    timer_single_pulse_mode_config           0x08002d59   Thumb Code    30  gd32f1x0_timer.o(.text)
    timer_update_source_config               0x08002d79   Thumb Code    30  gd32f1x0_timer.o(.text)
    timer_ocpre_clear_source_config          0x08002d99   Thumb Code    28  gd32f1x0_timer.o(.text)
    timer_interrupt_enable                   0x08002db5   Thumb Code     8  gd32f1x0_timer.o(.text)
    timer_interrupt_disable                  0x08002dbd   Thumb Code    10  gd32f1x0_timer.o(.text)
    timer_interrupt_flag_get                 0x08002dc9   Thumb Code    22  gd32f1x0_timer.o(.text)
    timer_interrupt_flag_clear               0x08002de1   Thumb Code     6  gd32f1x0_timer.o(.text)
    timer_flag_get                           0x08002de9   Thumb Code    10  gd32f1x0_timer.o(.text)
    timer_flag_clear                         0x08002df5   Thumb Code     6  gd32f1x0_timer.o(.text)
    timer_dma_enable                         0x08002dfd   Thumb Code     8  gd32f1x0_timer.o(.text)
    timer_dma_disable                        0x08002e05   Thumb Code    10  gd32f1x0_timer.o(.text)
    timer_channel_dma_request_source_select  0x08002e11   Thumb Code    30  gd32f1x0_timer.o(.text)
    timer_dma_transfer_config                0x08002e31   Thumb Code    24  gd32f1x0_timer.o(.text)
    timer_event_software_generate            0x08002e49   Thumb Code     8  gd32f1x0_timer.o(.text)
    timer_break_struct_para_init             0x08002e51   Thumb Code    16  gd32f1x0_timer.o(.text)
    timer_break_config                       0x08002e61   Thumb Code    36  gd32f1x0_timer.o(.text)
    timer_break_enable                       0x08002e85   Thumb Code    10  gd32f1x0_timer.o(.text)
    timer_break_disable                      0x08002e91   Thumb Code    10  gd32f1x0_timer.o(.text)
    timer_automatic_output_enable            0x08002e9d   Thumb Code    10  gd32f1x0_timer.o(.text)
    timer_automatic_output_disable           0x08002ea9   Thumb Code    10  gd32f1x0_timer.o(.text)
    timer_primary_output_config              0x08002eb5   Thumb Code    18  gd32f1x0_timer.o(.text)
    timer_channel_control_shadow_config      0x08002ec9   Thumb Code    16  gd32f1x0_timer.o(.text)
    timer_channel_control_shadow_update_config 0x08002ed9   Thumb Code    30  gd32f1x0_timer.o(.text)
    timer_channel_output_struct_para_init    0x08002ef9   Thumb Code    12  gd32f1x0_timer.o(.text)
    timer_channel_output_config              0x08002f05   Thumb Code   550  gd32f1x0_timer.o(.text)
    timer_channel_output_mode_config         0x0800312d   Thumb Code    58  gd32f1x0_timer.o(.text)
    timer_channel_output_pulse_value_config  0x08003169   Thumb Code    12  gd32f1x0_timer.o(.text)
    timer_channel_output_shadow_config       0x08003175   Thumb Code    58  gd32f1x0_timer.o(.text)
    timer_channel_output_fast_config         0x080031b1   Thumb Code    58  gd32f1x0_timer.o(.text)
    timer_channel_output_clear_config        0x080031ed   Thumb Code    58  gd32f1x0_timer.o(.text)
    timer_channel_output_polarity_config     0x08003229   Thumb Code    74  gd32f1x0_timer.o(.text)
    timer_channel_complementary_output_polarity_config 0x08003275   Thumb Code    74  gd32f1x0_timer.o(.text)
    timer_channel_output_state_config        0x080032c1   Thumb Code    74  gd32f1x0_timer.o(.text)
    timer_channel_complementary_output_state_config 0x0800330d   Thumb Code    60  gd32f1x0_timer.o(.text)
    timer_channel_input_struct_para_init     0x08003349   Thumb Code    12  gd32f1x0_timer.o(.text)
    timer_input_capture_config               0x08003355   Thumb Code   346  gd32f1x0_timer.o(.text)
    timer_channel_input_capture_prescaler_config 0x080034b1   Thumb Code    58  gd32f1x0_timer.o(.text)
    timer_channel_capture_value_register_read 0x080034ed   Thumb Code    14  gd32f1x0_timer.o(.text)
    timer_input_pwm_capture_config           0x080034fd   Thumb Code   356  gd32f1x0_timer.o(.text)
    timer_hall_mode_config                   0x08003661   Thumb Code    30  gd32f1x0_timer.o(.text)
    timer_input_trigger_source_select        0x08003681   Thumb Code    16  gd32f1x0_timer.o(.text)
    timer_master_output_trigger_source_select 0x08003691   Thumb Code    16  gd32f1x0_timer.o(.text)
    timer_slave_mode_select                  0x080036a1   Thumb Code    16  gd32f1x0_timer.o(.text)
    timer_master_slave_mode_config           0x080036b1   Thumb Code    30  gd32f1x0_timer.o(.text)
    timer_external_trigger_config            0x080036d1   Thumb Code    34  gd32f1x0_timer.o(.text)
    timer_quadrature_decoder_mode_config     0x080036f5   Thumb Code    78  gd32f1x0_timer.o(.text)
    timer_internal_clock_config              0x08003745   Thumb Code    10  gd32f1x0_timer.o(.text)
    timer_internal_trigger_as_external_clock_config 0x08003751   Thumb Code    32  gd32f1x0_timer.o(.text)
    timer_external_trigger_as_external_clock_config 0x08003771   Thumb Code   148  gd32f1x0_timer.o(.text)
    timer_external_clock_mode0_config        0x08003805   Thumb Code    50  gd32f1x0_timer.o(.text)
    timer_external_clock_mode1_config        0x08003839   Thumb Code    42  gd32f1x0_timer.o(.text)
    timer_external_clock_mode1_disable       0x08003865   Thumb Code    10  gd32f1x0_timer.o(.text)
    timer_channel_remap_config               0x08003871   Thumb Code     4  gd32f1x0_timer.o(.text)
    usart_deinit                             0x08003875   Thumb Code    54  gd32f1x0_usart.o(.text)
    usart_baudrate_set                       0x080038ad   Thumb Code    90  gd32f1x0_usart.o(.text)
    usart_parity_config                      0x08003909   Thumb Code    24  gd32f1x0_usart.o(.text)
    usart_word_length_set                    0x08003921   Thumb Code    24  gd32f1x0_usart.o(.text)
    usart_stop_bit_set                       0x08003939   Thumb Code    24  gd32f1x0_usart.o(.text)
    usart_enable                             0x08003951   Thumb Code    10  gd32f1x0_usart.o(.text)
    usart_disable                            0x0800395d   Thumb Code    10  gd32f1x0_usart.o(.text)
    usart_transmit_config                    0x08003969   Thumb Code    16  gd32f1x0_usart.o(.text)
    usart_receive_config                     0x08003979   Thumb Code    16  gd32f1x0_usart.o(.text)
    usart_data_transmit                      0x08003989   Thumb Code     8  gd32f1x0_usart.o(.text)
    usart_data_receive                       0x08003991   Thumb Code     8  gd32f1x0_usart.o(.text)
    usart_data_first_config                  0x08003999   Thumb Code    28  gd32f1x0_usart.o(.text)
    usart_invert_config                      0x080039b5   Thumb Code   106  gd32f1x0_usart.o(.text)
    usart_overrun_enable                     0x08003a21   Thumb Code    18  gd32f1x0_usart.o(.text)
    usart_overrun_disable                    0x08003a35   Thumb Code    18  gd32f1x0_usart.o(.text)
    usart_oversample_config                  0x08003a49   Thumb Code    24  gd32f1x0_usart.o(.text)
    usart_sample_bit_config                  0x08003a61   Thumb Code    24  gd32f1x0_usart.o(.text)
    usart_autobaud_detection_enable          0x08003a79   Thumb Code    10  gd32f1x0_usart.o(.text)
    usart_autobaud_detection_disable         0x08003a85   Thumb Code    10  gd32f1x0_usart.o(.text)
    usart_autobaud_detection_mode_config     0x08003a91   Thumb Code    16  gd32f1x0_usart.o(.text)
    usart_mute_mode_enable                   0x08003aa1   Thumb Code    10  gd32f1x0_usart.o(.text)
    usart_mute_mode_disable                  0x08003aad   Thumb Code    10  gd32f1x0_usart.o(.text)
    usart_mute_mode_wakeup_config            0x08003ab9   Thumb Code    24  gd32f1x0_usart.o(.text)
    usart_address_detection_mode_config      0x08003ad1   Thumb Code    28  gd32f1x0_usart.o(.text)
    usart_address_config                     0x08003aed   Thumb Code    26  gd32f1x0_usart.o(.text)
    usart_receiver_timeout_enable            0x08003b09   Thumb Code    10  gd32f1x0_usart.o(.text)
    usart_receiver_timeout_disable           0x08003b15   Thumb Code    10  gd32f1x0_usart.o(.text)
    usart_receiver_timeout_config            0x08003b21   Thumb Code    16  gd32f1x0_usart.o(.text)
    usart_lin_mode_enable                    0x08003b31   Thumb Code    18  gd32f1x0_usart.o(.text)
    usart_lin_mode_disable                   0x08003b45   Thumb Code    18  gd32f1x0_usart.o(.text)
    usart_lin_break_detection_length_config  0x08003b59   Thumb Code    20  gd32f1x0_usart.o(.text)
    usart_halfduplex_enable                  0x08003b6d   Thumb Code    18  gd32f1x0_usart.o(.text)
    usart_halfduplex_disable                 0x08003b81   Thumb Code    18  gd32f1x0_usart.o(.text)
    usart_clock_enable                       0x08003b95   Thumb Code    18  gd32f1x0_usart.o(.text)
    usart_clock_disable                      0x08003ba9   Thumb Code    18  gd32f1x0_usart.o(.text)
    usart_synchronous_clock_config           0x08003bbd   Thumb Code    60  gd32f1x0_usart.o(.text)
    usart_smartcard_mode_enable              0x08003bf9   Thumb Code    18  gd32f1x0_usart.o(.text)
    usart_smartcard_mode_disable             0x08003c0d   Thumb Code    18  gd32f1x0_usart.o(.text)
    usart_smartcard_mode_nack_enable         0x08003c21   Thumb Code    18  gd32f1x0_usart.o(.text)
    usart_smartcard_mode_nack_disable        0x08003c35   Thumb Code    18  gd32f1x0_usart.o(.text)
    usart_guard_time_config                  0x08003c49   Thumb Code    28  gd32f1x0_usart.o(.text)
    usart_block_length_config                0x08003c65   Thumb Code    18  gd32f1x0_usart.o(.text)
    usart_smartcard_autoretry_config         0x08003c79   Thumb Code    30  gd32f1x0_usart.o(.text)
    usart_irda_mode_enable                   0x08003c99   Thumb Code    18  gd32f1x0_usart.o(.text)
    usart_irda_mode_disable                  0x08003cad   Thumb Code    18  gd32f1x0_usart.o(.text)
    usart_irda_lowpower_config               0x08003cc1   Thumb Code    20  gd32f1x0_usart.o(.text)
    usart_prescaler_config                   0x08003cd5   Thumb Code    24  gd32f1x0_usart.o(.text)
    usart_hardware_flow_rts_config           0x08003ced   Thumb Code    24  gd32f1x0_usart.o(.text)
    usart_hardware_flow_cts_config           0x08003d05   Thumb Code    24  gd32f1x0_usart.o(.text)
    usart_rs485_driver_enable                0x08003d1d   Thumb Code    18  gd32f1x0_usart.o(.text)
    usart_rs485_driver_disable               0x08003d31   Thumb Code    18  gd32f1x0_usart.o(.text)
    usart_driver_assertime_config            0x08003d45   Thumb Code    30  gd32f1x0_usart.o(.text)
    usart_driver_deassertime_config          0x08003d65   Thumb Code    30  gd32f1x0_usart.o(.text)
    usart_depolarity_config                  0x08003d85   Thumb Code    28  gd32f1x0_usart.o(.text)
    usart_dma_receive_config                 0x08003da1   Thumb Code    16  gd32f1x0_usart.o(.text)
    usart_dma_transmit_config                0x08003db1   Thumb Code    16  gd32f1x0_usart.o(.text)
    usart_reception_error_dma_disable        0x08003dc1   Thumb Code    18  gd32f1x0_usart.o(.text)
    usart_reception_error_dma_enable         0x08003dd5   Thumb Code    18  gd32f1x0_usart.o(.text)
    usart_wakeup_enable                      0x08003de9   Thumb Code    10  gd32f1x0_usart.o(.text)
    usart_wakeup_disable                     0x08003df5   Thumb Code    10  gd32f1x0_usart.o(.text)
    usart_wakeup_mode_config                 0x08003e01   Thumb Code    28  gd32f1x0_usart.o(.text)
    usart_flag_get                           0x08003e1d   Thumb Code    16  gd32f1x0_usart.o(.text)
    usart_flag_clear                         0x08003e2d   Thumb Code    18  gd32f1x0_usart.o(.text)
    usart_interrupt_enable                   0x08003e41   Thumb Code    24  gd32f1x0_usart.o(.text)
    usart_interrupt_disable                  0x08003e59   Thumb Code    26  gd32f1x0_usart.o(.text)
    usart_command_enable                     0x08003e75   Thumb Code     8  gd32f1x0_usart.o(.text)
    usart_interrupt_flag_get                 0x08003e7d   Thumb Code    34  gd32f1x0_usart.o(.text)
    usart_interrupt_flag_clear               0x08003ea1   Thumb Code    18  gd32f1x0_usart.o(.text)
    Reset_Handler                            0x08003eb5   Thumb Code     8  startup_gd32f1x0.o(.text)
    ADC_CMP_IRQHandler                       0x08003ecf   Thumb Code     0  startup_gd32f1x0.o(.text)
    CAN0_RX0_IRQHandler                      0x08003ecf   Thumb Code     0  startup_gd32f1x0.o(.text)
    CAN0_RX1_IRQHandler                      0x08003ecf   Thumb Code     0  startup_gd32f1x0.o(.text)
    CAN0_SCE_IRQHandler                      0x08003ecf   Thumb Code     0  startup_gd32f1x0.o(.text)
    CAN0_TX_IRQHandler                       0x08003ecf   Thumb Code     0  startup_gd32f1x0.o(.text)
    CAN1_RX0_IRQHandler                      0x08003ecf   Thumb Code     0  startup_gd32f1x0.o(.text)
    CAN1_RX1_IRQHandler                      0x08003ecf   Thumb Code     0  startup_gd32f1x0.o(.text)
    CAN1_SCE_IRQHandler                      0x08003ecf   Thumb Code     0  startup_gd32f1x0.o(.text)
    CAN1_TX_IRQHandler                       0x08003ecf   Thumb Code     0  startup_gd32f1x0.o(.text)
    CEC_IRQHandler                           0x08003ecf   Thumb Code     0  startup_gd32f1x0.o(.text)
    DMA_Channel5_6_IRQHandler                0x08003ecf   Thumb Code     0  startup_gd32f1x0.o(.text)
    EXTI0_1_IRQHandler                       0x08003ecf   Thumb Code     0  startup_gd32f1x0.o(.text)
    EXTI2_3_IRQHandler                       0x08003ecf   Thumb Code     0  startup_gd32f1x0.o(.text)
    EXTI4_15_IRQHandler                      0x08003ecf   Thumb Code     0  startup_gd32f1x0.o(.text)
    FMC_IRQHandler                           0x08003ecf   Thumb Code     0  startup_gd32f1x0.o(.text)
    I2C0_ER_IRQHandler                       0x08003ecf   Thumb Code     0  startup_gd32f1x0.o(.text)
    I2C0_EV_IRQHandler                       0x08003ecf   Thumb Code     0  startup_gd32f1x0.o(.text)
    I2C1_ER_IRQHandler                       0x08003ecf   Thumb Code     0  startup_gd32f1x0.o(.text)
    I2C1_EV_IRQHandler                       0x08003ecf   Thumb Code     0  startup_gd32f1x0.o(.text)
    I2C2_ER_IRQHandler                       0x08003ecf   Thumb Code     0  startup_gd32f1x0.o(.text)
    I2C2_EV_IRQHandler                       0x08003ecf   Thumb Code     0  startup_gd32f1x0.o(.text)
    LVD_IRQHandler                           0x08003ecf   Thumb Code     0  startup_gd32f1x0.o(.text)
    RCU_IRQHandler                           0x08003ecf   Thumb Code     0  startup_gd32f1x0.o(.text)
    RTC_IRQHandler                           0x08003ecf   Thumb Code     0  startup_gd32f1x0.o(.text)
    SLCD_IRQHandler                          0x08003ecf   Thumb Code     0  startup_gd32f1x0.o(.text)
    SPI0_IRQHandler                          0x08003ecf   Thumb Code     0  startup_gd32f1x0.o(.text)
    SPI1_IRQHandler                          0x08003ecf   Thumb Code     0  startup_gd32f1x0.o(.text)
    SPI2_IRQHandler                          0x08003ecf   Thumb Code     0  startup_gd32f1x0.o(.text)
    TIMER0_Channel_IRQHandler                0x08003ecf   Thumb Code     0  startup_gd32f1x0.o(.text)
    TIMER14_IRQHandler                       0x08003ecf   Thumb Code     0  startup_gd32f1x0.o(.text)
    TIMER15_IRQHandler                       0x08003ecf   Thumb Code     0  startup_gd32f1x0.o(.text)
    TIMER16_IRQHandler                       0x08003ecf   Thumb Code     0  startup_gd32f1x0.o(.text)
    TIMER1_IRQHandler                        0x08003ecf   Thumb Code     0  startup_gd32f1x0.o(.text)
    TIMER2_IRQHandler                        0x08003ecf   Thumb Code     0  startup_gd32f1x0.o(.text)
    TIMER5_DAC_IRQHandler                    0x08003ecf   Thumb Code     0  startup_gd32f1x0.o(.text)
    TSI_IRQHandler                           0x08003ecf   Thumb Code     0  startup_gd32f1x0.o(.text)
    USART0_IRQHandler                        0x08003ecf   Thumb Code     0  startup_gd32f1x0.o(.text)
    USART1_IRQHandler                        0x08003ecf   Thumb Code     0  startup_gd32f1x0.o(.text)
    USBDWakeUp_IRQHandler                    0x08003ecf   Thumb Code     0  startup_gd32f1x0.o(.text)
    USBD_HP_IRQHandler                       0x08003ecf   Thumb Code     0  startup_gd32f1x0.o(.text)
    USBD_LP_IRQHandler                       0x08003ecf   Thumb Code     0  startup_gd32f1x0.o(.text)
    WWDGT_IRQHandler                         0x08003ecf   Thumb Code     0  startup_gd32f1x0.o(.text)
    SystemInit                               0x08003ed9   Thumb Code   188  system_gd32f1x0.o(.text)
    SystemCoreClockUpdate                    0x08003f95   Thumb Code   112  system_gd32f1x0.o(.text)
    __aeabi_fadd                             0x08004015   Thumb Code   164  fadd.o(.text)
    __aeabi_fsub                             0x080040b9   Thumb Code     6  fadd.o(.text)
    __aeabi_frsub                            0x080040bf   Thumb Code     6  fadd.o(.text)
    __aeabi_fmul                             0x080040c5   Thumb Code   100  fmul.o(.text)
    __aeabi_fdiv                             0x08004129   Thumb Code   124  fdiv.o(.text)
    __aeabi_dadd                             0x080041a5   Thumb Code   322  dadd.o(.text)
    __aeabi_dsub                             0x080042e7   Thumb Code     6  dadd.o(.text)
    __aeabi_drsub                            0x080042ed   Thumb Code     6  dadd.o(.text)
    __aeabi_dmul                             0x080042f3   Thumb Code   228  dmul.o(.text)
    __aeabi_ddiv                             0x080043d7   Thumb Code   222  ddiv.o(.text)
    __aeabi_fcmple                           0x080044b5   Thumb Code    28  fcmple.o(.text)
    __aeabi_fcmplt                           0x080044d1   Thumb Code    28  fcmplt.o(.text)
    __aeabi_fcmpge                           0x080044ed   Thumb Code    28  fcmpge.o(.text)
    __aeabi_fcmpgt                           0x08004509   Thumb Code    28  fcmpgt.o(.text)
    __aeabi_dcmple                           0x08004525   Thumb Code    54  dcmple.o(.text)
    __aeabi_dcmpge                           0x0800455b   Thumb Code    54  dcmpge.o(.text)
    __aeabi_i2f                              0x08004591   Thumb Code    18  fflti.o(.text)
    __aeabi_ui2f                             0x080045a3   Thumb Code    10  ffltui.o(.text)
    __aeabi_i2d                              0x080045ad   Thumb Code    34  dflti.o(.text)
    __aeabi_ui2d                             0x080045cf   Thumb Code    26  dfltui.o(.text)
    __aeabi_f2iz                             0x080045e9   Thumb Code    50  ffixi.o(.text)
    __aeabi_f2d                              0x0800461b   Thumb Code    38  f2d.o(.text)
    __aeabi_d2f                              0x08004641   Thumb Code    56  d2f.o(.text)
    __aeabi_llsl                             0x08004679   Thumb Code    30  llshl.o(.text)
    _ll_shift_l                              0x08004679   Thumb Code     0  llshl.o(.text)
    __aeabi_lasr                             0x08004697   Thumb Code    36  llsshr.o(.text)
    _ll_sshift_r                             0x08004697   Thumb Code     0  llsshr.o(.text)
    __I$use$fp                               0x080046bb   Thumb Code     0  iusefp.o(.text)
    _float_round                             0x080046bb   Thumb Code    18  fepilogue.o(.text)
    _float_epilogue                          0x080046cd   Thumb Code    92  fepilogue.o(.text)
    _double_round                            0x08004729   Thumb Code    30  depilogue.o(.text)
    _double_epilogue                         0x08004747   Thumb Code   156  depilogue.o(.text)
    __scatterload                            0x080047e5   Thumb Code    28  init.o(.text)
    __scatterload_rt2                        0x080047e5   Thumb Code     0  init.o(.text)
    __aeabi_llsr                             0x08004809   Thumb Code    32  llushr.o(.text)
    _ll_ushift_r                             0x08004809   Thumb Code     0  llushr.o(.text)
    __scatterload_copy                       0x08004829   Thumb Code    14  handlers.o(i.__scatterload_copy)
    __scatterload_null                       0x08004837   Thumb Code     2  handlers.o(i.__scatterload_null)
    __scatterload_zeroinit                   0x08004839   Thumb Code    14  handlers.o(i.__scatterload_zeroinit)
    hall_to_pos                              0x0800485a   Data           8  bldc.o(.rodata.hall_to_pos)
    lookUpTableAngle                         0x08004864   Data         724  main.o(.rodata.lookUpTableAngle)
    Region$$Table$$Base                      0x08004b38   Number         0  anon$$obj.o(Region$$Table)
    Region$$Table$$Limit                     0x08004b58   Number         0  anon$$obj.o(Region$$Table)
    SystemCoreClock                          0x20000000   Data           4  system_gd32f1x0.o(.data.SystemCoreClock)
    batteryVoltage                           0x20000004   Data           4  bldc.o(.data.batteryVoltage)
    beepsBackwards                           0x20000008   Data           1  main.o(.data.beepsBackwards)
    offsetdc                                 0x2000000e   Data           2  bldc.o(.data.offsetdc)
    timedOut                                 0x20000010   Data           1  it.o(.data.timedOut)
    adc_buffer                               0x2000002c   Data           4  bldc.o(.bss.adc_buffer)
    bldc_enable                              0x20000030   Data           1  bldc.o(.bss.bldc_enable)
    bldc_inputFilterPwm                      0x20000032   Data           2  bldc.o(.bss.bldc_inputFilterPwm)
    bldc_outputFilterPwm                     0x20000034   Data           2  bldc.o(.bss.bldc_outputFilterPwm)
    buzzerFreq                               0x20000036   Data           1  bldc.o(.bss.buzzerFreq)
    buzzerPattern                            0x20000037   Data           1  bldc.o(.bss.buzzerPattern)
    buzzerTimer                              0x20000038   Data           2  bldc.o(.bss.buzzerTimer)
    buzzerToggle                             0x2000003a   Data           1  bldc.o(.bss.buzzerToggle)
    currentDC                                0x2000003c   Data           4  bldc.o(.bss.currentDC)
    dma_init_struct_adc                      0x20000040   Data          36  setup.o(.bss.dma_init_struct_adc)
    dma_init_struct_usart                    0x20000064   Data          36  setup.o(.bss.dma_init_struct_usart)
    filter_reg                               0x20000088   Data           4  bldc.o(.bss.filter_reg)
    hall                                     0x2000008c   Data           1  bldc.o(.bss.hall)
    hall_a                                   0x2000008d   Data           1  bldc.o(.bss.hall_a)
    hall_b                                   0x2000008e   Data           1  bldc.o(.bss.hall_b)
    hall_c                                   0x2000008f   Data           1  bldc.o(.bss.hall_c)
    inactivity_timeout_counter               0x20000090   Data           4  main.o(.bss.inactivity_timeout_counter)
    lastPos                                  0x20000094   Data           1  bldc.o(.bss.lastPos)
    msTicks                                  0x20000098   Data           4  it.o(.bss.msTicks)
    oDataSlave                               0x2000009c   Data          12  main.o(.bss.oDataSlave)
    offsetcount                              0x200000a8   Data           2  bldc.o(.bss.offsetcount)
    pos                                      0x200000aa   Data           1  bldc.o(.bss.pos)
    realSpeed                                0x200000ac   Data           4  bldc.o(.bss.realSpeed)
    speed                                    0x200000b0   Data           4  main.o(.bss.speed)
    speedCounter                             0x200000b4   Data           4  bldc.o(.bss.speedCounter)
    steer                                    0x200000b8   Data           4  main.o(.bss.steer)
    steerCounter                             0x200000bc   Data           4  main.o(.bss.steerCounter)
    timeoutCounter_ms                        0x200000c0   Data           4  it.o(.bss.timeoutCounter_ms)
    timeoutTimer_paramter_struct             0x200000c4   Data          16  setup.o(.bss.timeoutTimer_paramter_struct)
    timerBldc_break_parameter_struct         0x200000d4   Data          24  setup.o(.bss.timerBldc_break_parameter_struct)
    timerBldc_oc_parameter_struct            0x200000ec   Data          16  setup.o(.bss.timerBldc_oc_parameter_struct)
    timerBldc_paramter_struct                0x200000fc   Data          16  setup.o(.bss.timerBldc_paramter_struct)
    usartMasterSlave_rx_buf                  0x2000010c   Data           1  setup.o(.bss.usartMasterSlave_rx_buf)
    usartSteer_COM_rx_buf                    0x2000010d   Data           1  setup.o(.bss.usartSteer_COM_rx_buf)
    __initial_sp                             0x20000510   Data           0  startup_gd32f1x0.o(STACK)



==============================================================================

Memory Map of the image

  Image Entry point : 0x08000169

  Load Region LR_IROM1 (Base: 0x08000000, Size: 0x00004b70, Max: 0x00010000, ABSOLUTE)

    Execution Region ER_IROM1 (Exec base: 0x08000000, Load base: 0x08000000, Size: 0x00004b58, Max: 0x00010000, ABSOLUTE)

    Exec Addr    Load Addr    Size         Type   Attr      Idx    E Section Name        Object

    0x08000000   0x08000000   0x00000168   Data   RO          221    RESET               startup_gd32f1x0.o
    0x08000168   0x08000168   0x00000000   Code   RO          238  * .ARM.Collect$$$$00000000  mc_w.l(entry.o)
    0x08000168   0x08000168   0x00000004   Code   RO          279    .ARM.Collect$$$$00000001  mc_w.l(entry2.o)
    0x0800016c   0x0800016c   0x00000004   Code   RO          282    .ARM.Collect$$$$00000004  mc_w.l(entry5.o)
    0x08000170   0x08000170   0x00000000   Code   RO          284    .ARM.Collect$$$$00000008  mc_w.l(entry7b.o)
    0x08000170   0x08000170   0x00000000   Code   RO          286    .ARM.Collect$$$$0000000A  mc_w.l(entry8b.o)
    0x08000170   0x08000170   0x00000008   Code   RO          287    .ARM.Collect$$$$0000000B  mc_w.l(entry9a.o)
    0x08000178   0x08000178   0x00000000   Code   RO          289    .ARM.Collect$$$$0000000D  mc_w.l(entry10a.o)
    0x08000178   0x08000178   0x00000000   Code   RO          291    .ARM.Collect$$$$0000000F  mc_w.l(entry11a.o)
    0x08000178   0x08000178   0x00000004   Code   RO          280    .ARM.Collect$$$$00002712  mc_w.l(entry2.o)
    0x0800017c   0x0800017c   0x000005de   Code   RO            1    .text               main.o
    0x0800075a   0x0800075a   0x00000002   PAD
    0x0800075c   0x0800075c   0x000003fc   Code   RO           19    .text               bldc.o
    0x08000b58   0x08000b58   0x000007a8   Code   RO           51    .text               setup.o
    0x08001300   0x08001300   0x00000142   Code   RO           66    .text               it.o
    0x08001442   0x08001442   0x00000002   PAD
    0x08001444   0x08001444   0x0000006c   Code   RO           77    .text               comms.o
    0x080014b0   0x080014b0   0x00000122   Code   RO           86    .text               commssteering.o
    0x080015d2   0x080015d2   0x00000002   PAD
    0x080015d4   0x080015d4   0x00000176   Code   RO           96    .text               commsmasterslave.o
    0x0800174a   0x0800174a   0x00000002   PAD
    0x0800174c   0x0800174c   0x000005a6   Code   RO          107    .text               gd32f1x0_adc.o
    0x08001cf2   0x08001cf2   0x00000002   PAD
    0x08001cf4   0x08001cf4   0x0000034c   Code   RO          123    .text               gd32f1x0_dma.o
    0x08002040   0x08002040   0x000000da   Code   RO          131    .text               gd32f1x0_fwdgt.o
    0x0800211a   0x0800211a   0x00000002   PAD
    0x0800211c   0x0800211c   0x00000198   Code   RO          139    .text               gd32f1x0_gpio.o
    0x080022b4   0x080022b4   0x00000130   Code   RO          156    .text               gd32f1x0_misc.o
    0x080023e4   0x080023e4   0x00000730   Code   RO          177    .text               gd32f1x0_rcu.o
    0x08002b14   0x08002b14   0x00000d60   Code   RO          194    .text               gd32f1x0_timer.o
    0x08003874   0x08003874   0x0000063e   Code   RO          203    .text               gd32f1x0_usart.o
    0x08003eb2   0x08003eb2   0x00000002   PAD
    0x08003eb4   0x08003eb4   0x00000024   Code   RO          222    .text               startup_gd32f1x0.o
    0x08003ed8   0x08003ed8   0x0000013c   Code   RO          228    .text               system_gd32f1x0.o
    0x08004014   0x08004014   0x000000b0   Code   RO          241    .text               mf_w.l(fadd.o)
    0x080040c4   0x080040c4   0x00000064   Code   RO          243    .text               mf_w.l(fmul.o)
    0x08004128   0x08004128   0x0000007c   Code   RO          245    .text               mf_w.l(fdiv.o)
    0x080041a4   0x080041a4   0x0000014e   Code   RO          247    .text               mf_w.l(dadd.o)
    0x080042f2   0x080042f2   0x000000e4   Code   RO          249    .text               mf_w.l(dmul.o)
    0x080043d6   0x080043d6   0x000000de   Code   RO          251    .text               mf_w.l(ddiv.o)
    0x080044b4   0x080044b4   0x0000001c   Code   RO          253    .text               mf_w.l(fcmple.o)
    0x080044d0   0x080044d0   0x0000001c   Code   RO          255    .text               mf_w.l(fcmplt.o)
    0x080044ec   0x080044ec   0x0000001c   Code   RO          257    .text               mf_w.l(fcmpge.o)
    0x08004508   0x08004508   0x0000001c   Code   RO          259    .text               mf_w.l(fcmpgt.o)
    0x08004524   0x08004524   0x00000036   Code   RO          261    .text               mf_w.l(dcmple.o)
    0x0800455a   0x0800455a   0x00000036   Code   RO          263    .text               mf_w.l(dcmpge.o)
    0x08004590   0x08004590   0x00000012   Code   RO          265    .text               mf_w.l(fflti.o)
    0x080045a2   0x080045a2   0x0000000a   Code   RO          267    .text               mf_w.l(ffltui.o)
    0x080045ac   0x080045ac   0x00000022   Code   RO          269    .text               mf_w.l(dflti.o)
    0x080045ce   0x080045ce   0x0000001a   Code   RO          271    .text               mf_w.l(dfltui.o)
    0x080045e8   0x080045e8   0x00000032   Code   RO          273    .text               mf_w.l(ffixi.o)
    0x0800461a   0x0800461a   0x00000026   Code   RO          275    .text               mf_w.l(f2d.o)
    0x08004640   0x08004640   0x00000038   Code   RO          277    .text               mf_w.l(d2f.o)
    0x08004678   0x08004678   0x0000001e   Code   RO          293    .text               mc_w.l(llshl.o)
    0x08004696   0x08004696   0x00000024   Code   RO          295    .text               mc_w.l(llsshr.o)
    0x080046ba   0x080046ba   0x00000000   Code   RO          297    .text               mc_w.l(iusefp.o)
    0x080046ba   0x080046ba   0x0000006e   Code   RO          298    .text               mf_w.l(fepilogue.o)
    0x08004728   0x08004728   0x000000ba   Code   RO          300    .text               mf_w.l(depilogue.o)
    0x080047e2   0x080047e2   0x00000002   PAD
    0x080047e4   0x080047e4   0x00000024   Code   RO          302    .text               mc_w.l(init.o)
    0x08004808   0x08004808   0x00000020   Code   RO          304    .text               mc_w.l(llushr.o)
    0x08004828   0x08004828   0x0000000e   Code   RO          308    i.__scatterload_copy  mc_w.l(handlers.o)
    0x08004836   0x08004836   0x00000002   Code   RO          309    i.__scatterload_null  mc_w.l(handlers.o)
    0x08004838   0x08004838   0x0000000e   Code   RO          310    i.__scatterload_zeroinit  mc_w.l(handlers.o)
    0x08004846   0x08004846   0x0000000c   Data   RO          141    .rodata..Lswitch.table.gpio_deinit.1  gd32f1x0_gpio.o
    0x08004852   0x08004852   0x00000008   Data   RO          179    .rodata.cst8        gd32f1x0_rcu.o
    0x0800485a   0x0800485a   0x00000008   Data   RO           35    .rodata.hall_to_pos  bldc.o
    0x08004862   0x08004862   0x00000002   PAD
    0x08004864   0x08004864   0x000002d4   Data   RO           10    .rodata.lookUpTableAngle  main.o
    0x08004b38   0x08004b38   0x00000020   Data   RO          307    Region$$Table       anon$$obj.o


    Execution Region RW_IRAM1 (Exec base: 0x20000000, Load base: 0x08004b58, Size: 0x00000510, Max: 0x00002000, ABSOLUTE)

    Exec Addr    Load Addr    Size         Type   Attr      Idx    E Section Name        Object

    0x20000000   0x08004b58   0x00000004   Data   RW          230    .data.SystemCoreClock  system_gd32f1x0.o
    0x20000004   0x08004b5c   0x00000004   Data   RW           22    .data.batteryVoltage  bldc.o
    0x20000008   0x08004b60   0x00000001   Data   RW            6    .data.beepsBackwards  main.o
    0x20000009   0x08004b61   0x00000001   PAD
    0x2000000a   0x08004b62   0x00000002   Data   RW           88    .data.iReceivePos   commssteering.o
    0x2000000c   0x08004b64   0x00000002   Data   RW           98    .data.iReceivePos   commsmasterslave.o
    0x2000000e   0x08004b66   0x00000002   Data   RW           33    .data.offsetdc      bldc.o
    0x20000010   0x08004b68   0x00000001   Data   RW           69    .data.timedOut      it.o
    0x20000011   0x08004b69   0x00000007   PAD
    0x20000018        -       0x00000007   Zero   RW           89    .bss.aReceiveBuffer  commssteering.o
    0x2000001f        -       0x0000000c   Zero   RW           99    .bss.aReceiveBuffer  commsmasterslave.o
    0x2000002b   0x08004b69   0x00000001   PAD
    0x2000002c        -       0x00000004   Zero   RW           36    .bss.adc_buffer     bldc.o
    0x20000030        -       0x00000001   Zero   RW           26    .bss.bldc_enable    bldc.o
    0x20000031   0x08004b69   0x00000001   PAD
    0x20000032        -       0x00000002   Zero   RW           25    .bss.bldc_inputFilterPwm  bldc.o
    0x20000034        -       0x00000002   Zero   RW           27    .bss.bldc_outputFilterPwm  bldc.o
    0x20000036        -       0x00000001   Zero   RW           29    .bss.buzzerFreq     bldc.o
    0x20000037        -       0x00000001   Zero   RW           30    .bss.buzzerPattern  bldc.o
    0x20000038        -       0x00000002   Zero   RW           31    .bss.buzzerTimer    bldc.o
    0x2000003a        -       0x00000001   Zero   RW           28    .bss.buzzerToggle   bldc.o
    0x2000003b   0x08004b69   0x00000001   PAD
    0x2000003c        -       0x00000004   Zero   RW           23    .bss.currentDC      bldc.o
    0x20000040        -       0x00000024   Zero   RW           57    .bss.dma_init_struct_adc  setup.o
    0x20000064        -       0x00000024   Zero   RW           58    .bss.dma_init_struct_usart  setup.o
    0x20000088        -       0x00000004   Zero   RW           42    .bss.filter_reg     bldc.o
    0x2000008c        -       0x00000001   Zero   RW           40    .bss.hall           bldc.o
    0x2000008d        -       0x00000001   Zero   RW           37    .bss.hall_a         bldc.o
    0x2000008e        -       0x00000001   Zero   RW           38    .bss.hall_b         bldc.o
    0x2000008f        -       0x00000001   Zero   RW           39    .bss.hall_c         bldc.o
    0x20000090        -       0x00000004   Zero   RW            8    .bss.inactivity_timeout_counter  main.o
    0x20000094        -       0x00000001   Zero   RW           43    .bss.lastPos        bldc.o
    0x20000095   0x08004b69   0x00000003   PAD
    0x20000098        -       0x00000004   Zero   RW           70    .bss.msTicks        it.o
    0x2000009c        -       0x0000000c   Zero   RW           11    .bss.oDataSlave     main.o
    0x200000a8        -       0x00000002   Zero   RW           32    .bss.offsetcount    bldc.o
    0x200000aa        -       0x00000001   Zero   RW           41    .bss.pos            bldc.o
    0x200000ab   0x08004b69   0x00000001   PAD
    0x200000ac        -       0x00000004   Zero   RW           24    .bss.realSpeed      bldc.o
    0x200000b0        -       0x00000004   Zero   RW            4    .bss.speed          main.o
    0x200000b4        -       0x00000004   Zero   RW           34    .bss.speedCounter   bldc.o
    0x200000b8        -       0x00000004   Zero   RW            3    .bss.steer          main.o
    0x200000bc        -       0x00000004   Zero   RW            9    .bss.steerCounter   main.o
    0x200000c0        -       0x00000004   Zero   RW           68    .bss.timeoutCounter_ms  it.o
    0x200000c4        -       0x00000010   Zero   RW           53    .bss.timeoutTimer_paramter_struct  setup.o
    0x200000d4        -       0x00000018   Zero   RW           56    .bss.timerBldc_break_parameter_struct  setup.o
    0x200000ec        -       0x00000010   Zero   RW           55    .bss.timerBldc_oc_parameter_struct  setup.o
    0x200000fc        -       0x00000010   Zero   RW           54    .bss.timerBldc_paramter_struct  setup.o
    0x2000010c        -       0x00000001   Zero   RW           59    .bss.usartMasterSlave_rx_buf  setup.o
    0x2000010d        -       0x00000001   Zero   RW           60    .bss.usartSteer_COM_rx_buf  setup.o
    0x2000010e   0x08004b69   0x00000002   PAD
    0x20000110        -       0x00000400   Zero   RW          219    STACK               startup_gd32f1x0.o


==============================================================================

Image component sizes


      Code (inc. data)   RO Data    RW Data    ZI Data      Debug   Object Name

      1020         12          8          6         38       3425   bldc.o
       108          0          0          0          0       1991   comms.o
       374          0          0          2         12       2935   commsmasterslave.o
       290          0          0          2          7       1552   commssteering.o
      1446         16          0          0          0       7588   gd32f1x0_adc.o
       844          8          0          0          0       6121   gd32f1x0_dma.o
       218          0          0          0          0       1989   gd32f1x0_fwdgt.o
       408          0         12          0          0       4197   gd32f1x0_gpio.o
       304          0          0          0          0       3099   gd32f1x0_misc.o
      1840         34          8          0          0      13466   gd32f1x0_rcu.o
      3424         44          0          0          0      18329   gd32f1x0_timer.o
      1598          8          0          0          0      11960   gd32f1x0_usart.o
       322          0          0          1          8       2521   it.o
      1502          0        724          1         28       6293   main.o
      1960          0          0          0        146       6006   setup.o
        36          8        360          0       1024        844   startup_gd32f1x0.o
       316         16          0          4          0       1592   system_gd32f1x0.o

    ----------------------------------------------------------------------
     16024        146       1146         20       1276      93908   Object Totals
         0          0         32          0          0          0   (incl. Generated)
        14          0          2          4         13          0   (incl. Padding)

    ----------------------------------------------------------------------

      Code (inc. data)   RO Data    RW Data    ZI Data      Debug   Library Member Name

         0          0          0          0          0          0   entry.o
         0          0          0          0          0          0   entry10a.o
         0          0          0          0          0          0   entry11a.o
         8          4          0          0          0          0   entry2.o
         4          0          0          0          0          0   entry5.o
         0          0          0          0          0          0   entry7b.o
         0          0          0          0          0          0   entry8b.o
         8          4          0          0          0          0   entry9a.o
        30          0          0          0          0          0   handlers.o
        36          8          0          0          0         68   init.o
         0          0          0          0          0          0   iusefp.o
        30          0          0          0          0         68   llshl.o
        36          0          0          0          0         68   llsshr.o
        32          0          0          0          0         68   llushr.o
        56          0          0          0          0         88   d2f.o
       334          0          0          0          0        148   dadd.o
        54          0          0          0          0         80   dcmpge.o
        54          0          0          0          0         80   dcmple.o
       222          0          0          0          0        100   ddiv.o
       186          0          0          0          0        176   depilogue.o
        34          0          0          0          0         76   dflti.o
        26          0          0          0          0         76   dfltui.o
       228          0          0          0          0         96   dmul.o
        38          0          0          0          0         68   f2d.o
       176          0          0          0          0        140   fadd.o
        28          0          0          0          0         68   fcmpge.o
        28          0          0          0          0         68   fcmpgt.o
        28          0          0          0          0         68   fcmple.o
        28          0          0          0          0         68   fcmplt.o
       124          0          0          0          0         88   fdiv.o
       110          0          0          0          0        168   fepilogue.o
        50          0          0          0          0         68   ffixi.o
        18          0          0          0          0         68   fflti.o
        10          0          0          0          0         68   ffltui.o
       100          0          0          0          0         76   fmul.o

    ----------------------------------------------------------------------
      2118         16          0          0          0       2208   Library Totals
         2          0          0          0          0          0   (incl. Padding)

    ----------------------------------------------------------------------

      Code (inc. data)   RO Data    RW Data    ZI Data      Debug   Library Name

       184         16          0          0          0        272   mc_w.l
      1932          0          0          0          0       1936   mf_w.l

    ----------------------------------------------------------------------
      2118         16          0          0          0       2208   Library Totals

    ----------------------------------------------------------------------

==============================================================================


      Code (inc. data)   RO Data    RW Data    ZI Data      Debug   

     18142        162       1146         20       1276      94824   Grand Totals
     18142        162       1146         20       1276      94824   ELF Image Totals
     18142        162       1146         20          0          0   ROM Totals

==============================================================================

    Total RO  Size (Code + RO Data)                19288 (  18.84kB)
    Total RW  Size (RW Data + ZI Data)              1296 (   1.27kB)
    Total ROM Size (Code + RO Data + RW Data)      19308 (  18.86kB)

==============================================================================

